Archive member included to satisfy reference by file (symbol)

c:/program files (x86)/atmel/studio/7.0/toolchain/avr8/avr8-gnu-toolchain/bin/../lib/gcc/avr/5.4.0/../../../../avr/lib/avr6\libm.a(addsf3.o)
                              DHT11/DHT11.o (__subsf3)
c:/program files (x86)/atmel/studio/7.0/toolchain/avr8/avr8-gnu-toolchain/bin/../lib/gcc/avr/5.4.0/../../../../avr/lib/avr6\libm.a(addsf3x.o)
                              c:/program files (x86)/atmel/studio/7.0/toolchain/avr8/avr8-gnu-toolchain/bin/../lib/gcc/avr/5.4.0/../../../../avr/lib/avr6\libm.a(addsf3.o) (__addsf3x)
c:/program files (x86)/atmel/studio/7.0/toolchain/avr8/avr8-gnu-toolchain/bin/../lib/gcc/avr/5.4.0/../../../../avr/lib/avr6\libm.a(cmpsf2.o)
                              DHT11/DHT11.o (__ltsf2)
c:/program files (x86)/atmel/studio/7.0/toolchain/avr8/avr8-gnu-toolchain/bin/../lib/gcc/avr/5.4.0/../../../../avr/lib/avr6\libm.a(floatsisf.o)
                              src/libraries/DHT_sensor_library/DHT.o (__floatunsisf)
c:/program files (x86)/atmel/studio/7.0/toolchain/avr8/avr8-gnu-toolchain/bin/../lib/gcc/avr/5.4.0/../../../../avr/lib/avr6\libm.a(fp_cmp.o)
                              c:/program files (x86)/atmel/studio/7.0/toolchain/avr8/avr8-gnu-toolchain/bin/../lib/gcc/avr/5.4.0/../../../../avr/lib/avr6\libm.a(cmpsf2.o) (__fp_cmp)
c:/program files (x86)/atmel/studio/7.0/toolchain/avr8/avr8-gnu-toolchain/bin/../lib/gcc/avr/5.4.0/../../../../avr/lib/avr6\libm.a(fp_inf.o)
                              c:/program files (x86)/atmel/studio/7.0/toolchain/avr8/avr8-gnu-toolchain/bin/../lib/gcc/avr/5.4.0/../../../../avr/lib/avr6\libm.a(addsf3x.o) (__fp_inf)
c:/program files (x86)/atmel/studio/7.0/toolchain/avr8/avr8-gnu-toolchain/bin/../lib/gcc/avr/5.4.0/../../../../avr/lib/avr6\libm.a(fp_nan.o)
                              c:/program files (x86)/atmel/studio/7.0/toolchain/avr8/avr8-gnu-toolchain/bin/../lib/gcc/avr/5.4.0/../../../../avr/lib/avr6\libm.a(addsf3x.o) (__fp_nan)
c:/program files (x86)/atmel/studio/7.0/toolchain/avr8/avr8-gnu-toolchain/bin/../lib/gcc/avr/5.4.0/../../../../avr/lib/avr6\libm.a(fp_pscA.o)
                              c:/program files (x86)/atmel/studio/7.0/toolchain/avr8/avr8-gnu-toolchain/bin/../lib/gcc/avr/5.4.0/../../../../avr/lib/avr6\libm.a(addsf3x.o) (__fp_pscA)
c:/program files (x86)/atmel/studio/7.0/toolchain/avr8/avr8-gnu-toolchain/bin/../lib/gcc/avr/5.4.0/../../../../avr/lib/avr6\libm.a(fp_pscB.o)
                              c:/program files (x86)/atmel/studio/7.0/toolchain/avr8/avr8-gnu-toolchain/bin/../lib/gcc/avr/5.4.0/../../../../avr/lib/avr6\libm.a(addsf3x.o) (__fp_pscB)
c:/program files (x86)/atmel/studio/7.0/toolchain/avr8/avr8-gnu-toolchain/bin/../lib/gcc/avr/5.4.0/../../../../avr/lib/avr6\libm.a(fp_round.o)
                              c:/program files (x86)/atmel/studio/7.0/toolchain/avr8/avr8-gnu-toolchain/bin/../lib/gcc/avr/5.4.0/../../../../avr/lib/avr6\libm.a(addsf3.o) (__fp_round)
c:/program files (x86)/atmel/studio/7.0/toolchain/avr8/avr8-gnu-toolchain/bin/../lib/gcc/avr/5.4.0/../../../../avr/lib/avr6\libm.a(fp_split3.o)
                              c:/program files (x86)/atmel/studio/7.0/toolchain/avr8/avr8-gnu-toolchain/bin/../lib/gcc/avr/5.4.0/../../../../avr/lib/avr6\libm.a(addsf3x.o) (__fp_split3)
c:/program files (x86)/atmel/studio/7.0/toolchain/avr8/avr8-gnu-toolchain/bin/../lib/gcc/avr/5.4.0/../../../../avr/lib/avr6\libm.a(fp_zero.o)
                              c:/program files (x86)/atmel/studio/7.0/toolchain/avr8/avr8-gnu-toolchain/bin/../lib/gcc/avr/5.4.0/../../../../avr/lib/avr6\libm.a(addsf3x.o) (__fp_zero)
c:/program files (x86)/atmel/studio/7.0/toolchain/avr8/avr8-gnu-toolchain/bin/../lib/gcc/avr/5.4.0/../../../../avr/lib/avr6\libm.a(gesf2.o)
                              src/libraries/DHT_sensor_library/DHT.o (__gesf2)
c:/program files (x86)/atmel/studio/7.0/toolchain/avr8/avr8-gnu-toolchain/bin/../lib/gcc/avr/5.4.0/../../../../avr/lib/avr6\libm.a(mulsf3.o)
                              src/libraries/DHT_sensor_library/DHT.o (__mulsf3)
c:/program files (x86)/atmel/studio/7.0/toolchain/avr8/avr8-gnu-toolchain/bin/../lib/gcc/avr/5.4.0/../../../../avr/lib/avr6\libm.a(mulsf3x.o)
                              c:/program files (x86)/atmel/studio/7.0/toolchain/avr8/avr8-gnu-toolchain/bin/../lib/gcc/avr/5.4.0/../../../../avr/lib/avr6\libm.a(mulsf3.o) (__mulsf3x)
c:/program files (x86)/atmel/studio/7.0/toolchain/avr8/avr8-gnu-toolchain/bin/../lib/gcc/avr/5.4.0/../../../../avr/lib/avr6\libm.a(sqrt.o)
                              src/libraries/DHT_sensor_library/DHT.o (sqrt)
c:/program files (x86)/atmel/studio/7.0/toolchain/avr8/avr8-gnu-toolchain/bin/../lib/gcc/avr/5.4.0/../../../../avr/lib/avr6\libm.a(fp_mpack.o)
                              c:/program files (x86)/atmel/studio/7.0/toolchain/avr8/avr8-gnu-toolchain/bin/../lib/gcc/avr/5.4.0/../../../../avr/lib/avr6\libm.a(sqrt.o) (__fp_mpack)
[...]
Memory Configuration

Name             Origin             Length             Attributes
text             0x00000000         0x00040000         xr
data             0x00800200         0x00002000         rw !x
eeprom           0x00810000         0x00001000         rw !x
fuse             0x00820000         0x00000003         rw !x
lock             0x00830000         0x00000400         rw !x
signature        0x00840000         0x00000400         rw !x
user_signatures  0x00850000         0x00000400         rw !x
*default*        0x00000000         0xffffffff

Linker script and memory map

Address of section .data set to 0x800200
LOAD C:/Program Files (x86)/Atmel/Studio/7.0/Packs/atmel/ATmega_DFP/1.6.364/gcc/dev/atmega2560/avr6/crtatmega2560.o
LOAD DHT11/DHT11.o
LOAD LCD/LCD.o
LOAD Light/Light.o
LOAD Main.o
LOAD Menu/Menu.o
LOAD Moters/FanMoter.o
LOAD NFC/KeyCardAccess.o
LOAD src/libraries/Adafruit_BusIO/Adafruit_BusIO_Register.o
LOAD src/libraries/Adafruit_BusIO/Adafruit_I2CDevice.o
LOAD src/libraries/Adafruit_BusIO/Adafruit_SPIDevice.o
LOAD src/libraries/Adafruit_GFX_Library/Adafruit_GFX.o
LOAD src/libraries/Adafruit_GFX_Library/Adafruit_GrayOLED.o
LOAD src/libraries/Adafruit_GFX_Library/Adafruit_SPITFT.o
LOAD src/libraries/Adafruit_GFX_Library/examples/GFXcanvas/GFXcanvasSerialDemo.o
LOAD src/libraries/Adafruit_GFX_Library/fontconvert/fontconvert.o
LOAD src/libraries/Adafruit_GFX_Library/glcdfont.o
LOAD src/libraries/Adafruit_SSD1306/Adafruit_SSD1306.o
LOAD src/libraries/Adafruit_Unified_Sensor/Adafruit_Sensor.o
LOAD src/libraries/DHT_sensor_library/DHT.o
LOAD src/libraries/DHT_sensor_library/DHT_U.o
LOAD src/libraries/DS3231/DS3231.o
LOAD src/libraries/Keypad/src/Key.o
LOAD src/libraries/Keypad/src/Keypad.o
LOAD src/libraries/LiquidCrystal/src/LiquidCrystal.o
LOAD src/libraries/MFRC522/src/MFRC522.o
LOAD src/libraries/MFRC522/src/MFRC522Extended.o
LOAD src/libraries/Servo/src/avr/Servo.o
LOAD src/libraries/Servo/src/mbed/Servo.o
LOAD src/libraries/Servo/src/megaavr/Servo.o
LOAD src/libraries/Servo/src/nrf52/Servo.o
LOAD src/libraries/Servo/src/samd/Servo.o
LOAD src/libraries/Servo/src/sam/Servo.o
LOAD src/libraries/Servo/src/stm32f4/Servo.o
LOAD src/libraries/SPI/src/SPI.o
LOAD src/libraries/TimerOne/TimerOne.o
LOAD src/libraries/TimerThree/TimerThree.o
LOAD src/libraries/Wire/src/utility/twi.o
LOAD src/libraries/Wire/src/Wire.o
LOAD TimeAndDate/TimeAndDate.o
START GROUP
LOAD c:/program files (x86)/atmel/studio/7.0/toolchain/avr8/avr8-gnu-toolchain/bin/../lib/gcc/avr/5.4.0/../../../../avr/lib/avr6\libm.a
LOAD C:\skole\eux\H3\embaded\Embedded_2\Det_Intelligente_Hus\Det_Intelligente_Hus\ArduinoCore\Debug\libArduinoCore.a
END GROUP
LOAD c:/program files (x86)/atmel/studio/7.0/toolchain/avr8/avr8-gnu-toolchain/bin/../lib/gcc/avr/5.4.0/avr6\libgcc.a
LOAD c:/program files (x86)/atmel/studio/7.0/toolchain/avr8/avr8-gnu-toolchain/bin/../lib/gcc/avr/5.4.0/../../../../avr/lib/avr6\libm.a
START GROUP
LOAD c:/program files (x86)/atmel/studio/7.0/toolchain/avr8/avr8-gnu-toolchain/bin/../lib/gcc/avr/5.4.0/avr6\libgcc.a
LOAD c:/program files (x86)/atmel/studio/7.0/toolchain/avr8/avr8-gnu-toolchain/bin/../lib/gcc/avr/5.4.0/../../../../avr/lib/avr6\libm.a
LOAD c:/program files (x86)/atmel/studio/7.0/toolchain/avr8/avr8-gnu-toolchain/bin/../lib/gcc/avr/5.4.0/../../../../avr/lib/avr6\libc.a
LOAD C:/Program Files (x86)/Atmel/Studio/7.0/Packs/atmel/ATmega_DFP/1.6.364/gcc/dev/atmega2560/avr6\libatmega2560.a
END GROUP
                0x00000000                __TEXT_REGION_ORIGIN__ = DEFINED (__TEXT_REGION_ORIGIN__)?__TEXT_REGION_ORIGIN__:0x0
                [0x00800200]                __DATA_REGION_ORIGIN__ = DEFINED (__DATA_REGION_ORIGIN__)?__DATA_REGION_ORIGIN__:0x800200
                [0x00040000]                __TEXT_REGION_LENGTH__ = DEFINED (__TEXT_REGION_LENGTH__)?__TEXT_REGION_LENGTH__:0x100000
                [0x00002000]                __DATA_REGION_LENGTH__ = DEFINED (__DATA_REGION_LENGTH__)?__DATA_REGION_LENGTH__:0xfe00
                [0x00001000]                __EEPROM_REGION_LENGTH__ = DEFINED (__EEPROM_REGION_LENGTH__)?__EEPROM_REGION_LENGTH__:0x10000
                [0x00000003]                __FUSE_REGION_LENGTH__ = DEFINED (__FUSE_REGION_LENGTH__)?__FUSE_REGION_LENGTH__:0x400
                0x00000400                __LOCK_REGION_LENGTH__ = DEFINED (__LOCK_REGION_LENGTH__)?__LOCK_REGION_LENGTH__:0x400
                0x00000400                __SIGNATURE_REGION_LENGTH__ = DEFINED (__SIGNATURE_REGION_LENGTH__)?__SIGNATURE_REGION_LENGTH__:0x400
                0x00000400                __USER_SIGNATURE_REGION_LENGTH__ = DEFINED (__USER_SIGNATURE_REGION_LENGTH__)?__USER_SIGNATURE_REGION_LENGTH__:0x400

.hash
 *(.hash)

.dynsym
 *(.dynsym)

.dynstr
 *(.dynstr)

.gnu.version
 *(.gnu.version)

.gnu.version_d
 *(.gnu.version_d)

.gnu.version_r
 *(.gnu.version_r)

.rel.init
 *(.rel.init)

.rela.init
 *(.rela.init)

.rel.text
 *(.rel.text)
 *(.rel.text.*)
 *(.rel.gnu.linkonce.t*)

.rela.text
 *(.rela.text)
 *(.rela.text.*)
 *(.rela.gnu.linkonce.t*)

.rel.fini
 *(.rel.fini)

.rela.fini
 *(.rela.fini)

.rel.rodata
 *(.rel.rodata)
 *(.rel.rodata.*)
 *(.rel.gnu.linkonce.r*)

.rela.rodata
 *(.rela.rodata)
 *(.rela.rodata.*)
 *(.rela.gnu.linkonce.r*)

.rel.data
 *(.rel.data)
 *(.rel.data.*)
 *(.rel.gnu.linkonce.d*)

.rela.data
 *(.rela.data)
 *(.rela.data.*)
 *(.rela.gnu.linkonce.d*)

.rel.ctors
 *(.rel.ctors)

.rela.ctors
 *(.rela.ctors)

.rel.dtors
 *(.rel.dtors)

.rela.dtors
 *(.rela.dtors)

.rel.got
 *(.rel.got)

.rela.got
 *(.rela.got)

.rel.bss
 *(.rel.bss)

.rela.bss
 *(.rela.bss)

.rel.plt
 *(.rel.plt)

.rela.plt
 *(.rela.plt)

.text           0x00000000     0x7670
 *(.vectors)
 .vectors       0x00000000       0xe4 C:/Program Files (x86)/Atmel/Studio/7.0/Packs/atmel/ATmega_DFP/1.6.364/gcc/dev/atmega2560/avr6/crtatmega2560.o
                0x00000000                __vector_default
                0x00000000                __vectors
 *(.vectors)
 *(.progmem.gcc*)
 .progmem.gcc_sw_table.analogWrite
                0x000000e4       0x24 C:\skole\eux\H3\embaded\Embedded_2\Det_Intelligente_Hus\Det_Intelligente_Hus\ArduinoCore\Debug\libArduinoCore.a(wiring_analog.o)
 .progmem.gcc_sw_table.turnOffPWM
                0x00000108       0x24 C:\skole\eux\H3\embaded\Embedded_2\Det_Intelligente_Hus\Det_Intelligente_Hus\ArduinoCore\Debug\libArduinoCore.a(wiring_digital.o)
                0x0000012c                . = ALIGN (0x2)
                0x0000012c                __trampolines_start = .
 *(.trampolines)
 .trampolines   0x0000012c        0x0 linker stubs
 *(.trampolines*)
                0x0000012c                __trampolines_end = .
 *libprintf_flt.a:*(.progmem.data)
 *libc.a:*(.progmem.data)
 *(.progmem*)
 .progmem.data._ZZ16LCDPrintHumidityfE3__c_0
                0x0000012c        0x2 LCD/LCD.o
 .progmem.data._ZZ16LCDPrintHumidityfE3__c
                0x0000012e        0xb LCD/LCD.o
 .progmem.data._ZZ12LCDPrintTempfE3__c
                0x00000139        0xd LCD/LCD.o
 .progmem.data._ZZ5setupE3__c
                0x00000146       0x1a Main.o
 .progmem.data._ZZ11DisplayMenuvE3__c_2
                0x00000160        0xc Menu/Menu.o
 .progmem.data._ZZ11DisplayMenuvE3__c_1
                0x0000016c        0xe Menu/Menu.o
 .progmem.data._ZZ11DisplayMenuvE3__c_0
                0x0000017a       0x11 Menu/Menu.o
 .progmem.data._ZZ11DisplayMenuvE3__c
                0x0000018b        0x5 Menu/Menu.o
 .progmem.data._ZL4font
                0x00000190      0x500 src/libraries/Adafruit_GFX_Library/Adafruit_GFX.o
 .progmem.data._ZZN16Adafruit_SSD13067displayEvE6dlist1
                0x00000690        0x5 src/libraries/Adafruit_SSD1306/Adafruit_SSD1306.o
 .progmem.data._ZZN16Adafruit_SSD130621drawFastVLineInternalEiiijE8postmask
                0x00000695        0x8 src/libraries/Adafruit_SSD1306/Adafruit_SSD1306.o
 .progmem.data._ZZN16Adafruit_SSD130621drawFastVLineInternalEiiijE7premask
                0x0000069d        0x8 src/libraries/Adafruit_SSD1306/Adafruit_SSD1306.o
 .progmem.data._ZZN16Adafruit_SSD13065beginEhhbbE5init5
                0x000006a5        0x6 src/libraries/Adafruit_SSD1306/Adafruit_SSD1306.o
 .progmem.data._ZZN16Adafruit_SSD13065beginEhhbbE5init3
                0x000006ab        0x4 src/libraries/Adafruit_SSD1306/Adafruit_SSD1306.o
 .progmem.data._ZZN16Adafruit_SSD13065beginEhhbbE5init2
                0x000006af        0x4 src/libraries/Adafruit_SSD1306/Adafruit_SSD1306.o
 .progmem.data._ZZN16Adafruit_SSD13065beginEhhbbE5init1
                0x000006b3        0x4 src/libraries/Adafruit_SSD1306/Adafruit_SSD1306.o
 .progmem.data._ZL12splash2_data
                0x000006b7      0x1e0 src/libraries/Adafruit_SSD1306/Adafruit_SSD1306.o
 .progmem.data._ZL12splash1_data
                0x00000897      0x2c0 src/libraries/Adafruit_SSD1306/Adafruit_SSD1306.o
 .progmem.data._ZL9daysArray
                0x00000b57        0xc src/libraries/DS3231/DS3231.o
 .progmem.data.digital_pin_to_timer_PGM
                0x00000b63       0x46 C:\skole\eux\H3\embaded\Embedded_2\Det_Intelligente_Hus\Det_Intelligente_Hus\ArduinoCore\Debug\libArduinoCore.a(wiring_digital.o)
                0x00000b63                digital_pin_to_timer_PGM
 .progmem.data.digital_pin_to_bit_mask_PGM
                0x00000ba9       0x46 C:\skole\eux\H3\embaded\Embedded_2\Det_Intelligente_Hus\Det_Intelligente_Hus\ArduinoCore\Debug\libArduinoCore.a(wiring_digital.o)
                0x00000ba9                digital_pin_to_bit_mask_PGM
 .progmem.data.digital_pin_to_port_PGM
                0x00000bef       0x46 C:\skole\eux\H3\embaded\Embedded_2\Det_Intelligente_Hus\Det_Intelligente_Hus\ArduinoCore\Debug\libArduinoCore.a(wiring_digital.o)
                0x00000bef                digital_pin_to_port_PGM
 .progmem.data.port_to_input_PGM
                0x00000c35       0x1a C:\skole\eux\H3\embaded\Embedded_2\Det_Intelligente_Hus\Det_Intelligente_Hus\ArduinoCore\Debug\libArduinoCore.a(wiring_digital.o)
                0x00000c35                port_to_input_PGM
 .progmem.data.port_to_output_PGM
                0x00000c4f       0x1a C:\skole\eux\H3\embaded\Embedded_2\Det_Intelligente_Hus\Det_Intelligente_Hus\ArduinoCore\Debug\libArduinoCore.a(wiring_digital.o)
                0x00000c4f                port_to_output_PGM
 .progmem.data.port_to_mode_PGM
                0x00000c69       0x1a C:\skole\eux\H3\embaded\Embedded_2\Det_Intelligente_Hus\Det_Intelligente_Hus\ArduinoCore\Debug\libArduinoCore.a(wiring_digital.o)
                0x00000c69                port_to_mode_PGM
                0x00000c84                . = ALIGN (0x2)
 *fill*         0x00000c83        0x1 
 *(.jumptables)
 *(.jumptables*)
 *(.lowtext)
 *(.lowtext*)
                0x00000c84                __ctors_start = .
 *(.ctors)
 .ctors         0x00000c84        0x2 DHT11/DHT11.o
 .ctors         0x00000c86        0x2 LCD/LCD.o
 .ctors         0x00000c88        0x2 Menu/Menu.o
 .ctors         0x00000c8a        0x2 NFC/KeyCardAccess.o
 .ctors         0x00000c8c        0x2 src/libraries/Wire/src/Wire.o
 .ctors         0x00000c8e        0x2 C:\skole\eux\H3\embaded\Embedded_2\Det_Intelligente_Hus\Det_Intelligente_Hus\ArduinoCore\Debug\libArduinoCore.a(HardwareSerial0.o)
                0x00000c90                __ctors_end = .
                0x00000c90                __dtors_start = .
 *(.dtors)
 .dtors         0x00000c90        0x2 Menu/Menu.o
                0x00000c92                __dtors_end = .
 SORT(*)(.ctors)
 SORT(*)(.dtors)
 *(.init0)
 .init0         0x00000c92        0x0 C:/Program Files (x86)/Atmel/Studio/7.0/Packs/atmel/ATmega_DFP/1.6.364/gcc/dev/atmega2560/avr6/crtatmega2560.o
                0x00000c92                __init
 *(.init0)
 *(.init1)
 *(.init1)
 *(.init2)
 .init2         0x00000c92       0x10 C:/Program Files (x86)/Atmel/Studio/7.0/Packs/atmel/ATmega_DFP/1.6.364/gcc/dev/atmega2560/avr6/crtatmega2560.o
 *(.init2)
 *(.init3)
 *(.init3)
 *(.init4)
 .init4         0x00000ca2       0x1a c:/program files (x86)/atmel/studio/7.0/toolchain/avr8/avr8-gnu-toolchain/bin/../lib/gcc/avr/5.4.0/avr6\libgcc.a(_copy_data.o)
                0x00000ca2                __do_copy_data
 .init4         0x00000cbc       0x10 c:/program files (x86)/atmel/studio/7.0/toolchain/avr8/avr8-gnu-toolchain/bin/../lib/gcc/avr/5.4.0/avr6\libgcc.a(_clear_bss.o)
                0x00000cbc                __do_clear_bss
 *(.init4)
 *(.init5)
 *(.init5)
 *(.init6)
 .init6         0x00000ccc       0x20 c:/program files (x86)/atmel/studio/7.0/toolchain/avr8/avr8-gnu-toolchain/bin/../lib/gcc/avr/5.4.0/avr6\libgcc.a(_ctors.o)
                0x00000ccc                __do_global_ctors
 *(.init6)
 *(.init7)
 *(.init7)
 *(.init8)
 *(.init8)
 *(.init9)
 .init9         0x00000cec        0x8 C:/Program Files (x86)/Atmel/Studio/7.0/Packs/atmel/ATmega_DFP/1.6.364/gcc/dev/atmega2560/avr6/crtatmega2560.o
 *(.init9)
 *(.text)
 .text          0x00000cf4        0x2 C:/Program Files (x86)/Atmel/Studio/7.0/Packs/atmel/ATmega_DFP/1.6.364/gcc/dev/atmega2560/avr6/crtatmega2560.o
                0x00000cf4                __vector_38
                0x00000cf4                __vector_22
                0x00000cf4                __vector_28
                0x00000cf4                __vector_1
                0x00000cf4                __vector_34
                0x00000cf4                __vector_24
                0x00000cf4                __vector_12
                0x00000cf4                __vector_55
                0x00000cf4                __vector_46
                0x00000cf4                __bad_interrupt
                0x00000cf4                __vector_6
                0x00000cf4                __vector_31
                0x00000cf4                __vector_3
                0x00000cf4                __vector_30
                0x00000cf4                __vector_45
                0x00000cf4                __vector_11
                0x00000cf4                __vector_54
                0x00000cf4                __vector_13
                0x00000cf4                __vector_19
                0x00000cf4                __vector_56
                0x00000cf4                __vector_7
                0x00000cf4                __vector_49
                0x00000cf4                __vector_41
                0x00000cf4                __vector_43
                0x00000cf4                __vector_27
                0x00000cf4                __vector_5
                0x00000cf4                __vector_33
                0x00000cf4                __vector_52
                0x00000cf4                __vector_37
                0x00000cf4                __vector_4
                0x00000cf4                __vector_44
                0x00000cf4                __vector_51
                0x00000cf4                __vector_9
                0x00000cf4                __vector_2
                0x00000cf4                __vector_21
                0x00000cf4                __vector_15
                0x00000cf4                __vector_36
                0x00000cf4                __vector_29
                0x00000cf4                __vector_40
                0x00000cf4                __vector_8
                0x00000cf4                __vector_48
                0x00000cf4                __vector_14
                0x00000cf4                __vector_53
                0x00000cf4                __vector_10
                0x00000cf4                __vector_50
                0x00000cf4                __vector_16
                0x00000cf4                __vector_18
                0x00000cf6                . = ALIGN (0x2)
 *(.text.*)
 .text._Z8GetHumidv
                0x00000cf6        0xa DHT11/DHT11.o
                0x00000cf6                _Z8GetHumidv
 .text._Z7GetTempv
                0x00000d00        0xc DHT11/DHT11.o
                0x00000d00                _Z7GetTempv
 .text._Z7TooColdv
                0x00000d0c        0x8 DHT11/DHT11.o
                0x00000d0c                _Z7TooColdv
 .text._Z6TooHotv
                0x00000d14        0x8 DHT11/DHT11.o
                0x00000d14                _Z6TooHotv
 .text._Z11PerfektTempv
                0x00000d1c        0x8 DHT11/DHT11.o
                0x00000d1c                _Z11PerfektTempv
 .text._Z14TjekTempInHousv
                0x00000d24      0x114 DHT11/DHT11.o
                0x00000d24                _Z14TjekTempInHousv
 .text.startup._GLOBAL__sub_I_SetNumber
                0x00000e38        0xe DHT11/DHT11.o
 .text._Z12LCDPrintTempf
                0x00000e46       0x42 LCD/LCD.o
                0x00000e46                _Z12LCDPrintTempf
 .text._Z16LCDPrintHumidityf
                0x00000e88       0x44 LCD/LCD.o
                0x00000e88                _Z16LCDPrintHumidityf
 .text._Z19LCDPrintTimeAndDate11RTCDateTime
                0x00000ecc      0x122 LCD/LCD.o
                0x00000ecc                _Z19LCDPrintTimeAndDate11RTCDateTime
 .text.startup._GLOBAL__sub_I_rs
                0x00000fee       0x2e LCD/LCD.o
 .text._Z15ChangeRGBAnalogv
                0x0000101c       0xea Light/Light.o
                0x0000101c                _Z15ChangeRGBAnalogv
 .text._Z12TurnOnRedLEDv
                0x00001106        0x8 Light/Light.o
                0x00001106                _Z12TurnOnRedLEDv
 .text._Z14TurnOnGreenLEDv
                0x0000110e        0x8 Light/Light.o
                0x0000110e                _Z14TurnOnGreenLEDv
 .text._Z13TurnOnBlueLEDv
                0x00001116        0x8 Light/Light.o
                0x00001116                _Z13TurnOnBlueLEDv
 .text._Z13TurnOFFRedLEDv
                0x0000111e        0x8 Light/Light.o
                0x0000111e                _Z13TurnOFFRedLEDv
 .text._Z15TurnOFFGreenLEDv
                0x00001126        0x8 Light/Light.o
                0x00001126                _Z15TurnOFFGreenLEDv
 .text._Z14TurnOFFBlueLEDv
                0x0000112e        0x8 Light/Light.o
                0x0000112e                _Z14TurnOFFBlueLEDv
 .text.setup    0x00001136       0xce Main.o
                0x00001136                setup
 .text.loop     0x00001204      0x144 Main.o
                0x00001204                loop
 .text._Z11DisplayMenuv
                0x00001348       0x84 Menu/Menu.o
                0x00001348                _Z11DisplayMenuv
 .text._Z4MenucPb
                0x000013cc       0x60 Menu/Menu.o
                0x000013cc                _Z4MenucPb
 .text.startup._GLOBAL__sub_I_display
                0x0000142c       0x6c Menu/Menu.o
 .text.exit._GLOBAL__sub_D_display
                0x00001498        0x8 Menu/Menu.o
 .text._Z11TempTooColdv
                0x000014a0       0x68 Moters/FanMoter.o
                0x000014a0                _Z11TempTooColdv
 .text._Z10TempTooHotv
                0x00001508       0x9c Moters/FanMoter.o
                0x00001508                _Z10TempTooHotv
 .text._Z11TempPerfektv
                0x000015a4       0x9c Moters/FanMoter.o
                0x000015a4                _Z11TempPerfektv
 .text._Z7ReadUIDv
                0x00001640       0x98 NFC/KeyCardAccess.o
                0x00001640                _Z7ReadUIDv
 .text._Z12CheckKeyCard6StringPb
                0x000016d8       0x82 NFC/KeyCardAccess.o
                0x000016d8                _Z12CheckKeyCard6StringPb
 .text.startup._GLOBAL__sub_I_mfrc522
                0x0000175a        0xc NFC/KeyCardAccess.o
 .text._ZN8SPIClass16beginTransactionE11SPISettings
                0x00001766       0x34 src/libraries/Adafruit_BusIO/Adafruit_SPIDevice.o
                0x00001766                _ZN8SPIClass16beginTransactionE11SPISettings
 .text._ZN8SPIClass14endTransactionEv
                0x0000179a       0x22 src/libraries/Adafruit_BusIO/Adafruit_SPIDevice.o
                0x0000179a                _ZN8SPIClass14endTransactionEv
 .text._ZN5Print17availableForWriteEv
                0x000017bc        0x6 src/libraries/Adafruit_GFX_Library/Adafruit_GFX.o
                0x000017bc                _ZN5Print17availableForWriteEv
 .text._ZN5Print5flushEv
                0x000017c2        0x2 src/libraries/Adafruit_GFX_Library/Adafruit_GFX.o
                0x000017c2                _ZN5Print5flushEv
 .text._ZN12Adafruit_GFX9writeLineEiiiij
                0x000017c4      0x162 src/libraries/Adafruit_GFX_Library/Adafruit_GFX.o
                0x000017c4                _ZN12Adafruit_GFX9writeLineEiiiij
 .text._ZN12Adafruit_GFX10writePixelEiij
                0x00001926        0xe src/libraries/Adafruit_GFX_Library/Adafruit_GFX.o
                0x00001926                _ZN12Adafruit_GFX10writePixelEiij
 .text._ZN12Adafruit_GFX14writeFastVLineEiiij
                0x00001934       0x18 src/libraries/Adafruit_GFX_Library/Adafruit_GFX.o
                0x00001934                _ZN12Adafruit_GFX14writeFastVLineEiiij
 .text._ZN12Adafruit_GFX14writeFastHLineEiiij
                0x0000194c       0x18 src/libraries/Adafruit_GFX_Library/Adafruit_GFX.o
                0x0000194c                _ZN12Adafruit_GFX14writeFastHLineEiiij
 .text._ZN12Adafruit_GFX13writeFillRectEiiiij
                0x00001964       0x20 src/libraries/Adafruit_GFX_Library/Adafruit_GFX.o
                0x00001964                _ZN12Adafruit_GFX13writeFillRectEiiiij
 .text._ZN12Adafruit_GFX8endWriteEv
                0x00001984        0x2 src/libraries/Adafruit_GFX_Library/Adafruit_GFX.o
                0x00001984                _ZN12Adafruit_GFX10startWriteEv
                0x00001984                _ZN12Adafruit_GFX8endWriteEv
 .text._ZN12Adafruit_GFX13drawFastVLineEiiij
                0x00001986       0x72 src/libraries/Adafruit_GFX_Library/Adafruit_GFX.o
                0x00001986                _ZN12Adafruit_GFX13drawFastVLineEiiij
 .text._ZN12Adafruit_GFX13drawFastHLineEiiij
                0x000019f8       0x72 src/libraries/Adafruit_GFX_Library/Adafruit_GFX.o
                0x000019f8                _ZN12Adafruit_GFX13drawFastHLineEiiij
 .text._ZN12Adafruit_GFX8fillRectEiiiij
                0x00001a6a       0x8a src/libraries/Adafruit_GFX_Library/Adafruit_GFX.o
                0x00001a6a                _ZN12Adafruit_GFX8fillRectEiiiij
 .text._ZN12Adafruit_GFX10fillScreenEj
                0x00001af4       0x3a src/libraries/Adafruit_GFX_Library/Adafruit_GFX.o
                0x00001af4                _ZN12Adafruit_GFX10fillScreenEj
 .text._ZN12Adafruit_GFX8drawLineEiiiij
                0x00001b2e       0xda src/libraries/Adafruit_GFX_Library/Adafruit_GFX.o
                0x00001b2e                _ZN12Adafruit_GFX8drawLineEiiiij
 .text._ZN12Adafruit_GFX8drawRectEiiiij
                0x00001c08       0xbe src/libraries/Adafruit_GFX_Library/Adafruit_GFX.o
                0x00001c08                _ZN12Adafruit_GFX8drawRectEiiiij
 .text._ZN12Adafruit_GFX13invertDisplayEb
                0x00001cc6        0x2 src/libraries/Adafruit_GFX_Library/Adafruit_GFX.o
                0x00001cc6                _ZN12Adafruit_GFX13invertDisplayEb
 .text._ZN12Adafruit_GFX11setRotationEh
                0x00001cc8       0x2a src/libraries/Adafruit_GFX_Library/Adafruit_GFX.o
                0x00001cc8                _ZN12Adafruit_GFX11setRotationEh
 .text._ZN12Adafruit_GFXC2Eii
                0x00001cf2       0x44 src/libraries/Adafruit_GFX_Library/Adafruit_GFX.o
                0x00001cf2                _ZN12Adafruit_GFXC2Eii
                0x00001cf2                _ZN12Adafruit_GFXC1Eii
 .text._ZN12Adafruit_GFX10drawBitmapEiiPKhiij
                0x00001d36      0x13c src/libraries/Adafruit_GFX_Library/Adafruit_GFX.o
                0x00001d36                _ZN12Adafruit_GFX10drawBitmapEiiPKhiij
 .text._ZN12Adafruit_GFX8drawCharEiihjjhh
                0x00001e72      0x46a src/libraries/Adafruit_GFX_Library/Adafruit_GFX.o
                0x00001e72                _ZN12Adafruit_GFX8drawCharEiihjjhh
 .text._ZN12Adafruit_GFX5writeEh
                0x000022dc      0x1ac src/libraries/Adafruit_GFX_Library/Adafruit_GFX.o
                0x000022dc                _ZN12Adafruit_GFX5writeEh
 .text._ZN12Adafruit_GFX11setTextSizeEhh
                0x00002488       0x16 src/libraries/Adafruit_GFX_Library/Adafruit_GFX.o
                0x00002488                _ZN12Adafruit_GFX11setTextSizeEhh
 .text._ZN12Adafruit_GFX11setTextSizeEh
                0x0000249e        0x4 src/libraries/Adafruit_GFX_Library/Adafruit_GFX.o
                0x0000249e                _ZN12Adafruit_GFX11setTextSizeEh
 .text._ZN16Adafruit_SSD13069drawPixelEiij
                0x000024a2      0x17a src/libraries/Adafruit_SSD1306/Adafruit_SSD1306.o
                0x000024a2                _ZN16Adafruit_SSD13069drawPixelEiij
 .text._ZN8SPIClass8transferEh
                0x0000261c        0xe src/libraries/Adafruit_SSD1306/Adafruit_SSD1306.o
                0x0000261c                _ZN8SPIClass8transferEh
 .text._ZN16Adafruit_SSD1306C2EhhP7TwoWireamm
                0x0000262a       0x94 src/libraries/Adafruit_SSD1306/Adafruit_SSD1306.o
                0x0000262a                _ZN16Adafruit_SSD1306C2EhhP7TwoWireamm
                0x0000262a                _ZN16Adafruit_SSD1306C1EhhP7TwoWireamm
 .text._ZN16Adafruit_SSD1306D2Ev
                0x000026be       0x18 src/libraries/Adafruit_SSD1306/Adafruit_SSD1306.o
                0x000026be                _ZN16Adafruit_SSD1306D1Ev
                0x000026be                _ZN16Adafruit_SSD1306D2Ev
 .text._ZN16Adafruit_SSD130616ssd1306_command1Eh
                0x000026d6       0xc0 src/libraries/Adafruit_SSD1306/Adafruit_SSD1306.o
                0x000026d6                _ZN16Adafruit_SSD130616ssd1306_command1Eh
 .text._ZN16Adafruit_SSD130613invertDisplayEb
                0x00002796       0x8c src/libraries/Adafruit_SSD1306/Adafruit_SSD1306.o
                0x00002796                _ZN16Adafruit_SSD130613invertDisplayEb
 .text._ZN16Adafruit_SSD130619ssd1306_commandListEPKhh
                0x00002822      0x14e src/libraries/Adafruit_SSD1306/Adafruit_SSD1306.o
                0x00002822                _ZN16Adafruit_SSD130619ssd1306_commandListEPKhh
 .text._ZN16Adafruit_SSD130612clearDisplayEv
                0x00002970       0x3c src/libraries/Adafruit_SSD1306/Adafruit_SSD1306.o
                0x00002970                _ZN16Adafruit_SSD130612clearDisplayEv
 .text._ZN16Adafruit_SSD13065beginEhhbb
                0x000029ac      0x386 src/libraries/Adafruit_SSD1306/Adafruit_SSD1306.o
                0x000029ac                _ZN16Adafruit_SSD13065beginEhhbb
 .text._ZN16Adafruit_SSD130621drawFastHLineInternalEiiij
                0x00002d32       0xe0 src/libraries/Adafruit_SSD1306/Adafruit_SSD1306.o
                0x00002d32                _ZN16Adafruit_SSD130621drawFastHLineInternalEiiij
 .text._ZN16Adafruit_SSD130621drawFastVLineInternalEiiij
                0x00002e12      0x16a src/libraries/Adafruit_SSD1306/Adafruit_SSD1306.o
                0x00002e12                _ZN16Adafruit_SSD130621drawFastVLineInternalEiiij
 .text._ZN16Adafruit_SSD130613drawFastHLineEiiij
                0x00002f7c       0x7e src/libraries/Adafruit_SSD1306/Adafruit_SSD1306.o
                0x00002f7c                _ZN16Adafruit_SSD130613drawFastHLineEiiij
 .text._ZN16Adafruit_SSD130613drawFastVLineEiiij
                0x00002ffa       0x80 src/libraries/Adafruit_SSD1306/Adafruit_SSD1306.o
                0x00002ffa                _ZN16Adafruit_SSD130613drawFastVLineEiiij
 .text._ZN16Adafruit_SSD13067displayEv
                0x0000307a      0x1de src/libraries/Adafruit_SSD1306/Adafruit_SSD1306.o
                0x0000307a                _ZN16Adafruit_SSD13067displayEv
 .text._ZN3DHTC2Ehhh
                0x00003258       0x42 src/libraries/DHT_sensor_library/DHT.o
                0x00003258                _ZN3DHTC1Ehhh
                0x00003258                _ZN3DHTC2Ehhh
 .text._ZN3DHT5beginEh
                0x0000329a       0x34 src/libraries/DHT_sensor_library/DHT.o
                0x0000329a                _ZN3DHT5beginEh
 .text._ZN3DHT11expectPulseEb
                0x000032ce       0x7a src/libraries/DHT_sensor_library/DHT.o
                0x000032ce                _ZN3DHT11expectPulseEb
 .text._ZN3DHT4readEb
                0x00003348      0x1f6 src/libraries/DHT_sensor_library/DHT.o
                0x00003348                _ZN3DHT4readEb
 .text._ZN3DHT15readTemperatureEbb
                0x0000353e      0x128 src/libraries/DHT_sensor_library/DHT.o
                0x0000353e                _ZN3DHT15readTemperatureEbb
 .text._ZN3DHT12readHumidityEb
                0x00003666       0x90 src/libraries/DHT_sensor_library/DHT.o
                0x00003666                _ZN3DHT12readHumidityEb
 .text._ZN7TwoWire5writeEi
                0x000036f6        0xe src/libraries/DS3231/DS3231.o
                0x000036f6                _ZN7TwoWire5writeEi
 .text._ZN6DS32319date2daysEjhh
                0x00003704       0x5c src/libraries/DS3231/DS3231.o
                0x00003704                _ZN6DS32319date2daysEjhh
 .text._ZN6DS32318unixtimeEv
                0x00003760       0x66 src/libraries/DS3231/DS3231.o
                0x00003760                _ZN6DS32318unixtimeEv
 .text._ZN6DS323114writeRegister8Ehh
                0x000037c6       0x34 src/libraries/DS3231/DS3231.o
                0x000037c6                _ZN6DS323114writeRegister8Ehh
 .text._ZN6DS323111getDateTimeEv
                0x000037fa      0x104 src/libraries/DS3231/DS3231.o
                0x000037fa                _ZN6DS323111getDateTimeEv
 .text._ZN6DS323113readRegister8Eh
                0x000038fe       0x56 src/libraries/DS3231/DS3231.o
                0x000038fe                _ZN6DS323113readRegister8Eh
 .text._ZN6DS323110setBatteryEbb
                0x00003954       0x36 src/libraries/DS3231/DS3231.o
                0x00003954                _ZN6DS323110setBatteryEbb
 .text._ZN6DS32315beginEv
                0x0000398a       0x46 src/libraries/DS3231/DS3231.o
                0x0000398a                _ZN6DS32315beginEv
 .text._ZN3KeyC2Ev
                0x000039d0        0xa src/libraries/Keypad/src/Key.o
                0x000039d0                _ZN3KeyC2Ev
                0x000039d0                _ZN3KeyC1Ev
 .text._ZN6Keypad8pin_readEh
                0x000039da        0x6 src/libraries/Keypad/src/Keypad.o
                0x000039da                _ZN6Keypad8pin_readEh
 .text._ZN6Keypad9pin_writeEhb
                0x000039e0        0x8 src/libraries/Keypad/src/Keypad.o
                0x000039e0                _ZN6Keypad9pin_writeEhb
 .text._ZN6Keypad8pin_modeEhh
                0x000039e8        0x8 src/libraries/Keypad/src/Keypad.o
                0x000039e8                _ZN6Keypad8pin_modeEhh
 .text._ZN6KeypadC2EPcPhS1_hh
                0x000039f0       0xb6 src/libraries/Keypad/src/Keypad.o
                0x000039f0                _ZN6KeypadC2EPcPhS1_hh
                0x000039f0                _ZN6KeypadC1EPcPhS1_hh
 .text._ZN6Keypad8scanKeysEv
                0x00003aa6      0x1f4 src/libraries/Keypad/src/Keypad.o
                0x00003aa6                _ZN6Keypad8scanKeysEv
 .text._ZN6Keypad10findInListEi
                0x00003c9a       0x20 src/libraries/Keypad/src/Keypad.o
                0x00003c9a                _ZN6Keypad10findInListEi
 .text._ZN6Keypad12transitionToEh8KeyState
                0x00003cba       0x46 src/libraries/Keypad/src/Keypad.o
                0x00003cba                _ZN6Keypad12transitionToEh8KeyState
 .text._ZN6Keypad12nextKeyStateEhb
                0x00003d00       0xb8 src/libraries/Keypad/src/Keypad.o
                0x00003d00                _ZN6Keypad12nextKeyStateEhb
 .text._ZN6Keypad10updateListEv
                0x00003db8      0x182 src/libraries/Keypad/src/Keypad.o
                0x00003db8                _ZN6Keypad10updateListEv
 .text._ZN6Keypad7getKeysEv
                0x00003f3a       0x76 src/libraries/Keypad/src/Keypad.o
                0x00003f3a                _ZN6Keypad7getKeysEv
 .text._ZN6Keypad6getKeyEv
                0x00003fb0       0x3e src/libraries/Keypad/src/Keypad.o
                0x00003fb0                _ZN6Keypad6getKeyEv
 .text._ZN13LiquidCrystal11pulseEnableEv
                0x00003fee       0x3a src/libraries/LiquidCrystal/src/LiquidCrystal.o
                0x00003fee                _ZN13LiquidCrystal11pulseEnableEv
 .text._ZN13LiquidCrystal10write4bitsEh
                0x00004028       0x58 src/libraries/LiquidCrystal/src/LiquidCrystal.o
                0x00004028                _ZN13LiquidCrystal10write4bitsEh
 .text._ZN13LiquidCrystal10write8bitsEh
                0x00004080       0x58 src/libraries/LiquidCrystal/src/LiquidCrystal.o
                0x00004080                _ZN13LiquidCrystal10write8bitsEh
 .text._ZN13LiquidCrystal4sendEhh
                0x000040d8       0x4c src/libraries/LiquidCrystal/src/LiquidCrystal.o
                0x000040d8                _ZN13LiquidCrystal4sendEhh
 .text._ZN13LiquidCrystal7commandEh
                0x00004124        0x4 src/libraries/LiquidCrystal/src/LiquidCrystal.o
                0x00004124                _ZN13LiquidCrystal7commandEh
 .text._ZN13LiquidCrystal5clearEv
                0x00004128        0xc src/libraries/LiquidCrystal/src/LiquidCrystal.o
                0x00004128                _ZN13LiquidCrystal5clearEv
 .text._ZN13LiquidCrystal9setCursorEhh
                0x00004134       0x24 src/libraries/LiquidCrystal/src/LiquidCrystal.o
                0x00004134                _ZN13LiquidCrystal9setCursorEhh
 .text._ZN13LiquidCrystal7displayEv
                0x00004158        0xe src/libraries/LiquidCrystal/src/LiquidCrystal.o
                0x00004158                _ZN13LiquidCrystal7displayEv
 .text._ZN13LiquidCrystal5beginEhhh
                0x00004166      0x134 src/libraries/LiquidCrystal/src/LiquidCrystal.o
                0x00004166                _ZN13LiquidCrystal5beginEhhh
 .text._ZN13LiquidCrystalC2Ehhhhhh
                0x0000429a       0x3e src/libraries/LiquidCrystal/src/LiquidCrystal.o
                0x0000429a                _ZN13LiquidCrystalC1Ehhhhhh
                0x0000429a                _ZN13LiquidCrystalC2Ehhhhhh
 .text._ZN13LiquidCrystal5writeEh
                0x000042d8        0xa src/libraries/LiquidCrystal/src/LiquidCrystal.o
                0x000042d8                _ZN13LiquidCrystal5writeEh
 .text._ZN7MFRC52219PICC_ReadCardSerialEv
                0x000042e2       0x20 src/libraries/MFRC522/src/MFRC522.o
                0x000042e2                _ZN7MFRC52219PICC_ReadCardSerialEv
 .text._ZN7MFRC52216PCD_ReadRegisterENS_12PCD_RegisterEhPhh.part.1.constprop.8
                0x00004302       0xaa src/libraries/MFRC522/src/MFRC522.o
 .text._ZN7MFRC522C2Ehh
                0x000043ac       0x10 src/libraries/MFRC522/src/MFRC522.o
                0x000043ac                _ZN7MFRC522C2Ehh
                0x000043ac                _ZN7MFRC522C1Ehh
 .text._ZN7MFRC52217PCD_WriteRegisterENS_12PCD_RegisterEh
                0x000043bc       0x3e src/libraries/MFRC522/src/MFRC522.o
                0x000043bc                _ZN7MFRC52217PCD_WriteRegisterENS_12PCD_RegisterEh
 .text._ZN7MFRC52217PCD_WriteRegisterENS_12PCD_RegisterEhPh
                0x000043fa       0x66 src/libraries/MFRC522/src/MFRC522.o
                0x000043fa                _ZN7MFRC52217PCD_WriteRegisterENS_12PCD_RegisterEhPh
 .text._ZN7MFRC52216PCD_ReadRegisterENS_12PCD_RegisterE
                0x00004460       0x40 src/libraries/MFRC522/src/MFRC522.o
                0x00004460                _ZN7MFRC52216PCD_ReadRegisterENS_12PCD_RegisterE
 .text._ZN7MFRC52216PCD_ReadRegisterENS_12PCD_RegisterEhPhh
                0x000044a0        0xa src/libraries/MFRC522/src/MFRC522.o
                0x000044a0                _ZN7MFRC52216PCD_ReadRegisterENS_12PCD_RegisterEhPhh
 .text._ZN7MFRC52222PCD_SetRegisterBitMaskENS_12PCD_RegisterEh
                0x000044aa       0x22 src/libraries/MFRC522/src/MFRC522.o
                0x000044aa                _ZN7MFRC52222PCD_SetRegisterBitMaskENS_12PCD_RegisterEh
 .text._ZN7MFRC52224PCD_ClearRegisterBitMaskENS_12PCD_RegisterEh
                0x000044cc       0x24 src/libraries/MFRC522/src/MFRC522.o
                0x000044cc                _ZN7MFRC52224PCD_ClearRegisterBitMaskENS_12PCD_RegisterEh
 .text._ZN7MFRC52216PCD_CalculateCRCEPhhS0_
                0x000044f0       0x88 src/libraries/MFRC522/src/MFRC522.o
                0x000044f0                _ZN7MFRC52216PCD_CalculateCRCEPhhS0_
 .text._ZN7MFRC5229PCD_ResetEv
                0x00004578       0x32 src/libraries/MFRC522/src/MFRC522.o
                0x00004578                _ZN7MFRC5229PCD_ResetEv
 .text._ZN7MFRC52213PCD_AntennaOnEv
                0x000045aa       0x26 src/libraries/MFRC522/src/MFRC522.o
                0x000045aa                _ZN7MFRC52213PCD_AntennaOnEv
 .text._ZN7MFRC5228PCD_InitEv
                0x000045d0       0xb2 src/libraries/MFRC522/src/MFRC522.o
                0x000045d0                _ZN7MFRC5228PCD_InitEv
 .text._ZN7MFRC52223PCD_CommunicateWithPICCEhhPhhS0_S0_S0_hb
                0x00004682      0x18e src/libraries/MFRC522/src/MFRC522.o
                0x00004682                _ZN7MFRC52223PCD_CommunicateWithPICCEhhPhhS0_S0_S0_hb
 .text._ZN7MFRC52218PCD_TransceiveDataEPhhS0_S0_S0_hb
                0x00004810       0x3c src/libraries/MFRC522/src/MFRC522.o
                0x00004810                _ZN7MFRC52218PCD_TransceiveDataEPhhS0_S0_S0_hb
 .text._ZN7MFRC52211PICC_SelectEPNS_3UidEh
                0x0000484c      0x2fe src/libraries/MFRC522/src/MFRC522.o
                0x0000484c                _ZN7MFRC52211PICC_SelectEPNS_3UidEh
 .text._ZN7MFRC52217PICC_REQA_or_WUPAEhPhS0_
                0x00004b4a       0x9e src/libraries/MFRC522/src/MFRC522.o
                0x00004b4a                _ZN7MFRC52217PICC_REQA_or_WUPAEhPhS0_
 .text._ZN7MFRC52213PICC_RequestAEPhS0_
                0x00004be8        0x8 src/libraries/MFRC522/src/MFRC522.o
                0x00004be8                _ZN7MFRC52213PICC_RequestAEPhS0_
 .text._ZN7MFRC52221PICC_IsNewCardPresentEv
                0x00004bf0       0x5a src/libraries/MFRC522/src/MFRC522.o
                0x00004bf0                _ZN7MFRC52221PICC_IsNewCardPresentEv
 .text._ZL17handle_interrupts18timer16_Sequence_tPVjS1_
                0x00004c4a      0x190 src/libraries/Servo/src/avr/Servo.o
 .text.__vector_17
                0x00004dda       0x58 src/libraries/Servo/src/avr/Servo.o
                0x00004dda                __vector_17
 .text.__vector_32
                0x00004e32       0x58 src/libraries/Servo/src/avr/Servo.o
                0x00004e32                __vector_32
 .text.__vector_42
                0x00004e8a       0x58 src/libraries/Servo/src/avr/Servo.o
                0x00004e8a                __vector_42
 .text.__vector_47
                0x00004ee2       0x58 src/libraries/Servo/src/avr/Servo.o
                0x00004ee2                __vector_47
 .text._ZN8SPIClass5beginEv
                0x00004f3a       0x6c src/libraries/SPI/src/SPI.o
                0x00004f3a                _ZN8SPIClass5beginEv
 .text.__vector_20
                0x00004fa6       0x56 src/libraries/TimerOne/TimerOne.o
                0x00004fa6                __vector_20
 .text.__vector_35
                0x00004ffc       0x56 src/libraries/TimerThree/TimerThree.o
                0x00004ffc                __vector_35
 .text.twi_init
                0x00005052       0x3c src/libraries/Wire/src/utility/twi.o
                0x00005052                twi_init
 .text.twi_disable
                0x0000508e       0x1a src/libraries/Wire/src/utility/twi.o
                0x0000508e                twi_disable
 .text.twi_setFrequency
                0x000050a8       0x28 src/libraries/Wire/src/utility/twi.o
                0x000050a8                twi_setFrequency
 .text.twi_transmit
                0x000050d0       0x50 src/libraries/Wire/src/utility/twi.o
                0x000050d0                twi_transmit
 .text.twi_attachSlaveRxEvent
                0x00005120        0xa src/libraries/Wire/src/utility/twi.o
                0x00005120                twi_attachSlaveRxEvent
 .text.twi_attachSlaveTxEvent
                0x0000512a        0xa src/libraries/Wire/src/utility/twi.o
                0x0000512a                twi_attachSlaveTxEvent
 .text.twi_releaseBus
                0x00005134        0xc src/libraries/Wire/src/utility/twi.o
                0x00005134                twi_releaseBus
 .text.twi_handleTimeout
                0x00005140       0x28 src/libraries/Wire/src/utility/twi.o
                0x00005140                twi_handleTimeout
 .text.twi_readFrom
                0x00005168      0x1ce src/libraries/Wire/src/utility/twi.o
                0x00005168                twi_readFrom
 .text.twi_writeTo
                0x00005336      0x1de src/libraries/Wire/src/utility/twi.o
                0x00005336                twi_writeTo
 .text.twi_stop
                0x00005514       0x6e src/libraries/Wire/src/utility/twi.o
                0x00005514                twi_stop
 .text.__vector_39
                0x00005582      0x25c src/libraries/Wire/src/utility/twi.o
                0x00005582                __vector_39
 .text._ZN7TwoWire9availableEv
                0x000057de       0x10 src/libraries/Wire/src/Wire.o
                0x000057de                _ZN7TwoWire9availableEv
 .text._ZN7TwoWire4readEv
                0x000057ee       0x28 src/libraries/Wire/src/Wire.o
                0x000057ee                _ZN7TwoWire4readEv
 .text._ZN7TwoWire4peekEv
                0x00005816       0x1e src/libraries/Wire/src/Wire.o
                0x00005816                _ZN7TwoWire4peekEv
 .text._ZN7TwoWire5flushEv
                0x00005834        0x2 src/libraries/Wire/src/Wire.o
                0x00005834                _ZN7TwoWire5flushEv
 .text._ZN7TwoWire16onReceiveServiceEPhi
                0x00005836       0x54 src/libraries/Wire/src/Wire.o
                0x00005836                _ZN7TwoWire16onReceiveServiceEPhi
 .text._ZN7TwoWire16onRequestServiceEv
                0x0000588a       0x18 src/libraries/Wire/src/Wire.o
                0x0000588a                _ZN7TwoWire16onRequestServiceEv
 .text._ZN7TwoWire5writeEPKhj
                0x000058a2       0x58 src/libraries/Wire/src/Wire.o
                0x000058a2                _ZN7TwoWire5writeEPKhj
 .text._ZN7TwoWire5writeEh
                0x000058fa       0x5c src/libraries/Wire/src/Wire.o
                0x000058fa                _ZN7TwoWire5writeEh
 .text._ZN7TwoWireC2Ev
                0x00005956       0x20 src/libraries/Wire/src/Wire.o
                0x00005956                _ZN7TwoWireC1Ev
                0x00005956                _ZN7TwoWireC2Ev
 .text._ZN7TwoWire5beginEv
                0x00005976       0x1e src/libraries/Wire/src/Wire.o
                0x00005976                _ZN7TwoWire5beginEv
 .text._ZN7TwoWire8setClockEm
                0x00005994        0x6 src/libraries/Wire/src/Wire.o
                0x00005994                _ZN7TwoWire8setClockEm
 .text._ZN7TwoWire17beginTransmissionEh
                0x0000599a       0x14 src/libraries/Wire/src/Wire.o
                0x0000599a                _ZN7TwoWire17beginTransmissionEh
 .text._ZN7TwoWire17beginTransmissionEi
                0x000059ae        0x2 src/libraries/Wire/src/Wire.o
                0x000059ae                _ZN7TwoWire17beginTransmissionEi
 .text._ZN7TwoWire15endTransmissionEh
                0x000059b0       0x24 src/libraries/Wire/src/Wire.o
                0x000059b0                _ZN7TwoWire15endTransmissionEh
 .text._ZN7TwoWire11requestFromEhhmhh
                0x000059d4       0xa2 src/libraries/Wire/src/Wire.o
                0x000059d4                _ZN7TwoWire11requestFromEhhmhh
 .text._ZN7TwoWire11requestFromEhhh
                0x00005a76       0x1e src/libraries/Wire/src/Wire.o
                0x00005a76                _ZN7TwoWire11requestFromEhhh
 .text._ZN7TwoWire11requestFromEii
                0x00005a94        0x4 src/libraries/Wire/src/Wire.o
                0x00005a94                _ZN7TwoWire11requestFromEii
 .text._ZN7TwoWire15endTransmissionEv
                0x00005a98        0x4 src/libraries/Wire/src/Wire.o
                0x00005a98                _ZN7TwoWire15endTransmissionEv
 .text.startup._GLOBAL__sub_I__ZN7TwoWire8rxBufferE
                0x00005a9c        0x6 src/libraries/Wire/src/Wire.o
 .text._Z11GetDateTimev
                0x00005aa2       0x16 TimeAndDate/TimeAndDate.o
                0x00005aa2                _Z11GetDateTimev
 .text._Z14AddLeadingZeroi
                0x00005ab8       0x1c TimeAndDate/TimeAndDate.o
                0x00005ab8                _Z14AddLeadingZeroi
 .text.avr-libc.fplib
                0x00005ad4        0xa c:/program files (x86)/atmel/studio/7.0/toolchain/avr8/avr8-gnu-toolchain/bin/../lib/gcc/avr/5.4.0/../../../../avr/lib/avr6\libm.a(addsf3.o)
                0x00005ad4                __subsf3
                0x00005ad6                __addsf3
 .text.avr-libc.fplib
                0x00005ade       0xc0 c:/program files (x86)/atmel/studio/7.0/toolchain/avr8/avr8-gnu-toolchain/bin/../lib/gcc/avr/5.4.0/../../../../avr/lib/avr6\libm.a(addsf3x.o)
                0x00005af8                __addsf3x
 .text.avr-libc.fplib
                0x00005b9e        0x8 c:/program files (x86)/atmel/studio/7.0/toolchain/avr8/avr8-gnu-toolchain/bin/../lib/gcc/avr/5.4.0/../../../../avr/lib/avr6\libm.a(cmpsf2.o)
                0x00005b9e                __nesf2
                0x00005b9e                __eqsf2
                0x00005b9e                __cmpsf2
                0x00005b9e                __ltsf2
                0x00005b9e                __lesf2
 .text.avr-libc.fplib
                0x00005ba6       0x7a c:/program files (x86)/atmel/studio/7.0/toolchain/avr8/avr8-gnu-toolchain/bin/../lib/gcc/avr/5.4.0/../../../../avr/lib/avr6\libm.a(floatsisf.o)
                0x00005ba6                __floatunsisf
                0x00005baa                __floatsisf
 .text.avr-libc.fplib
                0x00005c20       0x48 c:/program files (x86)/atmel/studio/7.0/toolchain/avr8/avr8-gnu-toolchain/bin/../lib/gcc/avr/5.4.0/../../../../avr/lib/avr6\libm.a(fp_cmp.o)
                0x00005c20                __fp_cmp
 .text.avr-libc.fplib
                0x00005c68        0xc c:/program files (x86)/atmel/studio/7.0/toolchain/avr8/avr8-gnu-toolchain/bin/../lib/gcc/avr/5.4.0/../../../../avr/lib/avr6\libm.a(fp_inf.o)
                0x00005c68                __fp_inf
 .text.avr-libc.fplib
                0x00005c74        0x6 c:/program files (x86)/atmel/studio/7.0/toolchain/avr8/avr8-gnu-toolchain/bin/../lib/gcc/avr/5.4.0/../../../../avr/lib/avr6\libm.a(fp_nan.o)
                0x00005c74                __fp_nan
 .text.avr-libc.fplib
                0x00005c7a        0xe c:/program files (x86)/atmel/studio/7.0/toolchain/avr8/avr8-gnu-toolchain/bin/../lib/gcc/avr/5.4.0/../../../../avr/lib/avr6\libm.a(fp_pscA.o)
                0x00005c7a                __fp_pscA
 .text.avr-libc.fplib
                0x00005c88        0xe c:/program files (x86)/atmel/studio/7.0/toolchain/avr8/avr8-gnu-toolchain/bin/../lib/gcc/avr/5.4.0/../../../../avr/lib/avr6\libm.a(fp_pscB.o)
                0x00005c88                __fp_pscB
 .text.avr-libc.fplib
                0x00005c96       0x22 c:/program files (x86)/atmel/studio/7.0/toolchain/avr8/avr8-gnu-toolchain/bin/../lib/gcc/avr/5.4.0/../../../../avr/lib/avr6\libm.a(fp_round.o)
                0x00005c96                __fp_round
 .text.avr-libc.fplib
                0x00005cb8       0x44 c:/program files (x86)/atmel/studio/7.0/toolchain/avr8/avr8-gnu-toolchain/bin/../lib/gcc/avr/5.4.0/../../../../avr/lib/avr6\libm.a(fp_split3.o)
                0x00005cb8                __fp_split3
                0x00005cc8                __fp_splitA
 .text.avr-libc.fplib
                0x00005cfc        0xe c:/program files (x86)/atmel/studio/7.0/toolchain/avr8/avr8-gnu-toolchain/bin/../lib/gcc/avr/5.4.0/../../../../avr/lib/avr6\libm.a(fp_zero.o)
                0x00005cfc                __fp_zero
                0x00005cfe                __fp_szero
 .text.avr-libc.fplib
                0x00005d0a        0x8 c:/program files (x86)/atmel/studio/7.0/toolchain/avr8/avr8-gnu-toolchain/bin/../lib/gcc/avr/5.4.0/../../../../avr/lib/avr6\libm.a(gesf2.o)
                0x00005d0a                __gesf2
                0x00005d0a                __gtsf2
 .text.avr-libc.fplib
                0x00005d12        0x4 c:/program files (x86)/atmel/studio/7.0/toolchain/avr8/avr8-gnu-toolchain/bin/../lib/gcc/avr/5.4.0/../../../../avr/lib/avr6\libm.a(mulsf3.o)
                0x00005d12                __mulsf3
 .text.avr-libc.fplib
                0x00005d16       0xc2 c:/program files (x86)/atmel/studio/7.0/toolchain/avr8/avr8-gnu-toolchain/bin/../lib/gcc/avr/5.4.0/../../../../avr/lib/avr6\libm.a(mulsf3x.o)
                0x00005d2a                __mulsf3x
                0x00005d2e                __mulsf3_pse
 .text.__cxa_pure_virtual
                0x00005dd8        0x4 C:\skole\eux\H3\embaded\Embedded_2\Det_Intelligente_Hus\Det_Intelligente_Hus\ArduinoCore\Debug\libArduinoCore.a(abi.o)
                0x00005dd8                __cxa_pure_virtual
 .text._ZN14HardwareSerial9availableEv
                0x00005ddc       0x18 C:\skole\eux\H3\embaded\Embedded_2\Det_Intelligente_Hus\Det_Intelligente_Hus\ArduinoCore\Debug\libArduinoCore.a(HardwareSerial.o)
                0x00005ddc                _ZN14HardwareSerial9availableEv
 .text._ZN14HardwareSerial4peekEv
                0x00005df4       0x1c C:\skole\eux\H3\embaded\Embedded_2\Det_Intelligente_Hus\Det_Intelligente_Hus\ArduinoCore\Debug\libArduinoCore.a(HardwareSerial.o)
                0x00005df4                _ZN14HardwareSerial4peekEv
 .text._ZN14HardwareSerial4readEv
                0x00005e10       0x28 C:\skole\eux\H3\embaded\Embedded_2\Det_Intelligente_Hus\Det_Intelligente_Hus\ArduinoCore\Debug\libArduinoCore.a(HardwareSerial.o)
                0x00005e10                _ZN14HardwareSerial4readEv
 .text._ZN14HardwareSerial17availableForWriteEv
                0x00005e38       0x1e C:\skole\eux\H3\embaded\Embedded_2\Det_Intelligente_Hus\Det_Intelligente_Hus\ArduinoCore\Debug\libArduinoCore.a(HardwareSerial.o)
                0x00005e38                _ZN14HardwareSerial17availableForWriteEv
 .text._Z14serialEventRunv
                0x00005e56       0x78 C:\skole\eux\H3\embaded\Embedded_2\Det_Intelligente_Hus\Det_Intelligente_Hus\ArduinoCore\Debug\libArduinoCore.a(HardwareSerial.o)
                0x00005e56                _Z14serialEventRunv
 .text._ZN14HardwareSerial17_tx_udr_empty_irqEv
                0x00005ece       0x44 C:\skole\eux\H3\embaded\Embedded_2\Det_Intelligente_Hus\Det_Intelligente_Hus\ArduinoCore\Debug\libArduinoCore.a(HardwareSerial.o)
                0x00005ece                _ZN14HardwareSerial17_tx_udr_empty_irqEv
 .text._ZN14HardwareSerial5writeEh
                0x00005f12       0x98 C:\skole\eux\H3\embaded\Embedded_2\Det_Intelligente_Hus\Det_Intelligente_Hus\ArduinoCore\Debug\libArduinoCore.a(HardwareSerial.o)
                0x00005f12                _ZN14HardwareSerial5writeEh
 .text._ZN14HardwareSerial5flushEv
                0x00005faa       0x42 C:\skole\eux\H3\embaded\Embedded_2\Det_Intelligente_Hus\Det_Intelligente_Hus\ArduinoCore\Debug\libArduinoCore.a(HardwareSerial.o)
                0x00005faa                _ZN14HardwareSerial5flushEv
 .text._ZN14HardwareSerial5beginEmh
                0x00005fec       0xca C:\skole\eux\H3\embaded\Embedded_2\Det_Intelligente_Hus\Det_Intelligente_Hus\ArduinoCore\Debug\libArduinoCore.a(HardwareSerial.o)
                0x00005fec                _ZN14HardwareSerial5beginEmh
 .text.__vector_25
                0x000060b6       0x6c C:\skole\eux\H3\embaded\Embedded_2\Det_Intelligente_Hus\Det_Intelligente_Hus\ArduinoCore\Debug\libArduinoCore.a(HardwareSerial0.o)
                0x000060b6                __vector_25
 .text.__vector_26
                0x00006122       0x52 C:\skole\eux\H3\embaded\Embedded_2\Det_Intelligente_Hus\Det_Intelligente_Hus\ArduinoCore\Debug\libArduinoCore.a(HardwareSerial0.o)
                0x00006122                __vector_26
 .text._Z17Serial0_availablev
                0x00006174       0x12 C:\skole\eux\H3\embaded\Embedded_2\Det_Intelligente_Hus\Det_Intelligente_Hus\ArduinoCore\Debug\libArduinoCore.a(HardwareSerial0.o)
                0x00006174                _Z17Serial0_availablev
 .text.startup._GLOBAL__sub_I___vector_25
                0x00006186       0x5a C:\skole\eux\H3\embaded\Embedded_2\Det_Intelligente_Hus\Det_Intelligente_Hus\ArduinoCore\Debug\libArduinoCore.a(HardwareSerial0.o)
 .text.initVariant
                0x000061e0        0x2 C:\skole\eux\H3\embaded\Embedded_2\Det_Intelligente_Hus\Det_Intelligente_Hus\ArduinoCore\Debug\libArduinoCore.a(main.o)
                0x000061e0                initVariant
 .text.startup.main
                0x000061e2       0x18 C:\skole\eux\H3\embaded\Embedded_2\Det_Intelligente_Hus\Det_Intelligente_Hus\ArduinoCore\Debug\libArduinoCore.a(main.o)
                0x000061e2                main
 .text._ZN5Print5writeEPKhj
                0x000061fa       0x54 C:\skole\eux\H3\embaded\Embedded_2\Det_Intelligente_Hus\Det_Intelligente_Hus\ArduinoCore\Debug\libArduinoCore.a(Print.o)
                0x000061fa                _ZN5Print5writeEPKhj
 .text._ZN5Print5writeEPKc
                0x0000624e       0x2a C:\skole\eux\H3\embaded\Embedded_2\Det_Intelligente_Hus\Det_Intelligente_Hus\ArduinoCore\Debug\libArduinoCore.a(Print.o)
                0x0000624e                _ZN5Print5writeEPKc
 .text._ZN5Print5printEPK19__FlashStringHelper
                0x00006278       0x48 C:\skole\eux\H3\embaded\Embedded_2\Det_Intelligente_Hus\Det_Intelligente_Hus\ArduinoCore\Debug\libArduinoCore.a(Print.o)
                0x00006278                _ZN5Print5printEPK19__FlashStringHelper
 .text._ZN5Print5printEPKc
                0x000062c0        0x2 C:\skole\eux\H3\embaded\Embedded_2\Det_Intelligente_Hus\Det_Intelligente_Hus\ArduinoCore\Debug\libArduinoCore.a(Print.o)
                0x000062c0                _ZN5Print5printEPKc
 .text._ZN5Print5printEc
                0x000062c2        0xe C:\skole\eux\H3\embaded\Embedded_2\Det_Intelligente_Hus\Det_Intelligente_Hus\ArduinoCore\Debug\libArduinoCore.a(Print.o)
                0x000062c2                _ZN5Print5printEc
 .text._ZN5Print7printlnEv
                0x000062d0        0x6 C:\skole\eux\H3\embaded\Embedded_2\Det_Intelligente_Hus\Det_Intelligente_Hus\ArduinoCore\Debug\libArduinoCore.a(Print.o)
                0x000062d0                _ZN5Print7printlnEv
 .text._ZN5Print7printlnEPK19__FlashStringHelper
                0x000062d6       0x20 C:\skole\eux\H3\embaded\Embedded_2\Det_Intelligente_Hus\Det_Intelligente_Hus\ArduinoCore\Debug\libArduinoCore.a(Print.o)
                0x000062d6                _ZN5Print7printlnEPK19__FlashStringHelper
 .text._ZN5Print7printlnEPKc
                0x000062f6       0x20 C:\skole\eux\H3\embaded\Embedded_2\Det_Intelligente_Hus\Det_Intelligente_Hus\ArduinoCore\Debug\libArduinoCore.a(Print.o)
                0x000062f6                _ZN5Print7printlnEPKc
 .text._ZN5Print7printlnEc
                0x00006316       0x20 C:\skole\eux\H3\embaded\Embedded_2\Det_Intelligente_Hus\Det_Intelligente_Hus\ArduinoCore\Debug\libArduinoCore.a(Print.o)
                0x00006316                _ZN5Print7printlnEc
 .text._ZN5Print11printNumberEmh
                0x00006336       0x8e C:\skole\eux\H3\embaded\Embedded_2\Det_Intelligente_Hus\Det_Intelligente_Hus\ArduinoCore\Debug\libArduinoCore.a(Print.o)
                0x00006336                _ZN5Print11printNumberEmh
 .text._ZN5Print5printEmi
                0x000063c4       0x18 C:\skole\eux\H3\embaded\Embedded_2\Det_Intelligente_Hus\Det_Intelligente_Hus\ArduinoCore\Debug\libArduinoCore.a(Print.o)
                0x000063c4                _ZN5Print5printEmi
 .text._ZN5Print5printEji
                0x000063dc        0xa C:\skole\eux\H3\embaded\Embedded_2\Det_Intelligente_Hus\Det_Intelligente_Hus\ArduinoCore\Debug\libArduinoCore.a(Print.o)
                0x000063dc                _ZN5Print5printEji
 .text._ZN5Print5printEli
                0x000063e6       0x8a C:\skole\eux\H3\embaded\Embedded_2\Det_Intelligente_Hus\Det_Intelligente_Hus\ArduinoCore\Debug\libArduinoCore.a(Print.o)
                0x000063e6                _ZN5Print5printEli
 .text._ZN5Print5printEii
                0x00006470        0xc C:\skole\eux\H3\embaded\Embedded_2\Det_Intelligente_Hus\Det_Intelligente_Hus\ArduinoCore\Debug\libArduinoCore.a(Print.o)
                0x00006470                _ZN5Print5printEii
 .text._ZN5Print7printlnEii
                0x0000647c       0x20 C:\skole\eux\H3\embaded\Embedded_2\Det_Intelligente_Hus\Det_Intelligente_Hus\ArduinoCore\Debug\libArduinoCore.a(Print.o)
                0x0000647c                _ZN5Print7printlnEii
 .text._ZN5Print10printFloatEdh
                0x0000649c      0x18e C:\skole\eux\H3\embaded\Embedded_2\Det_Intelligente_Hus\Det_Intelligente_Hus\ArduinoCore\Debug\libArduinoCore.a(Print.o)
                0x0000649c                _ZN5Print10printFloatEdh
 .text._ZN5Print5printEdi
                0x0000662a        0x2 C:\skole\eux\H3\embaded\Embedded_2\Det_Intelligente_Hus\Det_Intelligente_Hus\ArduinoCore\Debug\libArduinoCore.a(Print.o)
                0x0000662a                _ZN5Print5printEdi
 .text.__vector_23
                0x0000662c       0x94 C:\skole\eux\H3\embaded\Embedded_2\Det_Intelligente_Hus\Det_Intelligente_Hus\ArduinoCore\Debug\libArduinoCore.a(wiring.o)
                0x0000662c                __vector_23
 .text.millis   0x000066c0       0x18 C:\skole\eux\H3\embaded\Embedded_2\Det_Intelligente_Hus\Det_Intelligente_Hus\ArduinoCore\Debug\libArduinoCore.a(wiring.o)
                0x000066c0                millis
 .text.micros   0x000066d8       0x4a C:\skole\eux\H3\embaded\Embedded_2\Det_Intelligente_Hus\Det_Intelligente_Hus\ArduinoCore\Debug\libArduinoCore.a(wiring.o)
                0x000066d8                micros
 .text.delay    0x00006722       0x72 C:\skole\eux\H3\embaded\Embedded_2\Det_Intelligente_Hus\Det_Intelligente_Hus\ArduinoCore\Debug\libArduinoCore.a(wiring.o)
                0x00006722                delay
 .text.delayMicroseconds
                0x00006794       0x16 C:\skole\eux\H3\embaded\Embedded_2\Det_Intelligente_Hus\Det_Intelligente_Hus\ArduinoCore\Debug\libArduinoCore.a(wiring.o)
                0x00006794                delayMicroseconds
 .text.init     0x000067aa       0xc4 C:\skole\eux\H3\embaded\Embedded_2\Det_Intelligente_Hus\Det_Intelligente_Hus\ArduinoCore\Debug\libArduinoCore.a(wiring.o)
                0x000067aa                init
 .text.analogRead
                0x0000686e       0x4a C:\skole\eux\H3\embaded\Embedded_2\Det_Intelligente_Hus\Det_Intelligente_Hus\ArduinoCore\Debug\libArduinoCore.a(wiring_analog.o)
                0x0000686e                analogRead
 .text.analogWrite
                0x000068b8      0x18c C:\skole\eux\H3\embaded\Embedded_2\Det_Intelligente_Hus\Det_Intelligente_Hus\ArduinoCore\Debug\libArduinoCore.a(wiring_analog.o)
                0x000068b8                analogWrite
 .text.turnOffPWM
                0x00006a44       0xaa C:\skole\eux\H3\embaded\Embedded_2\Det_Intelligente_Hus\Det_Intelligente_Hus\ArduinoCore\Debug\libArduinoCore.a(wiring_digital.o)
 .text.pinMode  0x00006aee       0x78 C:\skole\eux\H3\embaded\Embedded_2\Det_Intelligente_Hus\Det_Intelligente_Hus\ArduinoCore\Debug\libArduinoCore.a(wiring_digital.o)
                0x00006aee                pinMode
 .text.digitalWrite
                0x00006b66       0x5c C:\skole\eux\H3\embaded\Embedded_2\Det_Intelligente_Hus\Det_Intelligente_Hus\ArduinoCore\Debug\libArduinoCore.a(wiring_digital.o)
                0x00006b66                digitalWrite
 .text.digitalRead
                0x00006bc2       0x50 C:\skole\eux\H3\embaded\Embedded_2\Det_Intelligente_Hus\Det_Intelligente_Hus\ArduinoCore\Debug\libArduinoCore.a(wiring_digital.o)
                0x00006bc2                digitalRead
 .text._Z3maplllll
                0x00006c12       0x7e C:\skole\eux\H3\embaded\Embedded_2\Det_Intelligente_Hus\Det_Intelligente_Hus\ArduinoCore\Debug\libArduinoCore.a(WMath.o)
                0x00006c12                _Z3maplllll
 .text._ZN6StringD2Ev
                0x00006c90        0xe C:\skole\eux\H3\embaded\Embedded_2\Det_Intelligente_Hus\Det_Intelligente_Hus\ArduinoCore\Debug\libArduinoCore.a(WString.o)
                0x00006c90                _ZN6StringD2Ev
                0x00006c90                _ZN6StringD1Ev
 .text._ZN6String10invalidateEv
                0x00006c9e       0x22 C:\skole\eux\H3\embaded\Embedded_2\Det_Intelligente_Hus\Det_Intelligente_Hus\ArduinoCore\Debug\libArduinoCore.a(WString.o)
                0x00006c9e                _ZN6String10invalidateEv
 .text._ZN6String12changeBufferEj
                0x00006cc0       0x32 C:\skole\eux\H3\embaded\Embedded_2\Det_Intelligente_Hus\Det_Intelligente_Hus\ArduinoCore\Debug\libArduinoCore.a(WString.o)
                0x00006cc0                _ZN6String12changeBufferEj
 .text._ZN6String7reserveEj
                0x00006cf2       0x36 C:\skole\eux\H3\embaded\Embedded_2\Det_Intelligente_Hus\Det_Intelligente_Hus\ArduinoCore\Debug\libArduinoCore.a(WString.o)
                0x00006cf2                _ZN6String7reserveEj
 .text._ZN6String4copyEPKcj
                0x00006d28       0x3c C:\skole\eux\H3\embaded\Embedded_2\Det_Intelligente_Hus\Det_Intelligente_Hus\ArduinoCore\Debug\libArduinoCore.a(WString.o)
                0x00006d28                _ZN6String4copyEPKcj
 .text._ZN6StringC2EPKc
                0x00006d64       0x28 C:\skole\eux\H3\embaded\Embedded_2\Det_Intelligente_Hus\Det_Intelligente_Hus\ArduinoCore\Debug\libArduinoCore.a(WString.o)
                0x00006d64                _ZN6StringC2EPKc
                0x00006d64                _ZN6StringC1EPKc
 .text._ZN6StringaSERKS_
                0x00006d8c       0x2a C:\skole\eux\H3\embaded\Embedded_2\Det_Intelligente_Hus\Det_Intelligente_Hus\ArduinoCore\Debug\libArduinoCore.a(WString.o)
                0x00006d8c                _ZN6StringaSERKS_
 .text._ZN6StringC2ERKS_
                0x00006db6       0x10 C:\skole\eux\H3\embaded\Embedded_2\Det_Intelligente_Hus\Det_Intelligente_Hus\ArduinoCore\Debug\libArduinoCore.a(WString.o)
                0x00006db6                _ZN6StringC2ERKS_
                0x00006db6                _ZN6StringC1ERKS_
 .text._ZN6StringaSEPKc
                0x00006dc6       0x2a C:\skole\eux\H3\embaded\Embedded_2\Det_Intelligente_Hus\Det_Intelligente_Hus\ArduinoCore\Debug\libArduinoCore.a(WString.o)
                0x00006dc6                _ZN6StringaSEPKc
 .text._ZN6StringC2Ehh
                0x00006df0       0x56 C:\skole\eux\H3\embaded\Embedded_2\Det_Intelligente_Hus\Det_Intelligente_Hus\ArduinoCore\Debug\libArduinoCore.a(WString.o)
                0x00006df0                _ZN6StringC2Ehh
                0x00006df0                _ZN6StringC1Ehh
 .text._ZN6String6concatEPKcj
                0x00006e46       0x58 C:\skole\eux\H3\embaded\Embedded_2\Det_Intelligente_Hus\Det_Intelligente_Hus\ArduinoCore\Debug\libArduinoCore.a(WString.o)
                0x00006e46                _ZN6String6concatEPKcj
 .text._ZN6String6concatERKS_
                0x00006e9e        0xc C:\skole\eux\H3\embaded\Embedded_2\Det_Intelligente_Hus\Det_Intelligente_Hus\ArduinoCore\Debug\libArduinoCore.a(WString.o)
                0x00006e9e                _ZN6String6concatERKS_
 .text._ZN6String6concatEPKc
                0x00006eaa       0x1c C:\skole\eux\H3\embaded\Embedded_2\Det_Intelligente_Hus\Det_Intelligente_Hus\ArduinoCore\Debug\libArduinoCore.a(WString.o)
                0x00006eaa                _ZN6String6concatEPKc
 .text._ZNK6String9compareToERKS_
                0x00006ec6       0x5e C:\skole\eux\H3\embaded\Embedded_2\Det_Intelligente_Hus\Det_Intelligente_Hus\ArduinoCore\Debug\libArduinoCore.a(WString.o)
                0x00006ec6                _ZNK6String9compareToERKS_
 .text._ZNK6String6equalsERKS_
                0x00006f24       0x20 C:\skole\eux\H3\embaded\Embedded_2\Det_Intelligente_Hus\Det_Intelligente_Hus\ArduinoCore\Debug\libArduinoCore.a(WString.o)
                0x00006f24                _ZNK6String6equalsERKS_
 .text._ZN6String11toUpperCaseEv
                0x00006f44       0x22 C:\skole\eux\H3\embaded\Embedded_2\Det_Intelligente_Hus\Det_Intelligente_Hus\ArduinoCore\Debug\libArduinoCore.a(WString.o)
                0x00006f44                _ZN6String11toUpperCaseEv
 .text.__empty  0x00006f66        0x2 C:\skole\eux\H3\embaded\Embedded_2\Det_Intelligente_Hus\Det_Intelligente_Hus\ArduinoCore\Debug\libArduinoCore.a(hooks.o)
                0x00006f66                yield
 .text.avr-libc.fplib
                0x00006f68        0x6 c:/program files (x86)/atmel/studio/7.0/toolchain/avr8/avr8-gnu-toolchain/bin/../lib/gcc/avr/5.4.0/../../../../avr/lib/avr6\libm.a(divsf3.o)
                0x00006f68                __divsf3
 .text.avr-libc.fplib
                0x00006f6e       0xdc c:/program files (x86)/atmel/studio/7.0/toolchain/avr8/avr8-gnu-toolchain/bin/../lib/gcc/avr/5.4.0/../../../../avr/lib/avr6\libm.a(divsf3x.o)
                0x00006f8e                __divsf3x
                0x00006f94                __divsf3_pse
 .text.avr-libc.fplib
                0x0000704a       0x5e c:/program files (x86)/atmel/studio/7.0/toolchain/avr8/avr8-gnu-toolchain/bin/../lib/gcc/avr/5.4.0/../../../../avr/lib/avr6\libm.a(fixunssfsi.o)
                0x0000704a                __fixunssfsi
 .text.avr-libc.fplib
                0x000070a8        0xa c:/program files (x86)/atmel/studio/7.0/toolchain/avr8/avr8-gnu-toolchain/bin/../lib/gcc/avr/5.4.0/../../../../avr/lib/avr6\libm.a(unordsf2.o)
                0x000070a8                __unordsf2
 .text.libgcc.mul
                0x000070b2       0x1e c:/program files (x86)/atmel/studio/7.0/toolchain/avr8/avr8-gnu-toolchain/bin/../lib/gcc/avr/5.4.0/avr6\libgcc.a(_mulsi3.o)
                0x000070b2                __mulsi3
 .text.libgcc.div
                0x000070d0       0x44 c:/program files (x86)/atmel/studio/7.0/toolchain/avr8/avr8-gnu-toolchain/bin/../lib/gcc/avr/5.4.0/avr6\libgcc.a(_udivmodsi4.o)
                0x000070d0                __udivmodsi4
 .text.libgcc.div
                0x00007114       0x28 c:/program files (x86)/atmel/studio/7.0/toolchain/avr8/avr8-gnu-toolchain/bin/../lib/gcc/avr/5.4.0/avr6\libgcc.a(_divmodsi4.o)
                0x00007114                __divmodsi4
 .text.libgcc.div
                0x0000713c       0x10 c:/program files (x86)/atmel/studio/7.0/toolchain/avr8/avr8-gnu-toolchain/bin/../lib/gcc/avr/5.4.0/avr6\libgcc.a(_negsi2.o)
                0x0000713c                __negsi2
 .text.libgcc   0x0000714c       0x10 c:/program files (x86)/atmel/studio/7.0/toolchain/avr8/avr8-gnu-toolchain/bin/../lib/gcc/avr/5.4.0/avr6\libgcc.a(_tablejump2.o)
                0x0000714c                __tablejump2__
 .text.libgcc.mul
                0x0000715c       0x1e c:/program files (x86)/atmel/studio/7.0/toolchain/avr8/avr8-gnu-toolchain/bin/../lib/gcc/avr/5.4.0/avr6\libgcc.a(_umulhisi3.o)
                0x0000715c                __umulhisi3
 .text.libgcc.mul
                0x0000717a       0x14 c:/program files (x86)/atmel/studio/7.0/toolchain/avr8/avr8-gnu-toolchain/bin/../lib/gcc/avr/5.4.0/avr6\libgcc.a(_muluhisi3.o)
                0x0000717a                __muluhisi3
 .text.avr-libc
                0x0000718e      0x242 c:/program files (x86)/atmel/studio/7.0/toolchain/avr8/avr8-gnu-toolchain/bin/../lib/gcc/avr/5.4.0/../../../../avr/lib/avr6\libc.a(malloc.o)
                0x0000718e                malloc
                0x000072be                free
 .text.avr-libc
                0x000073d0      0x1c0 c:/program files (x86)/atmel/studio/7.0/toolchain/avr8/avr8-gnu-toolchain/bin/../lib/gcc/avr/5.4.0/../../../../avr/lib/avr6\libc.a(realloc.o)
                0x000073d0                realloc
 .text.avr-libc
                0x00007590        0x8 c:/program files (x86)/atmel/studio/7.0/toolchain/avr8/avr8-gnu-toolchain/bin/../lib/gcc/avr/5.4.0/../../../../avr/lib/avr6\libc.a(abort.o)
                0x00007590                abort
 .text.avr-libc
                0x00007598       0x10 c:/program files (x86)/atmel/studio/7.0/toolchain/avr8/avr8-gnu-toolchain/bin/../lib/gcc/avr/5.4.0/../../../../avr/lib/avr6\libc.a(toupper.o)
                0x00007598                toupper
 .text.avr-libc
                0x000075a8       0x12 c:/program files (x86)/atmel/studio/7.0/toolchain/avr8/avr8-gnu-toolchain/bin/../lib/gcc/avr/5.4.0/../../../../avr/lib/avr6\libc.a(memcpy.o)
                0x000075a8                memcpy
 .text.avr-libc
                0x000075ba        0xe c:/program files (x86)/atmel/studio/7.0/toolchain/avr8/avr8-gnu-toolchain/bin/../lib/gcc/avr/5.4.0/../../../../avr/lib/avr6\libc.a(memset.o)
                0x000075ba                memset
 .text.avr-libc
                0x000075c8       0x12 c:/program files (x86)/atmel/studio/7.0/toolchain/avr8/avr8-gnu-toolchain/bin/../lib/gcc/avr/5.4.0/../../../../avr/lib/avr6\libc.a(strcmp.o)
                0x000075c8                strcmp
 .text.avr-libc
                0x000075da        0xe c:/program files (x86)/atmel/studio/7.0/toolchain/avr8/avr8-gnu-toolchain/bin/../lib/gcc/avr/5.4.0/../../../../avr/lib/avr6\libc.a(strcpy.o)
                0x000075da                strcpy
 .text.avr-libc
                0x000075e8       0x14 c:/program files (x86)/atmel/studio/7.0/toolchain/avr8/avr8-gnu-toolchain/bin/../lib/gcc/avr/5.4.0/../../../../avr/lib/avr6\libc.a(utoa.o)
                0x000075e8                __utoa
                0x000075e8                utoa
 .text.avr-libc
                0x000075fc       0x32 c:/program files (x86)/atmel/studio/7.0/toolchain/avr8/avr8-gnu-toolchain/bin/../lib/gcc/avr/5.4.0/../../../../avr/lib/avr6\libc.a(utoa_ncheck.o)
                0x000075fc                __utoa_ncheck
                0x000075fe                __utoa_common
 .text.avr-libc
                0x0000762e       0x20 c:/program files (x86)/atmel/studio/7.0/toolchain/avr8/avr8-gnu-toolchain/bin/../lib/gcc/avr/5.4.0/../../../../avr/lib/avr6\libc.a(strrev.o)
                0x0000762e                strrev
                0x0000764e                . = ALIGN (0x2)
 *(.fini9)
 .fini9         0x0000764e        0x0 c:/program files (x86)/atmel/studio/7.0/toolchain/avr8/avr8-gnu-toolchain/bin/../lib/gcc/avr/5.4.0/avr6\libgcc.a(_exit.o)
                0x0000764e                _exit
                0x0000764e                exit
 *(.fini9)
 *(.fini8)
 *(.fini8)
 *(.fini7)
 *(.fini7)
 *(.fini6)
 .fini6         0x0000764e       0x1e c:/program files (x86)/atmel/studio/7.0/toolchain/avr8/avr8-gnu-toolchain/bin/../lib/gcc/avr/5.4.0/avr6\libgcc.a(_dtors.o)
                0x0000764e                __do_global_dtors
 *(.fini6)
 *(.fini5)
 *(.fini5)
 *(.fini4)
 *(.fini4)
 *(.fini3)
 *(.fini3)
 *(.fini2)
 *(.fini2)
 *(.fini1)
 *(.fini1)
 *(.fini0)
 .fini0         0x0000766c        0x4 c:/program files (x86)/atmel/studio/7.0/toolchain/avr8/avr8-gnu-toolchain/bin/../lib/gcc/avr/5.4.0/avr6\libgcc.a(_exit.o)
 *(.fini0)
                0x00007670                _etext = .

.data           0x00800200      0x13c load address 0x00007670
                0x00800200                PROVIDE (__data_start, .)
 *(.data)
 .data          0x00800200        0x6 c:/program files (x86)/atmel/studio/7.0/toolchain/avr8/avr8-gnu-toolchain/bin/../lib/gcc/avr/5.4.0/../../../../avr/lib/avr6\libc.a(malloc.o)
                0x00800200                __malloc_heap_end
                0x00800202                __malloc_heap_start
                0x00800204                __malloc_margin
 *(.data*)
 .data.Hysterese
                0x00800206        0x4 DHT11/DHT11.o
                0x00800206                Hysterese
 .data.SetNumber
                0x0080020a        0x4 DHT11/DHT11.o
                0x0080020a                SetNumber
 .data.d7       0x0080020e        0x2 LCD/LCD.o
                0x0080020e                d7
 .data.d6       0x00800210        0x2 LCD/LCD.o
                0x00800210                d6
 .data.d5       0x00800212        0x2 LCD/LCD.o
                0x00800212                d5
 .data.d4       0x00800214        0x2 LCD/LCD.o
                0x00800214                d4
 .data.en       0x00800216        0x2 LCD/LCD.o
                0x00800216                en
 .data.rs       0x00800218        0x2 LCD/LCD.o
                0x00800218                rs
 .data.interval
                0x0080021a        0x4 Main.o
                0x0080021a                interval
 .data.colPins  0x0080021e        0x4 Menu/Menu.o
                0x0080021e                colPins
 .data.rowPins  0x00800222        0x4 Menu/Menu.o
                0x00800222                rowPins
 .data.keys     0x00800226       0x10 Menu/Menu.o
                0x00800226                keys
 .data.moter    0x00800236        0x2 Moters/FanMoter.o
                0x00800236                moter
 .data.analog_reference
                0x00800238        0x1 C:\skole\eux\H3\embaded\Embedded_2\Det_Intelligente_Hus\Det_Intelligente_Hus\ArduinoCore\Debug\libArduinoCore.a(wiring_analog.o)
                0x00800238                analog_reference
 *(.gnu.linkonce.d*)
 *(.rodata)
 *(.rodata*)
 .rodata.str1.1
                0x00800239        0x6 LCD/LCD.o
                                  0x7 (size before relaxing)
 .rodata.str1.1
                0x0080023f       0x27 Menu/Menu.o
 .rodata.str1.1
                0x00800266       0x2b NFC/KeyCardAccess.o
                                 0x2e (size before relaxing)
 .rodata._ZTV12Adafruit_GFX
                0x00800291       0x2c src/libraries/Adafruit_GFX_Library/Adafruit_GFX.o
                0x00800291                _ZTV12Adafruit_GFX
 .rodata._ZTV16Adafruit_SSD1306
                0x008002bd       0x2c src/libraries/Adafruit_SSD1306/Adafruit_SSD1306.o
                0x008002bd                _ZTV16Adafruit_SSD1306
 .rodata._ZTV6Keypad
                0x008002e9        0xa src/libraries/Keypad/src/Keypad.o
                0x008002e9                _ZTV6Keypad
 .rodata._ZTV13LiquidCrystal
                0x008002f3        0xc src/libraries/LiquidCrystal/src/LiquidCrystal.o
                0x008002f3                _ZTV13LiquidCrystal
 .rodata._ZTV7MFRC522
                0x008002ff        0xa src/libraries/MFRC522/src/MFRC522.o
                0x008002ff                _ZTV7MFRC522
 .rodata._ZTV7TwoWire
                0x00800309       0x12 src/libraries/Wire/src/Wire.o
                0x00800309                _ZTV7TwoWire
 .rodata.str1.1
                0x0080031b       0x2b TimeAndDate/TimeAndDate.o
                                  0x2 (size before relaxing)
 .rodata._ZTV14HardwareSerial
                0x0080031b       0x12 C:\skole\eux\H3\embaded\Embedded_2\Det_Intelligente_Hus\Det_Intelligente_Hus\ArduinoCore\Debug\libArduinoCore.a(HardwareSerial.o)
                0x0080031b                _ZTV14HardwareSerial
 .rodata.str1.1
                0x0080032d        0xf C:\skole\eux\H3\embaded\Embedded_2\Det_Intelligente_Hus\Det_Intelligente_Hus\ArduinoCore\Debug\libArduinoCore.a(Print.o)
 *(.gnu.linkonce.r*)
                0x00800346                . = ALIGN (0x2)
                0x00800346                _edata = .
                0x00800346                PROVIDE (__data_end, .)

.bss            0x0080033c      0x30b
                0x0080033c                PROVIDE (__bss_start, .)
 *(.bss)
 *(.bss*)
 .bss.dht       0x0080033c       0x13 DHT11/DHT11.o
                0x0080033c                dht
 .bss.lcd       0x0080034f       0x18 LCD/LCD.o
                0x0080034f                lcd
 .bss.B_brightness
                0x00800367        0x2 Light/Light.o
                0x00800367                B_brightness
 .bss.G_brightness
                0x00800369        0x2 Light/Light.o
                0x00800369                G_brightness
 .bss.R_brightness
                0x0080036b        0x2 Light/Light.o
                0x0080036b                R_brightness
 .bss.clock     0x0080036d        0xc Main.o
                0x0080036d                clock
 .bss.previousMillis
                0x00800379        0x4 Main.o
                0x00800379                previousMillis
 .bss.TimeAndDate
                0x0080037d        0x1 Main.o
                0x0080037d                TimeAndDate
 .bss.Keycard   0x0080037e        0x1 Main.o
                0x0080037e                Keycard
 .bss.keypad    0x0080037f       0x64 Menu/Menu.o
                0x0080037f                keypad
 .bss.display   0x008003e3       0x40 Menu/Menu.o
                0x008003e3                display
 .bss.mfrc522   0x00800423       0x10 NFC/KeyCardAccess.o
                0x00800423                mfrc522
 .bss.ServoCount
                0x00800433        0x1 src/libraries/Servo/src/avr/Servo.o
                0x00800433                ServoCount
 .bss._ZL7Channel
                0x00800434        0x4 src/libraries/Servo/src/avr/Servo.o
 .bss._ZL6servos
                0x00800438       0x90 src/libraries/Servo/src/avr/Servo.o
 .bss._ZN8SPIClass13interruptSaveE
                0x008004c8        0x1 src/libraries/SPI/src/SPI.o
                0x008004c8                _ZN8SPIClass13interruptSaveE
 .bss._ZN8SPIClass13interruptMaskE
                0x008004c9        0x1 src/libraries/SPI/src/SPI.o
                0x008004c9                _ZN8SPIClass13interruptMaskE
 .bss._ZN8SPIClass13interruptModeE
                0x008004ca        0x1 src/libraries/SPI/src/SPI.o
                0x008004ca                _ZN8SPIClass13interruptModeE
 .bss._ZN8SPIClass11initializedE
                0x008004cb        0x1 src/libraries/SPI/src/SPI.o
                0x008004cb                _ZN8SPIClass11initializedE
 .bss._ZN8TimerOne11isrCallbackE
                0x008004cc        0x2 src/libraries/TimerOne/TimerOne.o
                0x008004cc                _ZN8TimerOne11isrCallbackE
 .bss._ZN8TimerOne15clockSelectBitsE
                0x008004ce        0x1 src/libraries/TimerOne/TimerOne.o
                0x008004ce                _ZN8TimerOne15clockSelectBitsE
 .bss._ZN8TimerOne9pwmPeriodE
                0x008004cf        0x2 src/libraries/TimerOne/TimerOne.o
                0x008004cf                _ZN8TimerOne9pwmPeriodE
 .bss._ZN10TimerThree11isrCallbackE
                0x008004d1        0x2 src/libraries/TimerThree/TimerThree.o
                0x008004d1                _ZN10TimerThree11isrCallbackE
 .bss.twi_error
                0x008004d3        0x1 src/libraries/Wire/src/utility/twi.o
 .bss.twi_rxBufferIndex
                0x008004d4        0x1 src/libraries/Wire/src/utility/twi.o
 .bss.twi_rxBuffer
                0x008004d5       0x20 src/libraries/Wire/src/utility/twi.o
 .bss.twi_txBufferLength
                0x008004f5        0x1 src/libraries/Wire/src/utility/twi.o
 .bss.twi_txBufferIndex
                0x008004f6        0x1 src/libraries/Wire/src/utility/twi.o
 .bss.twi_txBuffer
                0x008004f7       0x20 src/libraries/Wire/src/utility/twi.o
 .bss.twi_masterBufferLength
                0x00800517        0x1 src/libraries/Wire/src/utility/twi.o
 .bss.twi_masterBufferIndex
                0x00800518        0x1 src/libraries/Wire/src/utility/twi.o
 .bss.twi_masterBuffer
                0x00800519       0x20 src/libraries/Wire/src/utility/twi.o
 .bss.twi_onSlaveReceive
                0x00800539        0x2 src/libraries/Wire/src/utility/twi.o
 .bss.twi_onSlaveTransmit
                0x0080053b        0x2 src/libraries/Wire/src/utility/twi.o
 .bss.twi_do_reset_on_timeout
                0x0080053d        0x1 src/libraries/Wire/src/utility/twi.o
 .bss.twi_timed_out_flag
                0x0080053e        0x1 src/libraries/Wire/src/utility/twi.o
 .bss.twi_timeout_us
                0x0080053f        0x4 src/libraries/Wire/src/utility/twi.o
 .bss.twi_inRepStart
                0x00800543        0x1 src/libraries/Wire/src/utility/twi.o
 .bss.twi_sendStop
                0x00800544        0x1 src/libraries/Wire/src/utility/twi.o
 .bss.twi_slarw
                0x00800545        0x1 src/libraries/Wire/src/utility/twi.o
 .bss.twi_state
                0x00800546        0x1 src/libraries/Wire/src/utility/twi.o
 .bss.Wire      0x00800547        0xc src/libraries/Wire/src/Wire.o
                0x00800547                Wire
 .bss._ZN7TwoWire14user_onReceiveE
                0x00800553        0x2 src/libraries/Wire/src/Wire.o
                0x00800553                _ZN7TwoWire14user_onReceiveE
 .bss._ZN7TwoWire14user_onRequestE
                0x00800555        0x2 src/libraries/Wire/src/Wire.o
                0x00800555                _ZN7TwoWire14user_onRequestE
 .bss._ZN7TwoWire12transmittingE
                0x00800557        0x1 src/libraries/Wire/src/Wire.o
                0x00800557                _ZN7TwoWire12transmittingE
 .bss._ZN7TwoWire14txBufferLengthE
                0x00800558        0x1 src/libraries/Wire/src/Wire.o
                0x00800558                _ZN7TwoWire14txBufferLengthE
 .bss._ZN7TwoWire13txBufferIndexE
                0x00800559        0x1 src/libraries/Wire/src/Wire.o
                0x00800559                _ZN7TwoWire13txBufferIndexE
 .bss._ZN7TwoWire8txBufferE
                0x0080055a       0x20 src/libraries/Wire/src/Wire.o
                0x0080055a                _ZN7TwoWire8txBufferE
 .bss._ZN7TwoWire9txAddressE
                0x0080057a        0x1 src/libraries/Wire/src/Wire.o
                0x0080057a                _ZN7TwoWire9txAddressE
 .bss._ZN7TwoWire14rxBufferLengthE
                0x0080057b        0x1 src/libraries/Wire/src/Wire.o
                0x0080057b                _ZN7TwoWire14rxBufferLengthE
 .bss._ZN7TwoWire13rxBufferIndexE
                0x0080057c        0x1 src/libraries/Wire/src/Wire.o
                0x0080057c                _ZN7TwoWire13rxBufferIndexE
 .bss._ZN7TwoWire8rxBufferE
                0x0080057d       0x20 src/libraries/Wire/src/Wire.o
                0x0080057d                _ZN7TwoWire8rxBufferE
 .bss.Serial    0x0080059d       0x9d C:\skole\eux\H3\embaded\Embedded_2\Det_Intelligente_Hus\Det_Intelligente_Hus\ArduinoCore\Debug\libArduinoCore.a(HardwareSerial0.o)
                0x0080059d                Serial
 .bss.timer0_fract
                0x0080063a        0x1 C:\skole\eux\H3\embaded\Embedded_2\Det_Intelligente_Hus\Det_Intelligente_Hus\ArduinoCore\Debug\libArduinoCore.a(wiring.o)
 .bss.timer0_millis
                0x0080063b        0x4 C:\skole\eux\H3\embaded\Embedded_2\Det_Intelligente_Hus\Det_Intelligente_Hus\ArduinoCore\Debug\libArduinoCore.a(wiring.o)
                0x0080063b                timer0_millis
 .bss.timer0_overflow_count
                0x0080063f        0x4 C:\skole\eux\H3\embaded\Embedded_2\Det_Intelligente_Hus\Det_Intelligente_Hus\ArduinoCore\Debug\libArduinoCore.a(wiring.o)
                0x0080063f                timer0_overflow_count
 *(COMMON)
 COMMON         0x00800643        0x4 c:/program files (x86)/atmel/studio/7.0/toolchain/avr8/avr8-gnu-toolchain/bin/../lib/gcc/avr/5.4.0/../../../../avr/lib/avr6\libc.a(malloc.o)
                0x00800643                __brkval
                0x00800645                __flp
                0x00800647                PROVIDE (__bss_end, .)
                0x00007670                __data_load_start = LOADADDR (.data)
                0x000077ac                __data_load_end = (__data_load_start + SIZEOF (.data))

.noinit         0x00800647        0x0
                [!provide]                PROVIDE (__noinit_start, .)
 *(.noinit*)
                [!provide]                PROVIDE (__noinit_end, .)
                0x00800647                _end = .
                0x00800647                PROVIDE (__heap_start, .)

.eeprom         0x00810000        0x0
 *(.eeprom*)
                0x00810000                __eeprom_end = .

.fuse
 *(.fuse)
 *(.lfuse)
 *(.hfuse)
 *(.efuse)

.lock
 *(.lock*)

.signature
 *(.signature*)

.user_signatures
 *(.user_signatures*)

.stab
 *(.stab)

.stabstr
 *(.stabstr)

.stab.excl
 *(.stab.excl)

.stab.exclstr
 *(.stab.exclstr)

.stab.index
 *(.stab.index)

.stab.indexstr
 *(.stab.indexstr)

.comment        0x00000000       0x30
 *(.comment)
 .comment       0x00000000       0x30 DHT11/DHT11.o
                                 0x31 (size before relaxing)
 .comment       0x00000030       0x31 LCD/LCD.o
 .comment       0x00000030       0x31 Light/Light.o
 .comment       0x00000030       0x31 Main.o
 .comment       0x00000030       0x31 Menu/Menu.o
 .comment       0x00000030       0x31 Moters/FanMoter.o
 .comment       0x00000030       0x31 NFC/KeyCardAccess.o
 .comment       0x00000030       0x31 src/libraries/Adafruit_BusIO/Adafruit_SPIDevice.o
 .comment       0x00000030       0x31 src/libraries/Adafruit_GFX_Library/Adafruit_GFX.o
 .comment       0x00000030       0x31 src/libraries/Adafruit_SSD1306/Adafruit_SSD1306.o
 .comment       0x00000030       0x31 src/libraries/DHT_sensor_library/DHT.o
 .comment       0x00000030       0x31 src/libraries/DS3231/DS3231.o
 .comment       0x00000030       0x31 src/libraries/Keypad/src/Key.o
 .comment       0x00000030       0x31 src/libraries/Keypad/src/Keypad.o
 .comment       0x00000030       0x31 src/libraries/LiquidCrystal/src/LiquidCrystal.o
 .comment       0x00000030       0x31 src/libraries/MFRC522/src/MFRC522.o
 .comment       0x00000030       0x31 src/libraries/Servo/src/avr/Servo.o
 .comment       0x00000030       0x31 src/libraries/SPI/src/SPI.o
 .comment       0x00000030       0x31 src/libraries/TimerOne/TimerOne.o
 .comment       0x00000030       0x31 src/libraries/TimerThree/TimerThree.o
 .comment       0x00000030       0x31 src/libraries/Wire/src/utility/twi.o
 .comment       0x00000030       0x31 src/libraries/Wire/src/Wire.o
 .comment       0x00000030       0x31 TimeAndDate/TimeAndDate.o
 .comment       0x00000030       0x31 C:\skole\eux\H3\embaded\Embedded_2\Det_Intelligente_Hus\Det_Intelligente_Hus\ArduinoCore\Debug\libArduinoCore.a(abi.o)
 .comment       0x00000030       0x31 C:\skole\eux\H3\embaded\Embedded_2\Det_Intelligente_Hus\Det_Intelligente_Hus\ArduinoCore\Debug\libArduinoCore.a(HardwareSerial.o)
 .comment       0x00000030       0x31 C:\skole\eux\H3\embaded\Embedded_2\Det_Intelligente_Hus\Det_Intelligente_Hus\ArduinoCore\Debug\libArduinoCore.a(HardwareSerial0.o)
 .comment       0x00000030       0x31 C:\skole\eux\H3\embaded\Embedded_2\Det_Intelligente_Hus\Det_Intelligente_Hus\ArduinoCore\Debug\libArduinoCore.a(main.o)
 .comment       0x00000030       0x31 C:\skole\eux\H3\embaded\Embedded_2\Det_Intelligente_Hus\Det_Intelligente_Hus\ArduinoCore\Debug\libArduinoCore.a(Print.o)
 .comment       0x00000030       0x31 C:\skole\eux\H3\embaded\Embedded_2\Det_Intelligente_Hus\Det_Intelligente_Hus\ArduinoCore\Debug\libArduinoCore.a(wiring.o)
 .comment       0x00000030       0x31 C:\skole\eux\H3\embaded\Embedded_2\Det_Intelligente_Hus\Det_Intelligente_Hus\ArduinoCore\Debug\libArduinoCore.a(wiring_analog.o)
 .comment       0x00000030       0x31 C:\skole\eux\H3\embaded\Embedded_2\Det_Intelligente_Hus\Det_Intelligente_Hus\ArduinoCore\Debug\libArduinoCore.a(wiring_digital.o)
 .comment       0x00000030       0x31 C:\skole\eux\H3\embaded\Embedded_2\Det_Intelligente_Hus\Det_Intelligente_Hus\ArduinoCore\Debug\libArduinoCore.a(WMath.o)
 .comment       0x00000030       0x31 C:\skole\eux\H3\embaded\Embedded_2\Det_Intelligente_Hus\Det_Intelligente_Hus\ArduinoCore\Debug\libArduinoCore.a(WString.o)
 .comment       0x00000030       0x31 C:\skole\eux\H3\embaded\Embedded_2\Det_Intelligente_Hus\Det_Intelligente_Hus\ArduinoCore\Debug\libArduinoCore.a(hooks.o)
 .comment       0x00000030       0x31 c:/program files (x86)/atmel/studio/7.0/toolchain/avr8/avr8-gnu-toolchain/bin/../lib/gcc/avr/5.4.0/../../../../avr/lib/avr6\libc.a(malloc.o)
 .comment       0x00000030       0x31 c:/program files (x86)/atmel/studio/7.0/toolchain/avr8/avr8-gnu-toolchain/bin/../lib/gcc/avr/5.4.0/../../../../avr/lib/avr6\libc.a(realloc.o)

.note.gnu.avr.deviceinfo
                0x00000000       0x40
 .note.gnu.avr.deviceinfo
                0x00000000       0x40 C:/Program Files (x86)/Atmel/Studio/7.0/Packs/atmel/ATmega_DFP/1.6.364/gcc/dev/atmega2560/avr6/crtatmega2560.o

.note.gnu.build-id
 *(.note.gnu.build-id)

.debug
 *(.debug)

.line
 *(.line)

.debug_srcinfo
 *(.debug_srcinfo)

.debug_sfnames
 *(.debug_sfnames)

.debug_aranges  0x00000000     0x14c0
 *(.debug_aranges)
 .debug_aranges
                0x00000000       0x50 DHT11/DHT11.o
 .debug_aranges
                0x00000050       0x38 LCD/LCD.o
 .debug_aranges
                0x00000088       0x50 Light/Light.o
 .debug_aranges
                0x000000d8       0x28 Main.o
 .debug_aranges
                0x00000100       0x38 Menu/Menu.o
 .debug_aranges
                0x00000138       0x30 Moters/FanMoter.o
 .debug_aranges
                0x00000168       0x30 NFC/KeyCardAccess.o
 .debug_aranges
                0x00000198       0x88 src/libraries/Adafruit_BusIO/Adafruit_SPIDevice.o
 .debug_aranges
                0x00000220      0x2d8 src/libraries/Adafruit_GFX_Library/Adafruit_GFX.o
 .debug_aranges
                0x000004f8      0x118 src/libraries/Adafruit_SSD1306/Adafruit_SSD1306.o
 .debug_aranges
                0x00000610       0x68 src/libraries/DHT_sensor_library/DHT.o
 .debug_aranges
                0x00000678      0x1a0 src/libraries/DS3231/DS3231.o
 .debug_aranges
                0x00000818       0x30 src/libraries/Keypad/src/Key.o
 .debug_aranges
                0x00000848       0xc0 src/libraries/Keypad/src/Keypad.o
 .debug_aranges
                0x00000908      0x110 src/libraries/LiquidCrystal/src/LiquidCrystal.o
 .debug_aranges
                0x00000a18      0x208 src/libraries/MFRC522/src/MFRC522.o
 .debug_aranges
                0x00000c20       0x88 src/libraries/Servo/src/avr/Servo.o
 .debug_aranges
                0x00000ca8       0x38 src/libraries/SPI/src/SPI.o
 .debug_aranges
                0x00000ce0       0x20 src/libraries/TimerOne/TimerOne.o
 .debug_aranges
                0x00000d00       0x20 src/libraries/TimerThree/TimerThree.o
 .debug_aranges
                0x00000d20       0x98 src/libraries/Wire/src/utility/twi.o
 .debug_aranges
                0x00000db8      0x110 src/libraries/Wire/src/Wire.o
 .debug_aranges
                0x00000ec8       0x28 TimeAndDate/TimeAndDate.o
 .debug_aranges
                0x00000ef0       0x20 C:\skole\eux\H3\embaded\Embedded_2\Det_Intelligente_Hus\Det_Intelligente_Hus\ArduinoCore\Debug\libArduinoCore.a(abi.o)
 .debug_aranges
                0x00000f10       0x68 C:\skole\eux\H3\embaded\Embedded_2\Det_Intelligente_Hus\Det_Intelligente_Hus\ArduinoCore\Debug\libArduinoCore.a(HardwareSerial.o)
 .debug_aranges
                0x00000f78       0x48 C:\skole\eux\H3\embaded\Embedded_2\Det_Intelligente_Hus\Det_Intelligente_Hus\ArduinoCore\Debug\libArduinoCore.a(HardwareSerial0.o)
 .debug_aranges
                0x00000fc0       0x30 C:\skole\eux\H3\embaded\Embedded_2\Det_Intelligente_Hus\Det_Intelligente_Hus\ArduinoCore\Debug\libArduinoCore.a(main.o)
 .debug_aranges
                0x00000ff0      0x100 C:\skole\eux\H3\embaded\Embedded_2\Det_Intelligente_Hus\Det_Intelligente_Hus\ArduinoCore\Debug\libArduinoCore.a(Print.o)
 .debug_aranges
                0x000010f0       0x48 C:\skole\eux\H3\embaded\Embedded_2\Det_Intelligente_Hus\Det_Intelligente_Hus\ArduinoCore\Debug\libArduinoCore.a(wiring.o)
 .debug_aranges
                0x00001138       0x30 C:\skole\eux\H3\embaded\Embedded_2\Det_Intelligente_Hus\Det_Intelligente_Hus\ArduinoCore\Debug\libArduinoCore.a(wiring_analog.o)
 .debug_aranges
                0x00001168       0x38 C:\skole\eux\H3\embaded\Embedded_2\Det_Intelligente_Hus\Det_Intelligente_Hus\ArduinoCore\Debug\libArduinoCore.a(wiring_digital.o)
 .debug_aranges
                0x000011a0       0x48 C:\skole\eux\H3\embaded\Embedded_2\Det_Intelligente_Hus\Det_Intelligente_Hus\ArduinoCore\Debug\libArduinoCore.a(WMath.o)
 .debug_aranges
                0x000011e8      0x2b8 C:\skole\eux\H3\embaded\Embedded_2\Det_Intelligente_Hus\Det_Intelligente_Hus\ArduinoCore\Debug\libArduinoCore.a(WString.o)
 .debug_aranges
                0x000014a0       0x20 C:\skole\eux\H3\embaded\Embedded_2\Det_Intelligente_Hus\Det_Intelligente_Hus\ArduinoCore\Debug\libArduinoCore.a(hooks.o)

.debug_pubnames
 *(.debug_pubnames)

.debug_info     0x00000000    0x3136c
 *(.debug_info .gnu.linkonce.wi.*)
 .debug_info    0x00000000      0xbbc C:/Program Files (x86)/Atmel/Studio/7.0/Packs/atmel/ATmega_DFP/1.6.364/gcc/dev/atmega2560/avr6/crtatmega2560.o
 .debug_info    0x00000bbc      0x6e6 DHT11/DHT11.o
 .debug_info    0x000012a2      0x86d LCD/LCD.o
 .debug_info    0x00001b0f      0x4b7 Light/Light.o
 .debug_info    0x00001fc6     0x29ab Main.o
 .debug_info    0x00004971      0xea9 Menu/Menu.o
 .debug_info    0x0000581a      0x68a Moters/FanMoter.o
 .debug_info    0x00005ea4     0x17f0 NFC/KeyCardAccess.o
 .debug_info    0x00007694     0x1664 src/libraries/Adafruit_BusIO/Adafruit_SPIDevice.o
 .debug_info    0x00008cf8     0x87f7 src/libraries/Adafruit_GFX_Library/Adafruit_GFX.o
 .debug_info    0x000114ef     0x2d77 src/libraries/Adafruit_SSD1306/Adafruit_SSD1306.o
 .debug_info    0x00014266      0xd25 src/libraries/DHT_sensor_library/DHT.o
 .debug_info    0x00014f8b     0x2c16 src/libraries/DS3231/DS3231.o
 .debug_info    0x00017ba1      0x3b5 src/libraries/Keypad/src/Key.o
 .debug_info    0x00017f56     0x118d src/libraries/Keypad/src/Keypad.o
 .debug_info    0x000190e3     0x1c3b src/libraries/LiquidCrystal/src/LiquidCrystal.o
 .debug_info    0x0001ad1e     0x5587 src/libraries/MFRC522/src/MFRC522.o
 .debug_info    0x000202a5      0xa15 src/libraries/Servo/src/avr/Servo.o
 .debug_info    0x00020cba      0x6cd src/libraries/SPI/src/SPI.o
 .debug_info    0x00021387      0x407 src/libraries/TimerOne/TimerOne.o
 .debug_info    0x0002178e      0x407 src/libraries/TimerThree/TimerThree.o
 .debug_info    0x00021b95      0x93a src/libraries/Wire/src/utility/twi.o
 .debug_info    0x000224cf     0x2910 src/libraries/Wire/src/Wire.o
 .debug_info    0x00024ddf      0xb7d TimeAndDate/TimeAndDate.o
 .debug_info    0x0002595c       0x76 C:\skole\eux\H3\embaded\Embedded_2\Det_Intelligente_Hus\Det_Intelligente_Hus\ArduinoCore\Debug\libArduinoCore.a(abi.o)
 .debug_info    0x000259d2     0x205e C:\skole\eux\H3\embaded\Embedded_2\Det_Intelligente_Hus\Det_Intelligente_Hus\ArduinoCore\Debug\libArduinoCore.a(HardwareSerial.o)
 .debug_info    0x00027a30     0x1b74 C:\skole\eux\H3\embaded\Embedded_2\Det_Intelligente_Hus\Det_Intelligente_Hus\ArduinoCore\Debug\libArduinoCore.a(HardwareSerial0.o)