Archive member included to satisfy reference by file (symbol)

c:/program files (x86)/atmel/studio/7.0/toolchain/avr8/avr8-gnu-toolchain/bin/../lib/gcc/avr/5.4.0/../../../../avr/lib/avr6\libm.a(addsf3.o)
                              DHT11/DHT11.o (__subsf3)
c:/program files (x86)/atmel/studio/7.0/toolchain/avr8/avr8-gnu-toolchain/bin/../lib/gcc/avr/5.4.0/../../../../avr/lib/avr6\libm.a(addsf3x.o)
                              c:/program files (x86)/atmel/studio/7.0/toolchain/avr8/avr8-gnu-toolchain/bin/../lib/gcc/avr/5.4.0/../../../../avr/lib/avr6\libm.a(addsf3.o) (__addsf3x)
c:/program files (x86)/atmel/studio/7.0/toolchain/avr8/avr8-gnu-toolchain/bin/../lib/gcc/avr/5.4.0/../../../../avr/lib/avr6\libm.a(cmpsf2.o)
                              DHT11/DHT11.o (__ltsf2)
c:/program files (x86)/atmel/studio/7.0/toolchain/avr8/avr8-gnu-toolchain/bin/../lib/gcc/avr/5.4.0/../../../../avr/lib/avr6\libm.a(divsf3.o)
                              src/libraries/DS3231/DS3231.o (__divsf3)
c:/program files (x86)/atmel/studio/7.0/toolchain/avr8/avr8-gnu-toolchain/bin/../lib/gcc/avr/5.4.0/../../../../avr/lib/avr6\libm.a(divsf3x.o)
                              c:/program files (x86)/atmel/studio/7.0/toolchain/avr8/avr8-gnu-toolchain/bin/../lib/gcc/avr/5.4.0/../../../../avr/lib/avr6\libm.a(divsf3.o) (__divsf3x)
c:/program files (x86)/atmel/studio/7.0/toolchain/avr8/avr8-gnu-toolchain/bin/../lib/gcc/avr/5.4.0/../../../../avr/lib/avr6\libm.a(fixunssfsi.o)
                              HC-SR04/HC-SR04.o (__fixunssfsi)
c:/program files (x86)/atmel/studio/7.0/toolchain/avr8/avr8-gnu-toolchain/bin/../lib/gcc/avr/5.4.0/../../../../avr/lib/avr6\libm.a(floatsisf.o)
                              src/libraries/DHT_sensor_library/DHT.o (__floatunsisf)
c:/program files (x86)/atmel/studio/7.0/toolchain/avr8/avr8-gnu-toolchain/bin/../lib/gcc/avr/5.4.0/../../../../avr/lib/avr6\libm.a(fp_cmp.o)
                              c:/program files (x86)/atmel/studio/7.0/toolchain/avr8/avr8-gnu-toolchain/bin/../lib/gcc/avr/5.4.0/../../../../avr/lib/avr6\libm.a(cmpsf2.o) (__fp_cmp)
c:/program files (x86)/atmel/studio/7.0/toolchain/avr8/avr8-gnu-toolchain/bin/../lib/gcc/avr/5.4.0/../../../../avr/lib/avr6\libm.a(fp_inf.o)
                              c:/program files (x86)/atmel/studio/7.0/toolchain/avr8/avr8-gnu-toolchain/bin/../lib/gcc/avr/5.4.0/../../../../avr/lib/avr6\libm.a(addsf3x.o) (__fp_inf)
c:/program files (x86)/atmel/studio/7.0/toolchain/avr8/avr8-gnu-toolchain/bin/../lib/gcc/avr/5.4.0/../../../../avr/lib/avr6\libm.a(fp_nan.o)
                              c:/program files (x86)/atmel/studio/7.0/toolchain/avr8/avr8-gnu-toolchain/bin/../lib/gcc/avr/5.4.0/../../../../avr/lib/avr6\libm.a(addsf3x.o) (__fp_nan)
c:/program files (x86)/atmel/studio/7.0/toolchain/avr8/avr8-gnu-toolchain/bin/../lib/gcc/avr/5.4.0/../../../../avr/lib/avr6\libm.a(fp_pscA.o)
                              c:/program files (x86)/atmel/studio/7.0/toolchain/avr8/avr8-gnu-toolchain/bin/../lib/gcc/avr/5.4.0/../../../../avr/lib/avr6\libm.a(addsf3x.o) (__fp_pscA)
c:/program files (x86)/atmel/studio/7.0/toolchain/avr8/avr8-gnu-toolchain/bin/../lib/gcc/avr/5.4.0/../../../../avr/lib/avr6\libm.a(fp_pscB.o)
                              c:/program files (x86)/atmel/studio/7.0/toolchain/avr8/avr8-gnu-toolchain/bin/../lib/gcc/avr/5.4.0/../../../../avr/lib/avr6\libm.a(addsf3x.o) (__fp_pscB)
c:/program files (x86)/atmel/studio/7.0/toolchain/avr8/avr8-gnu-toolchain/bin/../lib/gcc/avr/5.4.0/../../../../avr/lib/avr6\libm.a(fp_round.o)
                              c:/program files (x86)/atmel/studio/7.0/toolchain/avr8/avr8-gnu-toolchain/bin/../lib/gcc/avr/5.4.0/../../../../avr/lib/avr6\libm.a(addsf3.o) (__fp_round)
c:/program files (x86)/atmel/studio/7.0/toolchain/avr8/avr8-gnu-toolchain/bin/../lib/gcc/avr/5.4.0/../../../../avr/lib/avr6\libm.a(fp_split3.o)
                              c:/program files (x86)/atmel/studio/7.0/toolchain/avr8/avr8-gnu-toolchain/bin/../lib/gcc/avr/5.4.0/../../../../avr/lib/avr6\libm.a(addsf3x.o) (__fp_split3)
c:/program files (x86)/atmel/studio/7.0/toolchain/avr8/avr8-gnu-toolchain/bin/../lib/gcc/avr/5.4.0/../../../../avr/lib/avr6\libm.a(fp_zero.o)
                              c:/program files (x86)/atmel/studio/7.0/toolchain/avr8/avr8-gnu-toolchain/bin/../lib/gcc/avr/5.4.0/../../../../avr/lib/avr6\libm.a(addsf3x.o) (__fp_zero)
c:/program files (x86)/atmel/studio/7.0/toolchain/avr8/avr8-gnu-toolchain/bin/../lib/gcc/avr/5.4.0/../../../../avr/lib/avr6\libm.a(gesf2.o)
                              src/libraries/DHT_sensor_library/DHT.o (__gesf2)
c:/program files (x86)/atmel/studio/7.0/toolchain/avr8/avr8-gnu-toolchain/bin/../lib/gcc/avr/5.4.0/../../../../avr/lib/avr6\libm.a(mulsf3.o)
                              src/libraries/DHT_sensor_library/DHT.o (__mulsf3)
c:/program files (x86)/atmel/studio/7.0/toolchain/avr8/avr8-gnu-toolchain/bin/../lib/gcc/avr/5.4.0/../../../../avr/lib/avr6\libm.a(mulsf3x.o)
[...]
Memory Configuration

Name             Origin             Length             Attributes
text             0x00000000         0x00040000         xr
data             0x00800200         0x00002000         rw !x
eeprom           0x00810000         0x00001000         rw !x
fuse             0x00820000         0x00000003         rw !x
lock             0x00830000         0x00000400         rw !x
signature        0x00840000         0x00000400         rw !x
user_signatures  0x00850000         0x00000400         rw !x
*default*        0x00000000         0xffffffff

Linker script and memory map

Address of section .data set to 0x800200
LOAD C:/Program Files (x86)/Atmel/Studio/7.0/Packs/atmel/ATmega_DFP/1.6.364/gcc/dev/atmega2560/avr6/crtatmega2560.o
LOAD DHT11/DHT11.o
LOAD HC-SR04/HC-SR04.o
LOAD LCD/LCD.o
LOAD Light/Light.o
LOAD Main.o
LOAD Menu/Menu.o
LOAD Moters/FanMoter.o
LOAD NFC/KeyCardAccess.o
LOAD Servos/Servos.o
LOAD src/libraries/Adafruit_BusIO/Adafruit_BusIO_Register.o
LOAD src/libraries/Adafruit_BusIO/Adafruit_I2CDevice.o
LOAD src/libraries/Adafruit_BusIO/Adafruit_SPIDevice.o
LOAD src/libraries/Adafruit_GFX_Library/Adafruit_GFX.o
LOAD src/libraries/Adafruit_GFX_Library/Adafruit_GrayOLED.o
LOAD src/libraries/Adafruit_GFX_Library/Adafruit_SPITFT.o
LOAD src/libraries/Adafruit_GFX_Library/examples/GFXcanvas/GFXcanvasSerialDemo.o
LOAD src/libraries/Adafruit_GFX_Library/fontconvert/fontconvert.o
LOAD src/libraries/Adafruit_GFX_Library/glcdfont.o
LOAD src/libraries/Adafruit_SSD1306/Adafruit_SSD1306.o
LOAD src/libraries/Adafruit_Unified_Sensor/Adafruit_Sensor.o
LOAD src/libraries/DHT_sensor_library/DHT.o
LOAD src/libraries/DHT_sensor_library/DHT_U.o
LOAD src/libraries/DS3231/DS3231.o
LOAD src/libraries/HCSR04_ultrasonic_sensor/src/HCSR04.o
LOAD src/libraries/Keypad/src/Key.o
LOAD src/libraries/Keypad/src/Keypad.o
LOAD src/libraries/LiquidCrystal/src/LiquidCrystal.o
LOAD src/libraries/MFRC522/src/MFRC522.o
LOAD src/libraries/MFRC522/src/MFRC522Extended.o
LOAD src/libraries/Servo/src/avr/Servo.o
LOAD src/libraries/Servo/src/mbed/Servo.o
LOAD src/libraries/Servo/src/megaavr/Servo.o
LOAD src/libraries/Servo/src/nrf52/Servo.o
LOAD src/libraries/Servo/src/samd/Servo.o
LOAD src/libraries/Servo/src/sam/Servo.o
LOAD src/libraries/Servo/src/stm32f4/Servo.o
LOAD src/libraries/SPI/src/SPI.o
LOAD src/libraries/TimerOne/TimerOne.o
LOAD src/libraries/TimerThree/TimerThree.o
LOAD src/libraries/Wire/src/utility/twi.o
LOAD src/libraries/Wire/src/Wire.o
LOAD TimeAndDate/TimeAndDate.o
START GROUP
LOAD c:/program files (x86)/atmel/studio/7.0/toolchain/avr8/avr8-gnu-toolchain/bin/../lib/gcc/avr/5.4.0/../../../../avr/lib/avr6\libm.a
LOAD C:\skole\eux\H3\embaded\Embedded_2\Det_Intelligente_Hus\Det_Intelligente_Hus\ArduinoCore\Debug\libArduinoCore.a
END GROUP
LOAD c:/program files (x86)/atmel/studio/7.0/toolchain/avr8/avr8-gnu-toolchain/bin/../lib/gcc/avr/5.4.0/avr6\libgcc.a
LOAD c:/program files (x86)/atmel/studio/7.0/toolchain/avr8/avr8-gnu-toolchain/bin/../lib/gcc/avr/5.4.0/../../../../avr/lib/avr6\libm.a
START GROUP
LOAD c:/program files (x86)/atmel/studio/7.0/toolchain/avr8/avr8-gnu-toolchain/bin/../lib/gcc/avr/5.4.0/avr6\libgcc.a
LOAD c:/program files (x86)/atmel/studio/7.0/toolchain/avr8/avr8-gnu-toolchain/bin/../lib/gcc/avr/5.4.0/../../../../avr/lib/avr6\libm.a
LOAD c:/program files (x86)/atmel/studio/7.0/toolchain/avr8/avr8-gnu-toolchain/bin/../lib/gcc/avr/5.4.0/../../../../avr/lib/avr6\libc.a
LOAD C:/Program Files (x86)/Atmel/Studio/7.0/Packs/atmel/ATmega_DFP/1.6.364/gcc/dev/atmega2560/avr6\libatmega2560.a
END GROUP
                0x00000000                __TEXT_REGION_ORIGIN__ = DEFINED (__TEXT_REGION_ORIGIN__)?__TEXT_REGION_ORIGIN__:0x0
                [0x00800200]                __DATA_REGION_ORIGIN__ = DEFINED (__DATA_REGION_ORIGIN__)?__DATA_REGION_ORIGIN__:0x800200
                [0x00040000]                __TEXT_REGION_LENGTH__ = DEFINED (__TEXT_REGION_LENGTH__)?__TEXT_REGION_LENGTH__:0x100000
                [0x00002000]                __DATA_REGION_LENGTH__ = DEFINED (__DATA_REGION_LENGTH__)?__DATA_REGION_LENGTH__:0xfe00
                [0x00001000]                __EEPROM_REGION_LENGTH__ = DEFINED (__EEPROM_REGION_LENGTH__)?__EEPROM_REGION_LENGTH__:0x10000
                [0x00000003]                __FUSE_REGION_LENGTH__ = DEFINED (__FUSE_REGION_LENGTH__)?__FUSE_REGION_LENGTH__:0x400
                0x00000400                __LOCK_REGION_LENGTH__ = DEFINED (__LOCK_REGION_LENGTH__)?__LOCK_REGION_LENGTH__:0x400
                0x00000400                __SIGNATURE_REGION_LENGTH__ = DEFINED (__SIGNATURE_REGION_LENGTH__)?__SIGNATURE_REGION_LENGTH__:0x400
                0x00000400                __USER_SIGNATURE_REGION_LENGTH__ = DEFINED (__USER_SIGNATURE_REGION_LENGTH__)?__USER_SIGNATURE_REGION_LENGTH__:0x400

.hash
 *(.hash)

.dynsym
 *(.dynsym)

.dynstr
 *(.dynstr)

.gnu.version
 *(.gnu.version)

.gnu.version_d
 *(.gnu.version_d)

.gnu.version_r
 *(.gnu.version_r)

.rel.init
 *(.rel.init)

.rela.init
 *(.rela.init)

.rel.text
 *(.rel.text)
 *(.rel.text.*)
 *(.rel.gnu.linkonce.t*)

.rela.text
 *(.rela.text)
 *(.rela.text.*)
 *(.rela.gnu.linkonce.t*)

.rel.fini
 *(.rel.fini)

.rela.fini
 *(.rela.fini)

.rel.rodata
 *(.rel.rodata)
 *(.rel.rodata.*)
 *(.rel.gnu.linkonce.r*)

.rela.rodata
 *(.rela.rodata)
 *(.rela.rodata.*)
 *(.rela.gnu.linkonce.r*)

.rel.data
 *(.rel.data)
 *(.rel.data.*)
 *(.rel.gnu.linkonce.d*)

.rela.data
 *(.rela.data)
 *(.rela.data.*)
 *(.rela.gnu.linkonce.d*)

.rel.ctors
 *(.rel.ctors)

.rela.ctors
 *(.rela.ctors)

.rel.dtors
 *(.rel.dtors)

.rela.dtors
 *(.rela.dtors)

.rel.got
 *(.rel.got)

.rela.got
 *(.rela.got)

.rel.bss
 *(.rel.bss)

.rela.bss
 *(.rela.bss)

.rel.plt
 *(.rel.plt)

.rela.plt
 *(.rela.plt)

.text           0x00000000     0xccd2
 *(.vectors)
 .vectors       0x00000000       0xe4 C:/Program Files (x86)/Atmel/Studio/7.0/Packs/atmel/ATmega_DFP/1.6.364/gcc/dev/atmega2560/avr6/crtatmega2560.o
                0x00000000                __vector_default
                0x00000000                __vectors
 *(.vectors)
 *(.progmem.gcc*)
 .progmem.gcc_sw_table.analogWrite
                0x000000e4       0x24 C:\skole\eux\H3\embaded\Embedded_2\Det_Intelligente_Hus\Det_Intelligente_Hus\ArduinoCore\Debug\libArduinoCore.a(wiring_analog.o)
 .progmem.gcc_sw_table.turnOffPWM
                0x00000108       0x24 C:\skole\eux\H3\embaded\Embedded_2\Det_Intelligente_Hus\Det_Intelligente_Hus\ArduinoCore\Debug\libArduinoCore.a(wiring_digital.o)
                0x0000012c                . = ALIGN (0x2)
                0x0000012c                __trampolines_start = .
 *(.trampolines)
 .trampolines   0x0000012c        0x0 linker stubs
 *(.trampolines*)
                0x0000012c                __trampolines_end = .
 *libprintf_flt.a:*(.progmem.data)
 *libc.a:*(.progmem.data)
 *(.progmem*)
 .progmem.data._ZZ12LCDPrintTempfE3__c
                0x0000012c        0xd LCD/LCD.o
 .progmem.data._ZZ16LCDPrintHumidityfE3__c
                0x00000139        0xb LCD/LCD.o
 .progmem.data._ZZ16LCDPrintHumidityfE3__c_0
                0x00000144        0x2 LCD/LCD.o
 .progmem.data._ZZ5setupE3__c
                0x00000146       0x1a Main.o
 .progmem.data._ZZ11DisplayMenuvE3__c
                0x00000160        0x5 Menu/Menu.o
 .progmem.data._ZZ11DisplayMenuvE3__c_0
                0x00000165       0x11 Menu/Menu.o
 .progmem.data._ZZ11DisplayMenuvE3__c_1
                0x00000176        0xe Menu/Menu.o
 .progmem.data._ZZ11DisplayMenuvE3__c_2
                0x00000184        0xc Menu/Menu.o
 .progmem.data._ZZ11WelcomeOLEDvE3__c
                0x00000190        0x8 Menu/Menu.o
 .progmem.data._ZZ11WelcomeOLEDvE3__c_0
                0x00000198        0x5 Menu/Menu.o
 .progmem.data._ZL4font
                0x0000019d      0x500 src/libraries/Adafruit_GFX_Library/Adafruit_GFX.o
 .progmem.data._ZL12splash1_data
                0x0000069d      0x2c0 src/libraries/Adafruit_SSD1306/Adafruit_SSD1306.o
 .progmem.data._ZL12splash2_data
                0x0000095d      0x1e0 src/libraries/Adafruit_SSD1306/Adafruit_SSD1306.o
 .progmem.data._ZZN16Adafruit_SSD13065beginEhhbbE5init1
                0x00000b3d        0x4 src/libraries/Adafruit_SSD1306/Adafruit_SSD1306.o
 .progmem.data._ZZN16Adafruit_SSD13065beginEhhbbE5init2
                0x00000b41        0x4 src/libraries/Adafruit_SSD1306/Adafruit_SSD1306.o
 .progmem.data._ZZN16Adafruit_SSD13065beginEhhbbE5init3
                0x00000b45        0x4 src/libraries/Adafruit_SSD1306/Adafruit_SSD1306.o
 .progmem.data._ZZN16Adafruit_SSD13065beginEhhbbE5init5
                0x00000b49        0x6 src/libraries/Adafruit_SSD1306/Adafruit_SSD1306.o
 .progmem.data._ZZN16Adafruit_SSD130621drawFastVLineInternalEiiijE7premask
                0x00000b4f        0x8 src/libraries/Adafruit_SSD1306/Adafruit_SSD1306.o
 .progmem.data._ZZN16Adafruit_SSD130621drawFastVLineInternalEiiijE8postmask
                0x00000b57        0x8 src/libraries/Adafruit_SSD1306/Adafruit_SSD1306.o
 .progmem.data._ZZN16Adafruit_SSD13067displayEvE6dlist1
                0x00000b5f        0x5 src/libraries/Adafruit_SSD1306/Adafruit_SSD1306.o
 .progmem.data._ZL9daysArray
                0x00000b64        0xc src/libraries/DS3231/DS3231.o
 .progmem.data.digital_pin_to_timer_PGM
                0x00000b70       0x46 C:\skole\eux\H3\embaded\Embedded_2\Det_Intelligente_Hus\Det_Intelligente_Hus\ArduinoCore\Debug\libArduinoCore.a(wiring_digital.o)
                0x00000b70                digital_pin_to_timer_PGM
 .progmem.data.digital_pin_to_bit_mask_PGM
                0x00000bb6       0x46 C:\skole\eux\H3\embaded\Embedded_2\Det_Intelligente_Hus\Det_Intelligente_Hus\ArduinoCore\Debug\libArduinoCore.a(wiring_digital.o)
                0x00000bb6                digital_pin_to_bit_mask_PGM
 .progmem.data.digital_pin_to_port_PGM
                0x00000bfc       0x46 C:\skole\eux\H3\embaded\Embedded_2\Det_Intelligente_Hus\Det_Intelligente_Hus\ArduinoCore\Debug\libArduinoCore.a(wiring_digital.o)
                0x00000bfc                digital_pin_to_port_PGM
 .progmem.data.port_to_input_PGM
                0x00000c42       0x1a C:\skole\eux\H3\embaded\Embedded_2\Det_Intelligente_Hus\Det_Intelligente_Hus\ArduinoCore\Debug\libArduinoCore.a(wiring_digital.o)
                0x00000c42                port_to_input_PGM
 .progmem.data.port_to_output_PGM
                0x00000c5c       0x1a C:\skole\eux\H3\embaded\Embedded_2\Det_Intelligente_Hus\Det_Intelligente_Hus\ArduinoCore\Debug\libArduinoCore.a(wiring_digital.o)
                0x00000c5c                port_to_output_PGM
 .progmem.data.port_to_mode_PGM
                0x00000c76       0x1a C:\skole\eux\H3\embaded\Embedded_2\Det_Intelligente_Hus\Det_Intelligente_Hus\ArduinoCore\Debug\libArduinoCore.a(wiring_digital.o)
                0x00000c76                port_to_mode_PGM
                0x00000c90                . = ALIGN (0x2)
 *(.jumptables)
 *(.jumptables*)
 *(.lowtext)
 *(.lowtext*)
                0x00000c90                __ctors_start = .
 *(.ctors)
 .ctors         0x00000c90        0x2 DHT11/DHT11.o
 .ctors         0x00000c92        0x2 HC-SR04/HC-SR04.o
 .ctors         0x00000c94        0x2 LCD/LCD.o
 .ctors         0x00000c96        0x2 Menu/Menu.o
 .ctors         0x00000c98        0x2 NFC/KeyCardAccess.o
 .ctors         0x00000c9a        0x2 Servos/Servos.o
 .ctors         0x00000c9c        0x2 src/libraries/Wire/src/Wire.o
 .ctors         0x00000c9e        0x2 C:\skole\eux\H3\embaded\Embedded_2\Det_Intelligente_Hus\Det_Intelligente_Hus\ArduinoCore\Debug\libArduinoCore.a(HardwareSerial0.o)
                0x00000ca0                __ctors_end = .
                0x00000ca0                __dtors_start = .
 *(.dtors)
 .dtors         0x00000ca0        0x2 HC-SR04/HC-SR04.o
 .dtors         0x00000ca2        0x2 Menu/Menu.o
                0x00000ca4                __dtors_end = .
 SORT(*)(.ctors)
 SORT(*)(.dtors)
 *(.init0)
 .init0         0x00000ca4        0x0 C:/Program Files (x86)/Atmel/Studio/7.0/Packs/atmel/ATmega_DFP/1.6.364/gcc/dev/atmega2560/avr6/crtatmega2560.o
                0x00000ca4                __init
 *(.init0)
 *(.init1)
 *(.init1)
 *(.init2)
 .init2         0x00000ca4       0x10 C:/Program Files (x86)/Atmel/Studio/7.0/Packs/atmel/ATmega_DFP/1.6.364/gcc/dev/atmega2560/avr6/crtatmega2560.o
 *(.init2)
 *(.init3)
 *(.init3)
 *(.init4)
 .init4         0x00000cb4       0x1a c:/program files (x86)/atmel/studio/7.0/toolchain/avr8/avr8-gnu-toolchain/bin/../lib/gcc/avr/5.4.0/avr6\libgcc.a(_copy_data.o)
                0x00000cb4                __do_copy_data
 .init4         0x00000cce       0x10 c:/program files (x86)/atmel/studio/7.0/toolchain/avr8/avr8-gnu-toolchain/bin/../lib/gcc/avr/5.4.0/avr6\libgcc.a(_clear_bss.o)
                0x00000cce                __do_clear_bss
 *(.init4)
 *(.init5)
 *(.init5)
 *(.init6)
 .init6         0x00000cde       0x20 c:/program files (x86)/atmel/studio/7.0/toolchain/avr8/avr8-gnu-toolchain/bin/../lib/gcc/avr/5.4.0/avr6\libgcc.a(_ctors.o)
                0x00000cde                __do_global_ctors
 *(.init6)
 *(.init7)
 *(.init7)
 *(.init8)
 *(.init8)
 *(.init9)
 .init9         0x00000cfe        0x8 C:/Program Files (x86)/Atmel/Studio/7.0/Packs/atmel/ATmega_DFP/1.6.364/gcc/dev/atmega2560/avr6/crtatmega2560.o
 *(.init9)
 *(.text)
 .text          0x00000d06        0x2 C:/Program Files (x86)/Atmel/Studio/7.0/Packs/atmel/ATmega_DFP/1.6.364/gcc/dev/atmega2560/avr6/crtatmega2560.o
                0x00000d06                __vector_38
                0x00000d06                __vector_22
                0x00000d06                __vector_28
                0x00000d06                __vector_1
                0x00000d06                __vector_34
                0x00000d06                __vector_24
                0x00000d06                __vector_12
                0x00000d06                __vector_55
                0x00000d06                __vector_46
                0x00000d06                __bad_interrupt
                0x00000d06                __vector_6
                0x00000d06                __vector_31
                0x00000d06                __vector_3
                0x00000d06                __vector_30
                0x00000d06                __vector_45
                0x00000d06                __vector_11
                0x00000d06                __vector_54
                0x00000d06                __vector_13
                0x00000d06                __vector_19
                0x00000d06                __vector_56
                0x00000d06                __vector_7
                0x00000d06                __vector_49
                0x00000d06                __vector_41
                0x00000d06                __vector_43
                0x00000d06                __vector_27
                0x00000d06                __vector_5
                0x00000d06                __vector_33
                0x00000d06                __vector_52
                0x00000d06                __vector_37
                0x00000d06                __vector_4
                0x00000d06                __vector_44
                0x00000d06                __vector_51
                0x00000d06                __vector_9
                0x00000d06                __vector_2
                0x00000d06                __vector_21
                0x00000d06                __vector_15
                0x00000d06                __vector_36
                0x00000d06                __vector_29
                0x00000d06                __vector_40
                0x00000d06                __vector_8
                0x00000d06                __vector_48
                0x00000d06                __vector_14
                0x00000d06                __vector_53
                0x00000d06                __vector_10
                0x00000d06                __vector_50
                0x00000d06                __vector_16
                0x00000d06                __vector_18
 .text          0x00000d08       0x8a C:\skole\eux\H3\embaded\Embedded_2\Det_Intelligente_Hus\Det_Intelligente_Hus\ArduinoCore\Debug\libArduinoCore.a(wiring_pulse.o)
                0x00000d08                countPulseASM
                0x00000d92                . = ALIGN (0x2)
 *(.text.*)
 .text._Z8GetHumidv
                0x00000d92       0x20 DHT11/DHT11.o
                0x00000d92                _Z8GetHumidv
 .text._Z7GetTempv
                0x00000db2       0x22 DHT11/DHT11.o
                0x00000db2                _Z7GetTempv
 .text._Z14TjekTempInHousv
                0x00000dd4      0x134 DHT11/DHT11.o
                0x00000dd4                _Z14TjekTempInHousv
 .text._Z7TooColdv
                0x00000f08       0x18 DHT11/DHT11.o
                0x00000f08                _Z7TooColdv
 .text._Z6TooHotv
                0x00000f20       0x18 DHT11/DHT11.o
                0x00000f20                _Z6TooHotv
 .text._Z11PerfektTempv
                0x00000f38       0x1a DHT11/DHT11.o
                0x00000f38                _Z11PerfektTempv
 .text._Z41__static_initialization_and_destruction_0ii
                0x00000f52       0x42 DHT11/DHT11.o
 .text._GLOBAL__sub_I_SetNumber
                0x00000f94       0x18 DHT11/DHT11.o
 .text._Z11GetDistancev
                0x00000fac       0x36 HC-SR04/HC-SR04.o
                0x00000fac                _Z11GetDistancev
 .text._Z41__static_initialization_and_destruction_0ii
                0x00000fe2       0x5c HC-SR04/HC-SR04.o
 .text._GLOBAL__sub_I_hc
                0x0000103e       0x18 HC-SR04/HC-SR04.o
 .text._GLOBAL__sub_D_hc
                0x00001056       0x18 HC-SR04/HC-SR04.o
 .text._Z12LCDPrintTempf
                0x0000106e       0x5c LCD/LCD.o
                0x0000106e                _Z12LCDPrintTempf
 .text._Z16LCDPrintHumidityf
                0x000010ca       0x60 LCD/LCD.o
                0x000010ca                _Z16LCDPrintHumidityf
 .text._Z19LCDPrintTimeAndDate11RTCDateTime
                0x0000112a      0x13a LCD/LCD.o
                0x0000112a                _Z19LCDPrintTimeAndDate11RTCDateTime
 .text._Z41__static_initialization_and_destruction_0ii
                0x00001264       0x8c LCD/LCD.o
 .text._GLOBAL__sub_I_rs
                0x000012f0       0x18 LCD/LCD.o
 .text._Z15ChangeRGBAnalogv
                0x00001308      0x144 Light/Light.o
                0x00001308                _Z15ChangeRGBAnalogv
 .text._Z12TurnOnRedLEDv
                0x0000144c       0x18 Light/Light.o
                0x0000144c                _Z12TurnOnRedLEDv
 .text._Z14TurnOnGreenLEDv
                0x00001464       0x18 Light/Light.o
                0x00001464                _Z14TurnOnGreenLEDv
 .text._Z13TurnOnBlueLEDv
                0x0000147c       0x18 Light/Light.o
                0x0000147c                _Z13TurnOnBlueLEDv
 .text._Z13TurnOFFRedLEDv
                0x00001494       0x18 Light/Light.o
                0x00001494                _Z13TurnOFFRedLEDv
 .text._Z15TurnOFFGreenLEDv
                0x000014ac       0x18 Light/Light.o
                0x000014ac                _Z15TurnOFFGreenLEDv
 .text._Z14TurnOFFBlueLEDv
                0x000014c4       0x18 Light/Light.o
                0x000014c4                _Z14TurnOFFBlueLEDv
 .text._ZN14HardwareSerial5beginEm
                0x000014dc       0x44 Main.o
                0x000014dc                _ZN14HardwareSerial5beginEm
 .text.setup    0x00001520      0x27e Main.o
                0x00001520                setup
 .text.loop     0x0000179e      0x21e Main.o
                0x0000179e                loop
 .text._ZN12Adafruit_GFX9setCursorEii
                0x000019bc       0x48 Menu/Menu.o
                0x000019bc                _ZN12Adafruit_GFX9setCursorEii
 .text._ZN12Adafruit_GFX12setTextColorEj
                0x00001a04       0x46 Menu/Menu.o
                0x00001a04                _ZN12Adafruit_GFX12setTextColorEj
 .text._Z11DisplayMenuv
                0x00001a4a       0xa4 Menu/Menu.o
                0x00001a4a                _Z11DisplayMenuv
 .text._Z4MenucPb
                0x00001aee       0xde Menu/Menu.o
                0x00001aee                _Z4MenucPb
 .text._Z11WelcomeOLEDv
                0x00001bcc       0x6c Menu/Menu.o
                0x00001bcc                _Z11WelcomeOLEDv
 .text._Z41__static_initialization_and_destruction_0ii
                0x00001c38       0xc2 Menu/Menu.o
 .text._GLOBAL__sub_I_display
                0x00001cfa       0x18 Menu/Menu.o
 .text._GLOBAL__sub_D_display
                0x00001d12       0x18 Menu/Menu.o
 .text._Z11TempTooColdv
                0x00001d2a      0x15a Moters/FanMoter.o
                0x00001d2a                _Z11TempTooColdv
 .text._Z10TempTooHotv
                0x00001e84      0x15e Moters/FanMoter.o
                0x00001e84                _Z10TempTooHotv
 .text._Z11TempPerfektv
                0x00001fe2      0x15e Moters/FanMoter.o
                0x00001fe2                _Z11TempPerfektv
 .text._ZN6StringpLERKS_
                0x00002140       0x34 NFC/KeyCardAccess.o
                0x00002140                _ZN6StringpLERKS_
 .text._ZN6StringpLEPKc
                0x00002174       0x34 NFC/KeyCardAccess.o
                0x00002174                _ZN6StringpLEPKc
 .text._ZNK6StringeqERKS_
                0x000021a8       0x30 NFC/KeyCardAccess.o
                0x000021a8                _ZNK6StringeqERKS_
 .text._ZNK6StringneERKS_
                0x000021d8       0x3a NFC/KeyCardAccess.o
                0x000021d8                _ZNK6StringneERKS_
 .text._Z7ReadUIDv
                0x00002212       0xae NFC/KeyCardAccess.o
                0x00002212                _Z7ReadUIDv
 .text._Z12CheckKeyCard6StringPb
                0x000022c0       0xa8 NFC/KeyCardAccess.o
                0x000022c0                _Z12CheckKeyCard6StringPb
 .text._Z41__static_initialization_and_destruction_0ii
                0x00002368       0x40 NFC/KeyCardAccess.o
 .text._GLOBAL__sub_I_mfrc522
                0x000023a8       0x18 NFC/KeyCardAccess.o
 .text._Z8SetServoi
                0x000023c0       0x4a Servos/Servos.o
                0x000023c0                _Z8SetServoi
 .text._Z41__static_initialization_and_destruction_0ii
                0x0000240a       0x3c Servos/Servos.o
 .text._GLOBAL__sub_I_myservo
                0x00002446       0x18 Servos/Servos.o
 .text._ZN11SPISettingsC2Emhh
                0x0000245e       0x54 src/libraries/Adafruit_BusIO/Adafruit_SPIDevice.o
                0x0000245e                _ZN11SPISettingsC1Emhh
                0x0000245e                _ZN11SPISettingsC2Emhh
 .text._ZN11SPISettings16init_MightInlineEmhh
                0x000024b2       0xfa src/libraries/Adafruit_BusIO/Adafruit_SPIDevice.o
                0x000024b2                _ZN11SPISettings16init_MightInlineEmhh
 .text._ZN8SPIClass16beginTransactionE11SPISettings
                0x000025ac       0x84 src/libraries/Adafruit_BusIO/Adafruit_SPIDevice.o
                0x000025ac                _ZN8SPIClass16beginTransactionE11SPISettings
 .text._ZN8SPIClass14endTransactionEv
                0x00002630       0x54 src/libraries/Adafruit_BusIO/Adafruit_SPIDevice.o
                0x00002630                _ZN8SPIClass14endTransactionEv
 .text._ZN5PrintC2Ev
                0x00002684       0x34 src/libraries/Adafruit_GFX_Library/Adafruit_GFX.o
                0x00002684                _ZN5PrintC2Ev
                0x00002684                _ZN5PrintC1Ev
 .text._ZN5Print17availableForWriteEv
                0x000026b8       0x1e src/libraries/Adafruit_GFX_Library/Adafruit_GFX.o
                0x000026b8                _ZN5Print17availableForWriteEv
 .text._ZN5Print5flushEv
                0x000026d6       0x1c src/libraries/Adafruit_GFX_Library/Adafruit_GFX.o
                0x000026d6                _ZN5Print5flushEv
 .text._ZNK12Adafruit_GFX5widthEv
                0x000026f2       0x24 src/libraries/Adafruit_GFX_Library/Adafruit_GFX.o
                0x000026f2                _ZNK12Adafruit_GFX5widthEv
 .text._ZNK12Adafruit_GFX6heightEv
                0x00002716       0x24 src/libraries/Adafruit_GFX_Library/Adafruit_GFX.o
                0x00002716                _ZNK12Adafruit_GFX6heightEv
 .text._ZNK12Adafruit_GFX11getRotationEv
                0x0000273a       0x22 src/libraries/Adafruit_GFX_Library/Adafruit_GFX.o
                0x0000273a                _ZNK12Adafruit_GFX11getRotationEv
 .text._Z18pgm_read_glyph_ptrPK7GFXfonth
                0x0000275c       0x6e src/libraries/Adafruit_GFX_Library/Adafruit_GFX.o
                0x0000275c                _Z18pgm_read_glyph_ptrPK7GFXfonth
 .text._Z19pgm_read_bitmap_ptrPK7GFXfont
                0x000027ca       0x42 src/libraries/Adafruit_GFX_Library/Adafruit_GFX.o
                0x000027ca                _Z19pgm_read_bitmap_ptrPK7GFXfont
 .text._ZN12Adafruit_GFXC2Eii
                0x0000280c      0x102 src/libraries/Adafruit_GFX_Library/Adafruit_GFX.o
                0x0000280c                _ZN12Adafruit_GFXC2Eii
                0x0000280c                _ZN12Adafruit_GFXC1Eii
 .text._ZN12Adafruit_GFX9writeLineEiiiij
                0x0000290e      0x21c src/libraries/Adafruit_GFX_Library/Adafruit_GFX.o
                0x0000290e                _ZN12Adafruit_GFX9writeLineEiiiij
 .text._ZN12Adafruit_GFX10startWriteEv
                0x00002b2a       0x1c src/libraries/Adafruit_GFX_Library/Adafruit_GFX.o
                0x00002b2a                _ZN12Adafruit_GFX10startWriteEv
 .text._ZN12Adafruit_GFX10writePixelEiij
                0x00002b46       0x5c src/libraries/Adafruit_GFX_Library/Adafruit_GFX.o
                0x00002b46                _ZN12Adafruit_GFX10writePixelEiij
 .text._ZN12Adafruit_GFX14writeFastVLineEiiij
                0x00002ba2       0x6e src/libraries/Adafruit_GFX_Library/Adafruit_GFX.o
                0x00002ba2                _ZN12Adafruit_GFX14writeFastVLineEiiij
 .text._ZN12Adafruit_GFX14writeFastHLineEiiij
                0x00002c10       0x6e src/libraries/Adafruit_GFX_Library/Adafruit_GFX.o
                0x00002c10                _ZN12Adafruit_GFX14writeFastHLineEiiij
 .text._ZN12Adafruit_GFX13writeFillRectEiiiij
                0x00002c7e       0x80 src/libraries/Adafruit_GFX_Library/Adafruit_GFX.o
                0x00002c7e                _ZN12Adafruit_GFX13writeFillRectEiiiij
 .text._ZN12Adafruit_GFX8endWriteEv
                0x00002cfe       0x1c src/libraries/Adafruit_GFX_Library/Adafruit_GFX.o
                0x00002cfe                _ZN12Adafruit_GFX8endWriteEv
 .text._ZN12Adafruit_GFX13drawFastVLineEiiij
                0x00002d1a       0xbc src/libraries/Adafruit_GFX_Library/Adafruit_GFX.o
                0x00002d1a                _ZN12Adafruit_GFX13drawFastVLineEiiij
 .text._ZN12Adafruit_GFX13drawFastHLineEiiij
                0x00002dd6       0xbe src/libraries/Adafruit_GFX_Library/Adafruit_GFX.o
                0x00002dd6                _ZN12Adafruit_GFX13drawFastHLineEiiij
 .text._ZN12Adafruit_GFX8fillRectEiiiij
                0x00002e94       0xd8 src/libraries/Adafruit_GFX_Library/Adafruit_GFX.o
                0x00002e94                _ZN12Adafruit_GFX8fillRectEiiiij
 .text._ZN12Adafruit_GFX10fillScreenEj
                0x00002f6c       0x78 src/libraries/Adafruit_GFX_Library/Adafruit_GFX.o
                0x00002f6c                _ZN12Adafruit_GFX10fillScreenEj
 .text._ZN12Adafruit_GFX8drawLineEiiiij
                0x00002fe4      0x198 src/libraries/Adafruit_GFX_Library/Adafruit_GFX.o
                0x00002fe4                _ZN12Adafruit_GFX8drawLineEiiiij
 .text._ZN12Adafruit_GFX8drawRectEiiiij
                0x0000317c      0x148 src/libraries/Adafruit_GFX_Library/Adafruit_GFX.o
                0x0000317c                _ZN12Adafruit_GFX8drawRectEiiiij
 .text._ZN12Adafruit_GFX10drawBitmapEiiPKhiij
                0x000032c4      0x18c src/libraries/Adafruit_GFX_Library/Adafruit_GFX.o
                0x000032c4                _ZN12Adafruit_GFX10drawBitmapEiiPKhiij
 .text._ZN12Adafruit_GFX8drawCharEiihjjhh
                0x00003450      0x6a4 src/libraries/Adafruit_GFX_Library/Adafruit_GFX.o
                0x00003450                _ZN12Adafruit_GFX8drawCharEiihjjhh
 .text._ZN12Adafruit_GFX5writeEh
                0x00003af4      0x430 src/libraries/Adafruit_GFX_Library/Adafruit_GFX.o
                0x00003af4                _ZN12Adafruit_GFX5writeEh
 .text._ZN12Adafruit_GFX11setTextSizeEh
                0x00003f24       0x28 src/libraries/Adafruit_GFX_Library/Adafruit_GFX.o
                0x00003f24                _ZN12Adafruit_GFX11setTextSizeEh
 .text._ZN12Adafruit_GFX11setTextSizeEhh
                0x00003f4c       0x4c src/libraries/Adafruit_GFX_Library/Adafruit_GFX.o
                0x00003f4c                _ZN12Adafruit_GFX11setTextSizeEhh
 .text._ZN12Adafruit_GFX11setRotationEh
                0x00003f98       0xaa src/libraries/Adafruit_GFX_Library/Adafruit_GFX.o
                0x00003f98                _ZN12Adafruit_GFX11setRotationEh
 .text._ZN12Adafruit_GFX13invertDisplayEb
                0x00004042       0x1e src/libraries/Adafruit_GFX_Library/Adafruit_GFX.o
                0x00004042                _ZN12Adafruit_GFX13invertDisplayEb
 .text._ZN8SPIClass8transferEh
                0x00004060       0x3e src/libraries/Adafruit_GFX_Library/Adafruit_SPITFT.o
                0x00004060                _ZN8SPIClass8transferEh
 .text._ZN11SPISettingsC2Ev
                0x0000409e       0xe8 src/libraries/Adafruit_SSD1306/Adafruit_SSD1306.o
                0x0000409e                _ZN11SPISettingsC2Ev
                0x0000409e                _ZN11SPISettingsC1Ev
 .text._ZN16Adafruit_SSD1306C2EhhP7TwoWireamm
                0x00004186      0x124 src/libraries/Adafruit_SSD1306/Adafruit_SSD1306.o
                0x00004186                _ZN16Adafruit_SSD1306C2EhhP7TwoWireamm
                0x00004186                _ZN16Adafruit_SSD1306C1EhhP7TwoWireamm
 .text._ZN16Adafruit_SSD1306D2Ev
                0x000042aa       0x50 src/libraries/Adafruit_SSD1306/Adafruit_SSD1306.o
                0x000042aa                _ZN16Adafruit_SSD1306D1Ev
                0x000042aa                _ZN16Adafruit_SSD1306D2Ev
 .text._ZN16Adafruit_SSD130616ssd1306_command1Eh
                0x000042fa      0x1c6 src/libraries/Adafruit_SSD1306/Adafruit_SSD1306.o
                0x000042fa                _ZN16Adafruit_SSD130616ssd1306_command1Eh
 .text._ZN16Adafruit_SSD130619ssd1306_commandListEPKhh
                0x000044c0      0x2a6 src/libraries/Adafruit_SSD1306/Adafruit_SSD1306.o
                0x000044c0                _ZN16Adafruit_SSD130619ssd1306_commandListEPKhh
 .text._ZN16Adafruit_SSD13065beginEhhbb
                0x00004766      0x71e src/libraries/Adafruit_SSD1306/Adafruit_SSD1306.o
                0x00004766                _ZN16Adafruit_SSD13065beginEhhbb
 .text._ZN16Adafruit_SSD13069drawPixelEiij
                0x00004e84      0x382 src/libraries/Adafruit_SSD1306/Adafruit_SSD1306.o
                0x00004e84                _ZN16Adafruit_SSD13069drawPixelEiij
 .text._ZN16Adafruit_SSD130612clearDisplayEv
                0x00005206       0x6a src/libraries/Adafruit_SSD1306/Adafruit_SSD1306.o
                0x00005206                _ZN16Adafruit_SSD130612clearDisplayEv
 .text._ZN16Adafruit_SSD130613drawFastHLineEiiij
                0x00005270      0x1a8 src/libraries/Adafruit_SSD1306/Adafruit_SSD1306.o
                0x00005270                _ZN16Adafruit_SSD130613drawFastHLineEiiij
 .text._ZN16Adafruit_SSD130621drawFastHLineInternalEiiij
                0x00005418      0x1f0 src/libraries/Adafruit_SSD1306/Adafruit_SSD1306.o
                0x00005418                _ZN16Adafruit_SSD130621drawFastHLineInternalEiiij
 .text._ZN16Adafruit_SSD130613drawFastVLineEiiij
                0x00005608      0x1a8 src/libraries/Adafruit_SSD1306/Adafruit_SSD1306.o
                0x00005608                _ZN16Adafruit_SSD130613drawFastVLineEiiij
 .text._ZN16Adafruit_SSD130621drawFastVLineInternalEiiij
                0x000057b0      0x312 src/libraries/Adafruit_SSD1306/Adafruit_SSD1306.o
                0x000057b0                _ZN16Adafruit_SSD130621drawFastVLineInternalEiiij
 .text._ZN16Adafruit_SSD13067displayEv
                0x00005ac2      0x3e6 src/libraries/Adafruit_SSD1306/Adafruit_SSD1306.o
                0x00005ac2                _ZN16Adafruit_SSD13067displayEv
 .text._ZN16Adafruit_SSD130613invertDisplayEb
                0x00005ea8      0x116 src/libraries/Adafruit_SSD1306/Adafruit_SSD1306.o
                0x00005ea8                _ZN16Adafruit_SSD130613invertDisplayEb
 .text._ZN13InterruptLockC2Ev
                0x00005fbe       0x1e src/libraries/DHT_sensor_library/DHT.o
                0x00005fbe                _ZN13InterruptLockC1Ev
                0x00005fbe                _ZN13InterruptLockC2Ev
 .text._ZN13InterruptLockD2Ev
                0x00005fdc       0x1e src/libraries/DHT_sensor_library/DHT.o
                0x00005fdc                _ZN13InterruptLockD2Ev
                0x00005fdc                _ZN13InterruptLockD1Ev
 .text._ZN3DHTC2Ehhh
                0x00005ffa       0xa0 src/libraries/DHT_sensor_library/DHT.o
                0x00005ffa                _ZN3DHTC1Ehhh
                0x00005ffa                _ZN3DHTC2Ehhh
 .text._ZN3DHT5beginEh
                0x0000609a       0x54 src/libraries/DHT_sensor_library/DHT.o
                0x0000609a                _ZN3DHT5beginEh
 .text._ZN3DHT15readTemperatureEbb
                0x000060ee      0x2c0 src/libraries/DHT_sensor_library/DHT.o
                0x000060ee                _ZN3DHT15readTemperatureEbb
 .text._ZN3DHT11convertCtoFEf
                0x000063ae       0x5a src/libraries/DHT_sensor_library/DHT.o
                0x000063ae                _ZN3DHT11convertCtoFEf
 .text._ZN3DHT12readHumidityEb
                0x00006408      0x154 src/libraries/DHT_sensor_library/DHT.o
                0x00006408                _ZN3DHT12readHumidityEb
 .text._ZN3DHT4readEb
                0x0000655c      0x588 src/libraries/DHT_sensor_library/DHT.o
                0x0000655c                _ZN3DHT4readEb
 .text._ZN3DHT11expectPulseEb
                0x00006ae4       0xdc src/libraries/DHT_sensor_library/DHT.o
                0x00006ae4                _ZN3DHT11expectPulseEb
 .text._ZN7TwoWire5writeEi
                0x00006bc0       0x3e src/libraries/DS3231/DS3231.o
                0x00006bc0                _ZN7TwoWire5writeEi
 .text._ZN6DS32315beginEv
                0x00006bfe       0x88 src/libraries/DS3231/DS3231.o
                0x00006bfe                _ZN6DS32315beginEv
 .text._ZN6DS323111getDateTimeEv
                0x00006c86      0x160 src/libraries/DS3231/DS3231.o
                0x00006c86                _ZN6DS323111getDateTimeEv
 .text._ZN6DS323110setBatteryEbb
                0x00006de6       0x64 src/libraries/DS3231/DS3231.o
                0x00006de6                _ZN6DS323110setBatteryEbb
 .text._ZN6DS32317bcd2decEh
                0x00006e4a       0x32 src/libraries/DS3231/DS3231.o
                0x00006e4a                _ZN6DS32317bcd2decEh
 .text._ZN6DS32319time2longEjhhh
                0x00006e7c       0xc8 src/libraries/DS3231/DS3231.o
                0x00006e7c                _ZN6DS32319time2longEjhhh
 .text._ZN6DS323110isLeapYearEj
                0x00006f44       0x34 src/libraries/DS3231/DS3231.o
                0x00006f44                _ZN6DS323110isLeapYearEj
 .text._ZN6DS32319date2daysEjhh
                0x00006f78       0xe4 src/libraries/DS3231/DS3231.o
                0x00006f78                _ZN6DS32319date2daysEjhh
 .text._ZN6DS32318unixtimeEv
                0x0000705c       0xa4 src/libraries/DS3231/DS3231.o
                0x0000705c                _ZN6DS32318unixtimeEv
 .text._ZN6DS323114writeRegister8Ehh
                0x00007100       0x4c src/libraries/DS3231/DS3231.o
                0x00007100                _ZN6DS323114writeRegister8Ehh
 .text._ZN6DS323113readRegister8Eh
                0x0000714c       0x78 src/libraries/DS3231/DS3231.o
                0x0000714c                _ZN6DS323113readRegister8Eh
 .text._ZN6HCSR044initEiPii
                0x000071c4       0xb2 src/libraries/HCSR04_ultrasonic_sensor/src/HCSR04.o
                0x000071c4                _ZN6HCSR044initEiPii
 .text._ZN6HCSR04C2Eii
                0x00007276       0x50 src/libraries/HCSR04_ultrasonic_sensor/src/HCSR04.o
                0x00007276                _ZN6HCSR04C2Eii
                0x00007276                _ZN6HCSR04C1Eii
 .text._ZN6HCSR04D2Ev
                0x000072c6       0x38 src/libraries/HCSR04_ultrasonic_sensor/src/HCSR04.o
                0x000072c6                _ZN6HCSR04D2Ev
                0x000072c6                _ZN6HCSR04D1Ev
 .text._ZNK6HCSR044distEi
                0x000072fe       0xd0 src/libraries/HCSR04_ultrasonic_sensor/src/HCSR04.o
                0x000072fe                _ZNK6HCSR044distEi
 .text._ZNK6HCSR044distEv
                0x000073ce       0x2c src/libraries/HCSR04_ultrasonic_sensor/src/HCSR04.o
                0x000073ce                _ZNK6HCSR044distEv
 .text._ZN3KeyC2Ev
                0x000073fa       0x34 src/libraries/Keypad/src/Key.o
                0x000073fa                _ZN3KeyC2Ev
                0x000073fa                _ZN3KeyC1Ev
 .text._ZN6Keypad8pin_modeEhh
                0x0000742e       0x2c src/libraries/Keypad/src/Keypad.o
                0x0000742e                _ZN6Keypad8pin_modeEhh
 .text._ZN6Keypad9pin_writeEhb
                0x0000745a       0x2e src/libraries/Keypad/src/Keypad.o
                0x0000745a                _ZN6Keypad9pin_writeEhb
 .text._ZN6Keypad8pin_readEh
                0x00007488       0x22 src/libraries/Keypad/src/Keypad.o
                0x00007488                _ZN6Keypad8pin_readEh
 .text._ZN6KeypadC2EPcPhS1_hh
                0x000074aa      0x112 src/libraries/Keypad/src/Keypad.o
                0x000074aa                _ZN6KeypadC2EPcPhS1_hh
                0x000074aa                _ZN6KeypadC1EPcPhS1_hh
 .text._ZN6Keypad5beginEPc
                0x000075bc       0x36 src/libraries/Keypad/src/Keypad.o
                0x000075bc                _ZN6Keypad5beginEPc
 .text._ZN6Keypad6getKeyEv
                0x000075f2       0x6c src/libraries/Keypad/src/Keypad.o
                0x000075f2                _ZN6Keypad6getKeyEv
 .text._ZN6Keypad7getKeysEv
                0x0000765e       0x8e src/libraries/Keypad/src/Keypad.o
                0x0000765e                _ZN6Keypad7getKeysEv
 .text._ZN6Keypad8scanKeysEv
                0x000076ec      0x286 src/libraries/Keypad/src/Keypad.o
                0x000076ec                _ZN6Keypad8scanKeysEv
 .text._ZN6Keypad10updateListEv
                0x00007972      0x2e0 src/libraries/Keypad/src/Keypad.o
                0x00007972                _ZN6Keypad10updateListEv
 .text._ZN6Keypad12nextKeyStateEhb
                0x00007c52      0x152 src/libraries/Keypad/src/Keypad.o
                0x00007c52                _ZN6Keypad12nextKeyStateEhb
 .text._ZN6Keypad10findInListEi
                0x00007da4       0x70 src/libraries/Keypad/src/Keypad.o
                0x00007da4                _ZN6Keypad10findInListEi
 .text._ZN6Keypad15setDebounceTimeEj
                0x00007e14       0x52 src/libraries/Keypad/src/Keypad.o
                0x00007e14                _ZN6Keypad15setDebounceTimeEj
 .text._ZN6Keypad11setHoldTimeEj
                0x00007e66       0x36 src/libraries/Keypad/src/Keypad.o
                0x00007e66                _ZN6Keypad11setHoldTimeEj
 .text._ZN6Keypad12transitionToEh8KeyState
                0x00007e9c       0xf6 src/libraries/Keypad/src/Keypad.o
                0x00007e9c                _ZN6Keypad12transitionToEh8KeyState
 .text._ZN13LiquidCrystalC2Ehhhhhh
                0x00007f92       0x88 src/libraries/LiquidCrystal/src/LiquidCrystal.o
                0x00007f92                _ZN13LiquidCrystalC1Ehhhhhh
                0x00007f92                _ZN13LiquidCrystalC2Ehhhhhh
 .text._ZN13LiquidCrystal4initEhhhhhhhhhhhh
                0x0000801a       0xe4 src/libraries/LiquidCrystal/src/LiquidCrystal.o
                0x0000801a                _ZN13LiquidCrystal4initEhhhhhhhhhhhh
 .text._ZN13LiquidCrystal5beginEhhh
                0x000080fe      0x246 src/libraries/LiquidCrystal/src/LiquidCrystal.o
                0x000080fe                _ZN13LiquidCrystal5beginEhhh
 .text._ZN13LiquidCrystal13setRowOffsetsEiiii
                0x00008344       0x6c src/libraries/LiquidCrystal/src/LiquidCrystal.o
                0x00008344                _ZN13LiquidCrystal13setRowOffsetsEiiii
 .text._ZN13LiquidCrystal5clearEv
                0x000083b0       0x2c src/libraries/LiquidCrystal/src/LiquidCrystal.o
                0x000083b0                _ZN13LiquidCrystal5clearEv
 .text._ZN13LiquidCrystal9setCursorEhh
                0x000083dc       0x78 src/libraries/LiquidCrystal/src/LiquidCrystal.o
                0x000083dc                _ZN13LiquidCrystal9setCursorEhh
 .text._ZN13LiquidCrystal7displayEv
                0x00008454       0x44 src/libraries/LiquidCrystal/src/LiquidCrystal.o
                0x00008454                _ZN13LiquidCrystal7displayEv
 .text._ZN13LiquidCrystal7commandEh
                0x00008498       0x28 src/libraries/LiquidCrystal/src/LiquidCrystal.o
                0x00008498                _ZN13LiquidCrystal7commandEh
 .text._ZN13LiquidCrystal5writeEh
                0x000084c0       0x2a src/libraries/LiquidCrystal/src/LiquidCrystal.o
                0x000084c0                _ZN13LiquidCrystal5writeEh
 .text._ZN13LiquidCrystal4sendEhh
                0x000084ea       0x92 src/libraries/LiquidCrystal/src/LiquidCrystal.o
                0x000084ea                _ZN13LiquidCrystal4sendEhh
 .text._ZN13LiquidCrystal11pulseEnableEv
                0x0000857c       0x5e src/libraries/LiquidCrystal/src/LiquidCrystal.o
                0x0000857c                _ZN13LiquidCrystal11pulseEnableEv
 .text._ZN13LiquidCrystal10write4bitsEh
                0x000085da       0x72 src/libraries/LiquidCrystal/src/LiquidCrystal.o
                0x000085da                _ZN13LiquidCrystal10write4bitsEh
 .text._ZN13LiquidCrystal10write8bitsEh
                0x0000864c       0x72 src/libraries/LiquidCrystal/src/LiquidCrystal.o
                0x0000864c                _ZN13LiquidCrystal10write8bitsEh
 .text._ZN7MFRC522C2Ehh
                0x000086be       0x46 src/libraries/MFRC522/src/MFRC522.o
                0x000086be                _ZN7MFRC522C2Ehh
                0x000086be                _ZN7MFRC522C1Ehh
 .text._ZN7MFRC52217PCD_WriteRegisterENS_12PCD_RegisterEh
                0x00008704       0x74 src/libraries/MFRC522/src/MFRC522.o
                0x00008704                _ZN7MFRC52217PCD_WriteRegisterENS_12PCD_RegisterEh
 .text._ZN7MFRC52217PCD_WriteRegisterENS_12PCD_RegisterEhPh
                0x00008778       0xa2 src/libraries/MFRC522/src/MFRC522.o
                0x00008778                _ZN7MFRC52217PCD_WriteRegisterENS_12PCD_RegisterEhPh
 .text._ZN7MFRC52216PCD_ReadRegisterENS_12PCD_RegisterE
                0x0000881a       0x76 src/libraries/MFRC522/src/MFRC522.o
                0x0000881a                _ZN7MFRC52216PCD_ReadRegisterENS_12PCD_RegisterE
 .text._ZN7MFRC52216PCD_ReadRegisterENS_12PCD_RegisterEhPhh
                0x00008890      0x128 src/libraries/MFRC522/src/MFRC522.o
                0x00008890                _ZN7MFRC52216PCD_ReadRegisterENS_12PCD_RegisterEhPhh
 .text._ZN7MFRC52222PCD_SetRegisterBitMaskENS_12PCD_RegisterEh
                0x000089b8       0x44 src/libraries/MFRC522/src/MFRC522.o
                0x000089b8                _ZN7MFRC52222PCD_SetRegisterBitMaskENS_12PCD_RegisterEh
 .text._ZN7MFRC52224PCD_ClearRegisterBitMaskENS_12PCD_RegisterEh
                0x000089fc       0x48 src/libraries/MFRC522/src/MFRC522.o
                0x000089fc                _ZN7MFRC52224PCD_ClearRegisterBitMaskENS_12PCD_RegisterEh
 .text._ZN7MFRC52216PCD_CalculateCRCEPhhS0_
                0x00008a44       0xde src/libraries/MFRC522/src/MFRC522.o
                0x00008a44                _ZN7MFRC52216PCD_CalculateCRCEPhhS0_
 .text._ZN7MFRC5228PCD_InitEv
                0x00008b22      0x11e src/libraries/MFRC522/src/MFRC522.o
                0x00008b22                _ZN7MFRC5228PCD_InitEv
 .text._ZN7MFRC5229PCD_ResetEv
                0x00008c40       0x60 src/libraries/MFRC522/src/MFRC522.o
                0x00008c40                _ZN7MFRC5229PCD_ResetEv
 .text._ZN7MFRC52213PCD_AntennaOnEv
                0x00008ca0       0x44 src/libraries/MFRC522/src/MFRC522.o
                0x00008ca0                _ZN7MFRC52213PCD_AntennaOnEv
 .text._ZN7MFRC52218PCD_TransceiveDataEPhhS0_S0_S0_hb
                0x00008ce4       0x92 src/libraries/MFRC522/src/MFRC522.o
                0x00008ce4                _ZN7MFRC52218PCD_TransceiveDataEPhhS0_S0_S0_hb
 .text._ZN7MFRC52223PCD_CommunicateWithPICCEhhPhhS0_S0_S0_hb
                0x00008d76      0x270 src/libraries/MFRC522/src/MFRC522.o
                0x00008d76                _ZN7MFRC52223PCD_CommunicateWithPICCEhhPhhS0_S0_S0_hb
 .text._ZN7MFRC52213PICC_RequestAEPhS0_
                0x00008fe6       0x3a src/libraries/MFRC522/src/MFRC522.o
                0x00008fe6                _ZN7MFRC52213PICC_RequestAEPhS0_
 .text._ZN7MFRC52217PICC_REQA_or_WUPAEhPhS0_
                0x00009020       0xb8 src/libraries/MFRC522/src/MFRC522.o
                0x00009020                _ZN7MFRC52217PICC_REQA_or_WUPAEhPhS0_
 .text._ZN7MFRC52211PICC_SelectEPNS_3UidEh
                0x000090d8      0x4b8 src/libraries/MFRC522/src/MFRC522.o
                0x000090d8                _ZN7MFRC52211PICC_SelectEPNS_3UidEh
 .text._ZN7MFRC52221PICC_IsNewCardPresentEv
                0x00009590       0x6c src/libraries/MFRC522/src/MFRC522.o
                0x00009590                _ZN7MFRC52221PICC_IsNewCardPresentEv
 .text._ZN7MFRC52219PICC_ReadCardSerialEv
                0x000095fc       0x4a src/libraries/MFRC522/src/MFRC522.o
                0x000095fc                _ZN7MFRC52219PICC_ReadCardSerialEv
 .text._ZL17handle_interrupts18timer16_Sequence_tPVjS1_
                0x00009646      0x2fc src/libraries/Servo/src/avr/Servo.o
 .text.__vector_17
                0x00009942       0x6e src/libraries/Servo/src/avr/Servo.o
                0x00009942                __vector_17
 .text.__vector_32
                0x000099b0       0x6e src/libraries/Servo/src/avr/Servo.o
                0x000099b0                __vector_32
 .text.__vector_42
                0x00009a1e       0x6e src/libraries/Servo/src/avr/Servo.o
                0x00009a1e                __vector_42
 .text.__vector_47
                0x00009a8c       0x6e src/libraries/Servo/src/avr/Servo.o
                0x00009a8c                __vector_47
 .text._ZL7initISR18timer16_Sequence_t
                0x00009afa       0xfe src/libraries/Servo/src/avr/Servo.o
 .text._ZL13isTimerActive18timer16_Sequence_t
                0x00009bf8       0x6e src/libraries/Servo/src/avr/Servo.o
 .text._ZN5ServoC2Ev
                0x00009c66       0x68 src/libraries/Servo/src/avr/Servo.o
                0x00009c66                _ZN5ServoC1Ev
                0x00009c66                _ZN5ServoC2Ev
 .text._ZN5Servo6attachEi
                0x00009cce       0x34 src/libraries/Servo/src/avr/Servo.o
                0x00009cce                _ZN5Servo6attachEi
 .text._ZN5Servo6attachEiii
                0x00009d02      0x122 src/libraries/Servo/src/avr/Servo.o
                0x00009d02                _ZN5Servo6attachEiii
 .text._ZN5Servo5writeEi
                0x00009e24      0x124 src/libraries/Servo/src/avr/Servo.o
                0x00009e24                _ZN5Servo5writeEi
 .text._ZN5Servo17writeMicrosecondsEi
                0x00009f48      0x16c src/libraries/Servo/src/avr/Servo.o
                0x00009f48                _ZN5Servo17writeMicrosecondsEi
 .text._ZN8SPIClass5beginEv
                0x0000a0b4      0x108 src/libraries/SPI/src/SPI.o
                0x0000a0b4                _ZN8SPIClass5beginEv
 .text.__vector_20
                0x0000a1bc       0x6e src/libraries/TimerOne/TimerOne.o
                0x0000a1bc                __vector_20
 .text.__vector_35
                0x0000a22a       0x6e src/libraries/TimerThree/TimerThree.o
                0x0000a22a                __vector_35
 .text.twi_init
                0x0000a298       0x3c src/libraries/Wire/src/utility/twi.o
                0x0000a298                twi_init
 .text.twi_disable
                0x0000a2d4       0x1a src/libraries/Wire/src/utility/twi.o
                0x0000a2d4                twi_disable
 .text.twi_setFrequency
                0x0000a2ee       0x28 src/libraries/Wire/src/utility/twi.o
                0x0000a2ee                twi_setFrequency
 .text.twi_transmit
                0x0000a316       0x50 src/libraries/Wire/src/utility/twi.o
                0x0000a316                twi_transmit
 .text.twi_attachSlaveRxEvent
                0x0000a366        0xa src/libraries/Wire/src/utility/twi.o
                0x0000a366                twi_attachSlaveRxEvent
 .text.twi_attachSlaveTxEvent
                0x0000a370        0xa src/libraries/Wire/src/utility/twi.o
                0x0000a370                twi_attachSlaveTxEvent
 .text.twi_releaseBus
                0x0000a37a        0xc src/libraries/Wire/src/utility/twi.o
                0x0000a37a                twi_releaseBus
 .text.twi_handleTimeout
                0x0000a386       0x28 src/libraries/Wire/src/utility/twi.o
                0x0000a386                twi_handleTimeout
 .text.twi_readFrom
                0x0000a3ae      0x1ce src/libraries/Wire/src/utility/twi.o
                0x0000a3ae                twi_readFrom
 .text.twi_writeTo
                0x0000a57c      0x1de src/libraries/Wire/src/utility/twi.o
                0x0000a57c                twi_writeTo
 .text.twi_stop
                0x0000a75a       0x6e src/libraries/Wire/src/utility/twi.o
                0x0000a75a                twi_stop
 .text.__vector_39
                0x0000a7c8      0x25c src/libraries/Wire/src/utility/twi.o
                0x0000a7c8                __vector_39
 .text._ZN5Print13setWriteErrorEi
                0x0000aa24       0x32 src/libraries/Wire/src/Wire.o
                0x0000aa24                _ZN5Print13setWriteErrorEi
 .text._ZN6StreamC2Ev
                0x0000aa56       0x48 src/libraries/Wire/src/Wire.o
                0x0000aa56                _ZN6StreamC1Ev
                0x0000aa56                _ZN6StreamC2Ev
 .text._ZN7TwoWireC2Ev
                0x0000aa9e       0x30 src/libraries/Wire/src/Wire.o
                0x0000aa9e                _ZN7TwoWireC1Ev
                0x0000aa9e                _ZN7TwoWireC2Ev
 .text._ZN7TwoWire5beginEv
                0x0000aace       0x3a src/libraries/Wire/src/Wire.o
                0x0000aace                _ZN7TwoWire5beginEv
 .text._ZN7TwoWire8setClockEm
                0x0000ab08       0x3a src/libraries/Wire/src/Wire.o
                0x0000ab08                _ZN7TwoWire8setClockEm
 .text._ZN7TwoWire11requestFromEhhmhh
                0x0000ab42       0xea src/libraries/Wire/src/Wire.o
                0x0000ab42                _ZN7TwoWire11requestFromEhhmhh
 .text._ZN7TwoWire11requestFromEhhh
                0x0000ac2c       0x4c src/libraries/Wire/src/Wire.o
                0x0000ac2c                _ZN7TwoWire11requestFromEhhh
 .text._ZN7TwoWire11requestFromEii
                0x0000ac78       0x38 src/libraries/Wire/src/Wire.o
                0x0000ac78                _ZN7TwoWire11requestFromEii
 .text._ZN7TwoWire17beginTransmissionEh
                0x0000acb0       0x32 src/libraries/Wire/src/Wire.o
                0x0000acb0                _ZN7TwoWire17beginTransmissionEh
 .text._ZN7TwoWire17beginTransmissionEi
                0x0000ace2       0x2e src/libraries/Wire/src/Wire.o
                0x0000ace2                _ZN7TwoWire17beginTransmissionEi
 .text._ZN7TwoWire15endTransmissionEh
                0x0000ad10       0x48 src/libraries/Wire/src/Wire.o
                0x0000ad10                _ZN7TwoWire15endTransmissionEh
 .text._ZN7TwoWire15endTransmissionEv
                0x0000ad58       0x22 src/libraries/Wire/src/Wire.o
                0x0000ad58                _ZN7TwoWire15endTransmissionEv
 .text._ZN7TwoWire5writeEh
                0x0000ad7a       0x6e src/libraries/Wire/src/Wire.o
                0x0000ad7a                _ZN7TwoWire5writeEh
 .text._ZN7TwoWire5writeEPKhj
                0x0000ade8       0x90 src/libraries/Wire/src/Wire.o
                0x0000ade8                _ZN7TwoWire5writeEPKhj
 .text._ZN7TwoWire9availableEv
                0x0000ae78       0x32 src/libraries/Wire/src/Wire.o
                0x0000ae78                _ZN7TwoWire9availableEv
 .text._ZN7TwoWire4readEv
                0x0000aeaa       0x58 src/libraries/Wire/src/Wire.o
                0x0000aeaa                _ZN7TwoWire4readEv
 .text._ZN7TwoWire4peekEv
                0x0000af02       0x4e src/libraries/Wire/src/Wire.o
                0x0000af02                _ZN7TwoWire4peekEv
 .text._ZN7TwoWire5flushEv
                0x0000af50       0x1c src/libraries/Wire/src/Wire.o
                0x0000af50                _ZN7TwoWire5flushEv
 .text._ZN7TwoWire16onReceiveServiceEPhi
                0x0000af6c       0x9a src/libraries/Wire/src/Wire.o
                0x0000af6c                _ZN7TwoWire16onReceiveServiceEPhi
 .text._ZN7TwoWire16onRequestServiceEv
                0x0000b006       0x32 src/libraries/Wire/src/Wire.o
                0x0000b006                _ZN7TwoWire16onRequestServiceEv
 .text._Z41__static_initialization_and_destruction_0ii
                0x0000b038       0x3a src/libraries/Wire/src/Wire.o
 .text._GLOBAL__sub_I__ZN7TwoWire8rxBufferE
                0x0000b072       0x18 src/libraries/Wire/src/Wire.o
 .text._Z11GetDateTimev
                0x0000b08a       0x2a TimeAndDate/TimeAndDate.o
                0x0000b08a                _Z11GetDateTimev
 .text._Z14AddLeadingZeroi
                0x0000b0b4       0x36 TimeAndDate/TimeAndDate.o
                0x0000b0b4                _Z14AddLeadingZeroi
 .text.avr-libc.fplib
                0x0000b0ea        0xa c:/program files (x86)/atmel/studio/7.0/toolchain/avr8/avr8-gnu-toolchain/bin/../lib/gcc/avr/5.4.0/../../../../avr/lib/avr6\libm.a(addsf3.o)
                0x0000b0ea                __subsf3
                0x0000b0ec                __addsf3
 .text.avr-libc.fplib
                0x0000b0f4       0xc0 c:/program files (x86)/atmel/studio/7.0/toolchain/avr8/avr8-gnu-toolchain/bin/../lib/gcc/avr/5.4.0/../../../../avr/lib/avr6\libm.a(addsf3x.o)
                0x0000b10e                __addsf3x
 .text.avr-libc.fplib
                0x0000b1b4        0x8 c:/program files (x86)/atmel/studio/7.0/toolchain/avr8/avr8-gnu-toolchain/bin/../lib/gcc/avr/5.4.0/../../../../avr/lib/avr6\libm.a(cmpsf2.o)
                0x0000b1b4                __nesf2
                0x0000b1b4                __eqsf2
                0x0000b1b4                __cmpsf2
                0x0000b1b4                __ltsf2
                0x0000b1b4                __lesf2
 .text.avr-libc.fplib
                0x0000b1bc        0x4 c:/program files (x86)/atmel/studio/7.0/toolchain/avr8/avr8-gnu-toolchain/bin/../lib/gcc/avr/5.4.0/../../../../avr/lib/avr6\libm.a(divsf3.o)
                0x0000b1bc                __divsf3
 .text.avr-libc.fplib
                0x0000b1c0       0xcc c:/program files (x86)/atmel/studio/7.0/toolchain/avr8/avr8-gnu-toolchain/bin/../lib/gcc/avr/5.4.0/../../../../avr/lib/avr6\libm.a(divsf3x.o)
                0x0000b1d6                __divsf3x
                0x0000b1da                __divsf3_pse
 .text.avr-libc.fplib
                0x0000b28c       0x58 c:/program files (x86)/atmel/studio/7.0/toolchain/avr8/avr8-gnu-toolchain/bin/../lib/gcc/avr/5.4.0/../../../../avr/lib/avr6\libm.a(fixunssfsi.o)
                0x0000b28c                __fixunssfsi
 .text.avr-libc.fplib
                0x0000b2e4       0x7a c:/program files (x86)/atmel/studio/7.0/toolchain/avr8/avr8-gnu-toolchain/bin/../lib/gcc/avr/5.4.0/../../../../avr/lib/avr6\libm.a(floatsisf.o)
                0x0000b2e4                __floatunsisf
                0x0000b2e8                __floatsisf
 .text.avr-libc.fplib
                0x0000b35e       0x48 c:/program files (x86)/atmel/studio/7.0/toolchain/avr8/avr8-gnu-toolchain/bin/../lib/gcc/avr/5.4.0/../../../../avr/lib/avr6\libm.a(fp_cmp.o)
                0x0000b35e                __fp_cmp
 .text.avr-libc.fplib
                0x0000b3a6        0xc c:/program files (x86)/atmel/studio/7.0/toolchain/avr8/avr8-gnu-toolchain/bin/../lib/gcc/avr/5.4.0/../../../../avr/lib/avr6\libm.a(fp_inf.o)
                0x0000b3a6                __fp_inf
 .text.avr-libc.fplib
                0x0000b3b2        0x6 c:/program files (x86)/atmel/studio/7.0/toolchain/avr8/avr8-gnu-toolchain/bin/../lib/gcc/avr/5.4.0/../../../../avr/lib/avr6\libm.a(fp_nan.o)
                0x0000b3b2                __fp_nan
 .text.avr-libc.fplib
                0x0000b3b8        0xe c:/program files (x86)/atmel/studio/7.0/toolchain/avr8/avr8-gnu-toolchain/bin/../lib/gcc/avr/5.4.0/../../../../avr/lib/avr6\libm.a(fp_pscA.o)
                0x0000b3b8                __fp_pscA
 .text.avr-libc.fplib
                0x0000b3c6        0xe c:/program files (x86)/atmel/studio/7.0/toolchain/avr8/avr8-gnu-toolchain/bin/../lib/gcc/avr/5.4.0/../../../../avr/lib/avr6\libm.a(fp_pscB.o)
                0x0000b3c6                __fp_pscB
 .text.avr-libc.fplib
                0x0000b3d4       0x22 c:/program files (x86)/atmel/studio/7.0/toolchain/avr8/avr8-gnu-toolchain/bin/../lib/gcc/avr/5.4.0/../../../../avr/lib/avr6\libm.a(fp_round.o)
                0x0000b3d4                __fp_round
 .text.avr-libc.fplib
                0x0000b3f6       0x44 c:/program files (x86)/atmel/studio/7.0/toolchain/avr8/avr8-gnu-toolchain/bin/../lib/gcc/avr/5.4.0/../../../../avr/lib/avr6\libm.a(fp_split3.o)
                0x0000b3f6                __fp_split3
                0x0000b406                __fp_splitA
 .text.avr-libc.fplib
                0x0000b43a        0xe c:/program files (x86)/atmel/studio/7.0/toolchain/avr8/avr8-gnu-toolchain/bin/../lib/gcc/avr/5.4.0/../../../../avr/lib/avr6\libm.a(fp_zero.o)
                0x0000b43a                __fp_zero
                0x0000b43c                __fp_szero
 .text.avr-libc.fplib
                0x0000b448        0x8 c:/program files (x86)/atmel/studio/7.0/toolchain/avr8/avr8-gnu-toolchain/bin/../lib/gcc/avr/5.4.0/../../../../avr/lib/avr6\libm.a(gesf2.o)
                0x0000b448                __gesf2
                0x0000b448                __gtsf2
 .text.avr-libc.fplib
                0x0000b450        0x4 c:/program files (x86)/atmel/studio/7.0/toolchain/avr8/avr8-gnu-toolchain/bin/../lib/gcc/avr/5.4.0/../../../../avr/lib/avr6\libm.a(mulsf3.o)
                0x0000b450                __mulsf3
 .text.avr-libc.fplib
                0x0000b454       0xc2 c:/program files (x86)/atmel/studio/7.0/toolchain/avr8/avr8-gnu-toolchain/bin/../lib/gcc/avr/5.4.0/../../../../avr/lib/avr6\libm.a(mulsf3x.o)
                0x0000b468                __mulsf3x
                0x0000b46c                __mulsf3_pse
 .text.__cxa_pure_virtual
                0x0000b516        0x4 C:\skole\eux\H3\embaded\Embedded_2\Det_Intelligente_Hus\Det_Intelligente_Hus\ArduinoCore\Debug\libArduinoCore.a(abi.o)
                0x0000b516                __cxa_pure_virtual
 .text._ZN14HardwareSerial9availableEv
                0x0000b51a       0x18 C:\skole\eux\H3\embaded\Embedded_2\Det_Intelligente_Hus\Det_Intelligente_Hus\ArduinoCore\Debug\libArduinoCore.a(HardwareSerial.o)
                0x0000b51a                _ZN14HardwareSerial9availableEv
 .text._ZN14HardwareSerial4peekEv
                0x0000b532       0x1c C:\skole\eux\H3\embaded\Embedded_2\Det_Intelligente_Hus\Det_Intelligente_Hus\ArduinoCore\Debug\libArduinoCore.a(HardwareSerial.o)
                0x0000b532                _ZN14HardwareSerial4peekEv
 .text._ZN14HardwareSerial4readEv
                0x0000b54e       0x28 C:\skole\eux\H3\embaded\Embedded_2\Det_Intelligente_Hus\Det_Intelligente_Hus\ArduinoCore\Debug\libArduinoCore.a(HardwareSerial.o)
                0x0000b54e                _ZN14HardwareSerial4readEv
 .text._ZN14HardwareSerial17availableForWriteEv
                0x0000b576       0x1e C:\skole\eux\H3\embaded\Embedded_2\Det_Intelligente_Hus\Det_Intelligente_Hus\ArduinoCore\Debug\libArduinoCore.a(HardwareSerial.o)
                0x0000b576                _ZN14HardwareSerial17availableForWriteEv
 .text._Z14serialEventRunv
                0x0000b594       0x78 C:\skole\eux\H3\embaded\Embedded_2\Det_Intelligente_Hus\Det_Intelligente_Hus\ArduinoCore\Debug\libArduinoCore.a(HardwareSerial.o)
                0x0000b594                _Z14serialEventRunv
 .text._ZN14HardwareSerial17_tx_udr_empty_irqEv
                0x0000b60c       0x44 C:\skole\eux\H3\embaded\Embedded_2\Det_Intelligente_Hus\Det_Intelligente_Hus\ArduinoCore\Debug\libArduinoCore.a(HardwareSerial.o)
                0x0000b60c                _ZN14HardwareSerial17_tx_udr_empty_irqEv
 .text._ZN14HardwareSerial5writeEh
                0x0000b650       0x98 C:\skole\eux\H3\embaded\Embedded_2\Det_Intelligente_Hus\Det_Intelligente_Hus\ArduinoCore\Debug\libArduinoCore.a(HardwareSerial.o)
                0x0000b650                _ZN14HardwareSerial5writeEh
 .text._ZN14HardwareSerial5flushEv
                0x0000b6e8       0x42 C:\skole\eux\H3\embaded\Embedded_2\Det_Intelligente_Hus\Det_Intelligente_Hus\ArduinoCore\Debug\libArduinoCore.a(HardwareSerial.o)
                0x0000b6e8                _ZN14HardwareSerial5flushEv
 .text._ZN14HardwareSerial5beginEmh
                0x0000b72a       0xc6 C:\skole\eux\H3\embaded\Embedded_2\Det_Intelligente_Hus\Det_Intelligente_Hus\ArduinoCore\Debug\libArduinoCore.a(HardwareSerial.o)
                0x0000b72a                _ZN14HardwareSerial5beginEmh
 .text.__vector_25
                0x0000b7f0       0x6c C:\skole\eux\H3\embaded\Embedded_2\Det_Intelligente_Hus\Det_Intelligente_Hus\ArduinoCore\Debug\libArduinoCore.a(HardwareSerial0.o)
                0x0000b7f0                __vector_25
 .text.__vector_26
                0x0000b85c       0x52 C:\skole\eux\H3\embaded\Embedded_2\Det_Intelligente_Hus\Det_Intelligente_Hus\ArduinoCore\Debug\libArduinoCore.a(HardwareSerial0.o)
                0x0000b85c                __vector_26
 .text._Z17Serial0_availablev
                0x0000b8ae       0x12 C:\skole\eux\H3\embaded\Embedded_2\Det_Intelligente_Hus\Det_Intelligente_Hus\ArduinoCore\Debug\libArduinoCore.a(HardwareSerial0.o)
                0x0000b8ae                _Z17Serial0_availablev
 .text.startup._GLOBAL__sub_I___vector_25
                0x0000b8c0       0x5a C:\skole\eux\H3\embaded\Embedded_2\Det_Intelligente_Hus\Det_Intelligente_Hus\ArduinoCore\Debug\libArduinoCore.a(HardwareSerial0.o)
 .text.initVariant
                0x0000b91a        0x2 C:\skole\eux\H3\embaded\Embedded_2\Det_Intelligente_Hus\Det_Intelligente_Hus\ArduinoCore\Debug\libArduinoCore.a(main.o)
                0x0000b91a                initVariant
 .text.startup.main
                0x0000b91c       0x18 C:\skole\eux\H3\embaded\Embedded_2\Det_Intelligente_Hus\Det_Intelligente_Hus\ArduinoCore\Debug\libArduinoCore.a(main.o)
                0x0000b91c                main
 .text._Znaj    0x0000b934        0x2 C:\skole\eux\H3\embaded\Embedded_2\Det_Intelligente_Hus\Det_Intelligente_Hus\ArduinoCore\Debug\libArduinoCore.a(new.o)
                0x0000b934                _Znaj
 .text._ZdaPv   0x0000b936        0x2 C:\skole\eux\H3\embaded\Embedded_2\Det_Intelligente_Hus\Det_Intelligente_Hus\ArduinoCore\Debug\libArduinoCore.a(new.o)
                0x0000b936                _ZdaPv
 .text._ZN5Print5writeEPKhj
                0x0000b938       0x54 C:\skole\eux\H3\embaded\Embedded_2\Det_Intelligente_Hus\Det_Intelligente_Hus\ArduinoCore\Debug\libArduinoCore.a(Print.o)
                0x0000b938                _ZN5Print5writeEPKhj
 .text._ZN5Print5writeEPKc
                0x0000b98c       0x2a C:\skole\eux\H3\embaded\Embedded_2\Det_Intelligente_Hus\Det_Intelligente_Hus\ArduinoCore\Debug\libArduinoCore.a(Print.o)
                0x0000b98c                _ZN5Print5writeEPKc
 .text._ZN5Print5printEPK19__FlashStringHelper
                0x0000b9b6       0x48 C:\skole\eux\H3\embaded\Embedded_2\Det_Intelligente_Hus\Det_Intelligente_Hus\ArduinoCore\Debug\libArduinoCore.a(Print.o)
                0x0000b9b6                _ZN5Print5printEPK19__FlashStringHelper
 .text._ZN5Print5printEPKc
                0x0000b9fe        0x2 C:\skole\eux\H3\embaded\Embedded_2\Det_Intelligente_Hus\Det_Intelligente_Hus\ArduinoCore\Debug\libArduinoCore.a(Print.o)
                0x0000b9fe                _ZN5Print5printEPKc
 .text._ZN5Print5printEc
                0x0000ba00        0xe C:\skole\eux\H3\embaded\Embedded_2\Det_Intelligente_Hus\Det_Intelligente_Hus\ArduinoCore\Debug\libArduinoCore.a(Print.o)
                0x0000ba00                _ZN5Print5printEc
 .text._ZN5Print7printlnEv
                0x0000ba0e        0x6 C:\skole\eux\H3\embaded\Embedded_2\Det_Intelligente_Hus\Det_Intelligente_Hus\ArduinoCore\Debug\libArduinoCore.a(Print.o)
                0x0000ba0e                _ZN5Print7printlnEv
 .text._ZN5Print7printlnEPK19__FlashStringHelper
                0x0000ba14       0x20 C:\skole\eux\H3\embaded\Embedded_2\Det_Intelligente_Hus\Det_Intelligente_Hus\ArduinoCore\Debug\libArduinoCore.a(Print.o)
                0x0000ba14                _ZN5Print7printlnEPK19__FlashStringHelper
 .text._ZN5Print7printlnEPKc
                0x0000ba34       0x20 C:\skole\eux\H3\embaded\Embedded_2\Det_Intelligente_Hus\Det_Intelligente_Hus\ArduinoCore\Debug\libArduinoCore.a(Print.o)
                0x0000ba34                _ZN5Print7printlnEPKc
 .text._ZN5Print7printlnEc
                0x0000ba54       0x20 C:\skole\eux\H3\embaded\Embedded_2\Det_Intelligente_Hus\Det_Intelligente_Hus\ArduinoCore\Debug\libArduinoCore.a(Print.o)
                0x0000ba54                _ZN5Print7printlnEc
 .text._ZN5Print11printNumberEmh
                0x0000ba74       0x8e C:\skole\eux\H3\embaded\Embedded_2\Det_Intelligente_Hus\Det_Intelligente_Hus\ArduinoCore\Debug\libArduinoCore.a(Print.o)
                0x0000ba74                _ZN5Print11printNumberEmh
 .text._ZN5Print5printEmi
                0x0000bb02       0x18 C:\skole\eux\H3\embaded\Embedded_2\Det_Intelligente_Hus\Det_Intelligente_Hus\ArduinoCore\Debug\libArduinoCore.a(Print.o)
                0x0000bb02                _ZN5Print5printEmi
 .text._ZN5Print5printEji
                0x0000bb1a        0xa C:\skole\eux\H3\embaded\Embedded_2\Det_Intelligente_Hus\Det_Intelligente_Hus\ArduinoCore\Debug\libArduinoCore.a(Print.o)
                0x0000bb1a                _ZN5Print5printEji
 .text._ZN5Print5printEli
                0x0000bb24       0x8a C:\skole\eux\H3\embaded\Embedded_2\Det_Intelligente_Hus\Det_Intelligente_Hus\ArduinoCore\Debug\libArduinoCore.a(Print.o)
                0x0000bb24                _ZN5Print5printEli
 .text._ZN5Print5printEii
                0x0000bbae        0xc C:\skole\eux\H3\embaded\Embedded_2\Det_Intelligente_Hus\Det_Intelligente_Hus\ArduinoCore\Debug\libArduinoCore.a(Print.o)
                0x0000bbae                _ZN5Print5printEii
 .text._ZN5Print7printlnEii
                0x0000bbba       0x20 C:\skole\eux\H3\embaded\Embedded_2\Det_Intelligente_Hus\Det_Intelligente_Hus\ArduinoCore\Debug\libArduinoCore.a(Print.o)
                0x0000bbba                _ZN5Print7printlnEii
 .text._ZN5Print10printFloatEdh
                0x0000bbda      0x18e C:\skole\eux\H3\embaded\Embedded_2\Det_Intelligente_Hus\Det_Intelligente_Hus\ArduinoCore\Debug\libArduinoCore.a(Print.o)
                0x0000bbda                _ZN5Print10printFloatEdh
 .text._ZN5Print5printEdi
                0x0000bd68        0x2 C:\skole\eux\H3\embaded\Embedded_2\Det_Intelligente_Hus\Det_Intelligente_Hus\ArduinoCore\Debug\libArduinoCore.a(Print.o)
                0x0000bd68                _ZN5Print5printEdi
 .text.__vector_23
                0x0000bd6a       0x94 C:\skole\eux\H3\embaded\Embedded_2\Det_Intelligente_Hus\Det_Intelligente_Hus\ArduinoCore\Debug\libArduinoCore.a(wiring.o)
                0x0000bd6a                __vector_23
 .text.millis   0x0000bdfe       0x18 C:\skole\eux\H3\embaded\Embedded_2\Det_Intelligente_Hus\Det_Intelligente_Hus\ArduinoCore\Debug\libArduinoCore.a(wiring.o)
                0x0000bdfe                millis
 .text.micros   0x0000be16       0x4a C:\skole\eux\H3\embaded\Embedded_2\Det_Intelligente_Hus\Det_Intelligente_Hus\ArduinoCore\Debug\libArduinoCore.a(wiring.o)
                0x0000be16                micros
 .text.delay    0x0000be60       0x72 C:\skole\eux\H3\embaded\Embedded_2\Det_Intelligente_Hus\Det_Intelligente_Hus\ArduinoCore\Debug\libArduinoCore.a(wiring.o)
                0x0000be60                delay
 .text.delayMicroseconds
                0x0000bed2       0x16 C:\skole\eux\H3\embaded\Embedded_2\Det_Intelligente_Hus\Det_Intelligente_Hus\ArduinoCore\Debug\libArduinoCore.a(wiring.o)
                0x0000bed2                delayMicroseconds
 .text.init     0x0000bee8       0xc4 C:\skole\eux\H3\embaded\Embedded_2\Det_Intelligente_Hus\Det_Intelligente_Hus\ArduinoCore\Debug\libArduinoCore.a(wiring.o)
                0x0000bee8                init
 .text.analogRead
                0x0000bfac       0x4a C:\skole\eux\H3\embaded\Embedded_2\Det_Intelligente_Hus\Det_Intelligente_Hus\ArduinoCore\Debug\libArduinoCore.a(wiring_analog.o)
                0x0000bfac                analogRead
 .text.analogWrite
                0x0000bff6      0x18c C:\skole\eux\H3\embaded\Embedded_2\Det_Intelligente_Hus\Det_Intelligente_Hus\ArduinoCore\Debug\libArduinoCore.a(wiring_analog.o)
                0x0000bff6                analogWrite
 .text.turnOffPWM
                0x0000c182       0xaa C:\skole\eux\H3\embaded\Embedded_2\Det_Intelligente_Hus\Det_Intelligente_Hus\ArduinoCore\Debug\libArduinoCore.a(wiring_digital.o)
 .text.pinMode  0x0000c22c       0x78 C:\skole\eux\H3\embaded\Embedded_2\Det_Intelligente_Hus\Det_Intelligente_Hus\ArduinoCore\Debug\libArduinoCore.a(wiring_digital.o)
                0x0000c22c                pinMode
 .text.digitalWrite
                0x0000c2a4       0x5c C:\skole\eux\H3\embaded\Embedded_2\Det_Intelligente_Hus\Det_Intelligente_Hus\ArduinoCore\Debug\libArduinoCore.a(wiring_digital.o)
                0x0000c2a4                digitalWrite
 .text.digitalRead
                0x0000c300       0x50 C:\skole\eux\H3\embaded\Embedded_2\Det_Intelligente_Hus\Det_Intelligente_Hus\ArduinoCore\Debug\libArduinoCore.a(wiring_digital.o)
                0x0000c300                digitalRead
 .text.pulseIn  0x0000c350       0x64 C:\skole\eux\H3\embaded\Embedded_2\Det_Intelligente_Hus\Det_Intelligente_Hus\ArduinoCore\Debug\libArduinoCore.a(wiring_pulse.o)
                0x0000c350                pulseIn
 .text._Z3maplllll
                0x0000c3b4       0x7e C:\skole\eux\H3\embaded\Embedded_2\Det_Intelligente_Hus\Det_Intelligente_Hus\ArduinoCore\Debug\libArduinoCore.a(WMath.o)
                0x0000c3b4                _Z3maplllll
 .text._ZN6StringD2Ev
                0x0000c432        0xe C:\skole\eux\H3\embaded\Embedded_2\Det_Intelligente_Hus\Det_Intelligente_Hus\ArduinoCore\Debug\libArduinoCore.a(WString.o)
                0x0000c432                _ZN6StringD2Ev
                0x0000c432                _ZN6StringD1Ev
 .text._ZN6String10invalidateEv
                0x0000c440       0x22 C:\skole\eux\H3\embaded\Embedded_2\Det_Intelligente_Hus\Det_Intelligente_Hus\ArduinoCore\Debug\libArduinoCore.a(WString.o)
                0x0000c440                _ZN6String10invalidateEv
 .text._ZN6String12changeBufferEj
                0x0000c462       0x32 C:\skole\eux\H3\embaded\Embedded_2\Det_Intelligente_Hus\Det_Intelligente_Hus\ArduinoCore\Debug\libArduinoCore.a(WString.o)
                0x0000c462                _ZN6String12changeBufferEj
 .text._ZN6String7reserveEj
                0x0000c494       0x36 C:\skole\eux\H3\embaded\Embedded_2\Det_Intelligente_Hus\Det_Intelligente_Hus\ArduinoCore\Debug\libArduinoCore.a(WString.o)
                0x0000c494                _ZN6String7reserveEj
 .text._ZN6String4copyEPKcj
                0x0000c4ca       0x3c C:\skole\eux\H3\embaded\Embedded_2\Det_Intelligente_Hus\Det_Intelligente_Hus\ArduinoCore\Debug\libArduinoCore.a(WString.o)
                0x0000c4ca                _ZN6String4copyEPKcj
 .text._ZN6StringC2EPKc
                0x0000c506       0x28 C:\skole\eux\H3\embaded\Embedded_2\Det_Intelligente_Hus\Det_Intelligente_Hus\ArduinoCore\Debug\libArduinoCore.a(WString.o)
                0x0000c506                _ZN6StringC2EPKc
                0x0000c506                _ZN6StringC1EPKc
 .text._ZN6StringaSERKS_
                0x0000c52e       0x2a C:\skole\eux\H3\embaded\Embedded_2\Det_Intelligente_Hus\Det_Intelligente_Hus\ArduinoCore\Debug\libArduinoCore.a(WString.o)
                0x0000c52e                _ZN6StringaSERKS_
 .text._ZN6StringC2ERKS_
                0x0000c558       0x10 C:\skole\eux\H3\embaded\Embedded_2\Det_Intelligente_Hus\Det_Intelligente_Hus\ArduinoCore\Debug\libArduinoCore.a(WString.o)
                0x0000c558                _ZN6StringC2ERKS_
                0x0000c558                _ZN6StringC1ERKS_
 .text._ZN6StringaSEPKc
                0x0000c568       0x2a C:\skole\eux\H3\embaded\Embedded_2\Det_Intelligente_Hus\Det_Intelligente_Hus\ArduinoCore\Debug\libArduinoCore.a(WString.o)
                0x0000c568                _ZN6StringaSEPKc
 .text._ZN6StringC2Ehh
                0x0000c592       0x56 C:\skole\eux\H3\embaded\Embedded_2\Det_Intelligente_Hus\Det_Intelligente_Hus\ArduinoCore\Debug\libArduinoCore.a(WString.o)
                0x0000c592                _ZN6StringC2Ehh
                0x0000c592                _ZN6StringC1Ehh
 .text._ZN6String6concatEPKcj
                0x0000c5e8       0x58 C:\skole\eux\H3\embaded\Embedded_2\Det_Intelligente_Hus\Det_Intelligente_Hus\ArduinoCore\Debug\libArduinoCore.a(WString.o)
                0x0000c5e8                _ZN6String6concatEPKcj
 .text._ZN6String6concatERKS_
                0x0000c640        0xc C:\skole\eux\H3\embaded\Embedded_2\Det_Intelligente_Hus\Det_Intelligente_Hus\ArduinoCore\Debug\libArduinoCore.a(WString.o)
                0x0000c640                _ZN6String6concatERKS_
 .text._ZN6String6concatEPKc
                0x0000c64c       0x1c C:\skole\eux\H3\embaded\Embedded_2\Det_Intelligente_Hus\Det_Intelligente_Hus\ArduinoCore\Debug\libArduinoCore.a(WString.o)
                0x0000c64c                _ZN6String6concatEPKc
 .text._ZNK6String9compareToERKS_
                0x0000c668       0x5e C:\skole\eux\H3\embaded\Embedded_2\Det_Intelligente_Hus\Det_Intelligente_Hus\ArduinoCore\Debug\libArduinoCore.a(WString.o)
                0x0000c668                _ZNK6String9compareToERKS_
 .text._ZNK6String6equalsERKS_
                0x0000c6c6       0x20 C:\skole\eux\H3\embaded\Embedded_2\Det_Intelligente_Hus\Det_Intelligente_Hus\ArduinoCore\Debug\libArduinoCore.a(WString.o)
                0x0000c6c6                _ZNK6String6equalsERKS_
 .text._ZN6String11toUpperCaseEv
                0x0000c6e6       0x22 C:\skole\eux\H3\embaded\Embedded_2\Det_Intelligente_Hus\Det_Intelligente_Hus\ArduinoCore\Debug\libArduinoCore.a(WString.o)
                0x0000c6e6                _ZN6String11toUpperCaseEv
 .text.__empty  0x0000c708        0x2 C:\skole\eux\H3\embaded\Embedded_2\Det_Intelligente_Hus\Det_Intelligente_Hus\ArduinoCore\Debug\libArduinoCore.a(hooks.o)
                0x0000c708                yield
 .text.avr-libc.fplib
                0x0000c70a        0xa c:/program files (x86)/atmel/studio/7.0/toolchain/avr8/avr8-gnu-toolchain/bin/../lib/gcc/avr/5.4.0/../../../../avr/lib/avr6\libm.a(unordsf2.o)
                0x0000c70a                __unordsf2
 .text.libgcc.mul
                0x0000c714       0x1e c:/program files (x86)/atmel/studio/7.0/toolchain/avr8/avr8-gnu-toolchain/bin/../lib/gcc/avr/5.4.0/avr6\libgcc.a(_mulsi3.o)
                0x0000c714                __mulsi3
 .text.libgcc.div
                0x0000c732       0x44 c:/program files (x86)/atmel/studio/7.0/toolchain/avr8/avr8-gnu-toolchain/bin/../lib/gcc/avr/5.4.0/avr6\libgcc.a(_udivmodsi4.o)
                0x0000c732                __udivmodsi4
 .text.libgcc.div
                0x0000c776       0x28 c:/program files (x86)/atmel/studio/7.0/toolchain/avr8/avr8-gnu-toolchain/bin/../lib/gcc/avr/5.4.0/avr6\libgcc.a(_divmodsi4.o)
                0x0000c776                __divmodsi4
 .text.libgcc.div
                0x0000c79e       0x10 c:/program files (x86)/atmel/studio/7.0/toolchain/avr8/avr8-gnu-toolchain/bin/../lib/gcc/avr/5.4.0/avr6\libgcc.a(_negsi2.o)
                0x0000c79e                __negsi2
 .text.libgcc   0x0000c7ae       0x10 c:/program files (x86)/atmel/studio/7.0/toolchain/avr8/avr8-gnu-toolchain/bin/../lib/gcc/avr/5.4.0/avr6\libgcc.a(_tablejump2.o)
                0x0000c7ae                __tablejump2__
 .text.libgcc.mul
                0x0000c7be       0x1e c:/program files (x86)/atmel/studio/7.0/toolchain/avr8/avr8-gnu-toolchain/bin/../lib/gcc/avr/5.4.0/avr6\libgcc.a(_umulhisi3.o)
                0x0000c7be                __umulhisi3
 .text.libgcc.mul
                0x0000c7dc       0x14 c:/program files (x86)/atmel/studio/7.0/toolchain/avr8/avr8-gnu-toolchain/bin/../lib/gcc/avr/5.4.0/avr6\libgcc.a(_muluhisi3.o)
                0x0000c7dc                __muluhisi3
 .text.avr-libc
                0x0000c7f0      0x242 c:/program files (x86)/atmel/studio/7.0/toolchain/avr8/avr8-gnu-toolchain/bin/../lib/gcc/avr/5.4.0/../../../../avr/lib/avr6\libc.a(malloc.o)
                0x0000c7f0                malloc
                0x0000c920                free
 .text.avr-libc
                0x0000ca32      0x1c0 c:/program files (x86)/atmel/studio/7.0/toolchain/avr8/avr8-gnu-toolchain/bin/../lib/gcc/avr/5.4.0/../../../../avr/lib/avr6\libc.a(realloc.o)
                0x0000ca32                realloc
 .text.avr-libc
                0x0000cbf2        0x8 c:/program files (x86)/atmel/studio/7.0/toolchain/avr8/avr8-gnu-toolchain/bin/../lib/gcc/avr/5.4.0/../../../../avr/lib/avr6\libc.a(abort.o)
                0x0000cbf2                abort
 .text.avr-libc
                0x0000cbfa       0x10 c:/program files (x86)/atmel/studio/7.0/toolchain/avr8/avr8-gnu-toolchain/bin/../lib/gcc/avr/5.4.0/../../../../avr/lib/avr6\libc.a(toupper.o)
                0x0000cbfa                toupper
 .text.avr-libc
                0x0000cc0a       0x12 c:/program files (x86)/atmel/studio/7.0/toolchain/avr8/avr8-gnu-toolchain/bin/../lib/gcc/avr/5.4.0/../../../../avr/lib/avr6\libc.a(memcpy.o)
                0x0000cc0a                memcpy
 .text.avr-libc
                0x0000cc1c        0xe c:/program files (x86)/atmel/studio/7.0/toolchain/avr8/avr8-gnu-toolchain/bin/../lib/gcc/avr/5.4.0/../../../../avr/lib/avr6\libc.a(memset.o)
                0x0000cc1c                memset
 .text.avr-libc
                0x0000cc2a       0x12 c:/program files (x86)/atmel/studio/7.0/toolchain/avr8/avr8-gnu-toolchain/bin/../lib/gcc/avr/5.4.0/../../../../avr/lib/avr6\libc.a(strcmp.o)
                0x0000cc2a                strcmp
 .text.avr-libc
                0x0000cc3c        0xe c:/program files (x86)/atmel/studio/7.0/toolchain/avr8/avr8-gnu-toolchain/bin/../lib/gcc/avr/5.4.0/../../../../avr/lib/avr6\libc.a(strcpy.o)
                0x0000cc3c                strcpy
 .text.avr-libc
                0x0000cc4a       0x14 c:/program files (x86)/atmel/studio/7.0/toolchain/avr8/avr8-gnu-toolchain/bin/../lib/gcc/avr/5.4.0/../../../../avr/lib/avr6\libc.a(utoa.o)
                0x0000cc4a                __utoa
                0x0000cc4a                utoa
 .text.avr-libc
                0x0000cc5e       0x32 c:/program files (x86)/atmel/studio/7.0/toolchain/avr8/avr8-gnu-toolchain/bin/../lib/gcc/avr/5.4.0/../../../../avr/lib/avr6\libc.a(utoa_ncheck.o)
                0x0000cc5e                __utoa_ncheck
                0x0000cc60                __utoa_common
 .text.avr-libc
                0x0000cc90       0x20 c:/program files (x86)/atmel/studio/7.0/toolchain/avr8/avr8-gnu-toolchain/bin/../lib/gcc/avr/5.4.0/../../../../avr/lib/avr6\libc.a(strrev.o)
                0x0000cc90                strrev
                0x0000ccb0                . = ALIGN (0x2)
 *(.fini9)
 .fini9         0x0000ccb0        0x0 c:/program files (x86)/atmel/studio/7.0/toolchain/avr8/avr8-gnu-toolchain/bin/../lib/gcc/avr/5.4.0/avr6\libgcc.a(_exit.o)
                0x0000ccb0                _exit
                0x0000ccb0                exit
 *(.fini9)
 *(.fini8)
 *(.fini8)
 *(.fini7)
 *(.fini7)
 *(.fini6)
 .fini6         0x0000ccb0       0x1e c:/program files (x86)/atmel/studio/7.0/toolchain/avr8/avr8-gnu-toolchain/bin/../lib/gcc/avr/5.4.0/avr6\libgcc.a(_dtors.o)
                0x0000ccb0                __do_global_dtors
 *(.fini6)
 *(.fini5)
 *(.fini5)
 *(.fini4)
 *(.fini4)
 *(.fini3)
 *(.fini3)
 *(.fini2)
 *(.fini2)
 *(.fini1)
 *(.fini1)
 *(.fini0)
 .fini0         0x0000ccce        0x4 c:/program files (x86)/atmel/studio/7.0/toolchain/avr8/avr8-gnu-toolchain/bin/../lib/gcc/avr/5.4.0/avr6\libgcc.a(_exit.o)
 *(.fini0)
                0x0000ccd2                _etext = .

.data           0x00800200      0x166 load address 0x0000ccd2
                0x00800200                PROVIDE (__data_start, .)
 *(.data)
 .data          0x00800200        0x6 c:/program files (x86)/atmel/studio/7.0/toolchain/avr8/avr8-gnu-toolchain/bin/../lib/gcc/avr/5.4.0/../../../../avr/lib/avr6\libc.a(malloc.o)
                0x00800200                __malloc_heap_end
                0x00800202                __malloc_heap_start
                0x00800204                __malloc_margin
 *(.data*)
 .data.SetNumber
                0x00800206        0x4 DHT11/DHT11.o
                0x00800206                SetNumber
 .data.Hysterese
                0x0080020a        0x4 DHT11/DHT11.o
                0x0080020a                Hysterese
 .data.rs       0x0080020e        0x2 LCD/LCD.o
                0x0080020e                rs
 .data.en       0x00800210        0x2 LCD/LCD.o
                0x00800210                en
 .data.d4       0x00800212        0x2 LCD/LCD.o
                0x00800212                d4
 .data.d5       0x00800214        0x2 LCD/LCD.o
                0x00800214                d5
 .data.d6       0x00800216        0x2 LCD/LCD.o
                0x00800216                d6
 .data.d7       0x00800218        0x2 LCD/LCD.o
                0x00800218                d7
 .data.intervalDate
                0x0080021a        0x4 Main.o
                0x0080021a                intervalDate
 .data.intervalwelcome
                0x0080021e        0x4 Main.o
                0x0080021e                intervalwelcome
 .data.keys     0x00800222       0x10 Menu/Menu.o
                0x00800222                keys
 .data.rowPins  0x00800232        0x4 Menu/Menu.o
                0x00800232                rowPins
 .data.colPins  0x00800236        0x4 Menu/Menu.o
                0x00800236                colPins
 .data.moter    0x0080023a        0x2 Moters/FanMoter.o
                0x0080023a                moter
 .data.val      0x0080023c        0x2 Servos/Servos.o
                0x0080023c                val
 .data.analog_reference
                0x0080023e        0x1 C:\skole\eux\H3\embaded\Embedded_2\Det_Intelligente_Hus\Det_Intelligente_Hus\ArduinoCore\Debug\libArduinoCore.a(wiring_analog.o)
                0x0080023e                analog_reference
 *(.gnu.linkonce.d*)
 *(.rodata)
 .rodata        0x0080023f        0x7 LCD/LCD.o
 .rodata        0x00800246       0x27 Menu/Menu.o
 .rodata        0x0080026d       0x2e NFC/KeyCardAccess.o
 .rodata        0x0080029b        0x2 TimeAndDate/TimeAndDate.o
 *(.rodata*)
 .rodata._ZTV12Adafruit_GFX
                0x0080029d       0x2c src/libraries/Adafruit_GFX_Library/Adafruit_GFX.o
                0x0080029d                _ZTV12Adafruit_GFX
 .rodata._ZTV16Adafruit_SSD1306
                0x008002c9       0x2c src/libraries/Adafruit_SSD1306/Adafruit_SSD1306.o
                0x008002c9                _ZTV16Adafruit_SSD1306
 .rodata._ZTV6Keypad
                0x008002f5        0xa src/libraries/Keypad/src/Keypad.o
                0x008002f5                _ZTV6Keypad
 .rodata._ZTV13LiquidCrystal
                0x008002ff        0xc src/libraries/LiquidCrystal/src/LiquidCrystal.o
                0x008002ff                _ZTV13LiquidCrystal
 .rodata._ZTV7MFRC522
                0x0080030b        0xa src/libraries/MFRC522/src/MFRC522.o
                0x0080030b                _ZTV7MFRC522
 .rodata._ZTV7TwoWire
                0x00800315       0x12 src/libraries/Wire/src/Wire.o
                0x00800315                _ZTV7TwoWire
 .rodata._ZTV6Stream
                0x00800327       0x12 src/libraries/Wire/src/Wire.o
                0x00800327                _ZTV6Stream
 .rodata._ZTV14HardwareSerial
                0x00800339       0x12 C:\skole\eux\H3\embaded\Embedded_2\Det_Intelligente_Hus\Det_Intelligente_Hus\ArduinoCore\Debug\libArduinoCore.a(HardwareSerial.o)
                0x00800339                _ZTV14HardwareSerial
 .rodata.str1.1
                0x0080034b        0xf C:\skole\eux\H3\embaded\Embedded_2\Det_Intelligente_Hus\Det_Intelligente_Hus\ArduinoCore\Debug\libArduinoCore.a(Print.o)
 .rodata._ZTV5Print
                0x0080035a        0xc C:\skole\eux\H3\embaded\Embedded_2\Det_Intelligente_Hus\Det_Intelligente_Hus\ArduinoCore\Debug\libArduinoCore.a(Print.o)
                0x0080035a                _ZTV5Print
 *(.gnu.linkonce.r*)
                0x00800366                . = ALIGN (0x2)
                0x00800366                _edata = .
                0x00800366                PROVIDE (__data_end, .)

.bss            0x00800366      0x315
                0x00800366                PROVIDE (__bss_start, .)
 *(.bss)
 *(.bss*)
 .bss.dht       0x00800366       0x13 DHT11/DHT11.o
                0x00800366                dht
 .bss.hc        0x00800379        0x6 HC-SR04/HC-SR04.o
                0x00800379                hc
 .bss.lcd       0x0080037f       0x18 LCD/LCD.o
                0x0080037f                lcd
 .bss.R_brightness
                0x00800397        0x2 Light/Light.o
                0x00800397                R_brightness
 .bss.G_brightness
                0x00800399        0x2 Light/Light.o
                0x00800399                G_brightness
 .bss.B_brightness
                0x0080039b        0x2 Light/Light.o
                0x0080039b                B_brightness
 .bss.Keycard   0x0080039d        0x1 Main.o
                0x0080039d                Keycard
 .bss.TimeAndDate
                0x0080039e        0x1 Main.o
                0x0080039e                TimeAndDate
 .bss.previousMillis
                0x0080039f        0x4 Main.o
                0x0080039f                previousMillis
 .bss.clock     0x008003a3        0xc Main.o
                0x008003a3                clock
 .bss.display   0x008003af       0x40 Menu/Menu.o
                0x008003af                display
 .bss.keypad    0x008003ef       0x64 Menu/Menu.o
                0x008003ef                keypad
 .bss.mfrc522   0x00800453       0x10 NFC/KeyCardAccess.o
                0x00800453                mfrc522
 .bss.myservo   0x00800463        0x3 Servos/Servos.o
                0x00800463                myservo
 .bss._ZL6servos
                0x00800466       0x90 src/libraries/Servo/src/avr/Servo.o
 .bss._ZL7Channel
                0x008004f6        0x4 src/libraries/Servo/src/avr/Servo.o
 .bss.ServoCount
                0x008004fa        0x1 src/libraries/Servo/src/avr/Servo.o
                0x008004fa                ServoCount
 .bss._ZN8SPIClass11initializedE
                0x008004fb        0x1 src/libraries/SPI/src/SPI.o
                0x008004fb                _ZN8SPIClass11initializedE
 .bss._ZN8SPIClass13interruptModeE
                0x008004fc        0x1 src/libraries/SPI/src/SPI.o
                0x008004fc                _ZN8SPIClass13interruptModeE
 .bss._ZN8SPIClass13interruptMaskE
                0x008004fd        0x1 src/libraries/SPI/src/SPI.o
                0x008004fd                _ZN8SPIClass13interruptMaskE
 .bss._ZN8SPIClass13interruptSaveE
                0x008004fe        0x1 src/libraries/SPI/src/SPI.o
                0x008004fe                _ZN8SPIClass13interruptSaveE
 .bss.Timer1    0x008004ff        0x1 src/libraries/TimerOne/TimerOne.o
                0x008004ff                Timer1
 .bss._ZN8TimerOne9pwmPeriodE
                0x00800500        0x2 src/libraries/TimerOne/TimerOne.o
                0x00800500                _ZN8TimerOne9pwmPeriodE
 .bss._ZN8TimerOne15clockSelectBitsE
                0x00800502        0x1 src/libraries/TimerOne/TimerOne.o
                0x00800502                _ZN8TimerOne15clockSelectBitsE
 .bss._ZN8TimerOne11isrCallbackE
                0x00800503        0x2 src/libraries/TimerOne/TimerOne.o
                0x00800503                _ZN8TimerOne11isrCallbackE
 .bss._ZN10TimerThree11isrCallbackE
                0x00800505        0x2 src/libraries/TimerThree/TimerThree.o
                0x00800505                _ZN10TimerThree11isrCallbackE
 .bss.twi_error
                0x00800507        0x1 src/libraries/Wire/src/utility/twi.o
 .bss.twi_rxBufferIndex
                0x00800508        0x1 src/libraries/Wire/src/utility/twi.o
 .bss.twi_rxBuffer
                0x00800509       0x20 src/libraries/Wire/src/utility/twi.o
 .bss.twi_txBufferLength
                0x00800529        0x1 src/libraries/Wire/src/utility/twi.o
 .bss.twi_txBufferIndex
                0x0080052a        0x1 src/libraries/Wire/src/utility/twi.o
 .bss.twi_txBuffer
                0x0080052b       0x20 src/libraries/Wire/src/utility/twi.o
 .bss.twi_masterBufferLength
                0x0080054b        0x1 src/libraries/Wire/src/utility/twi.o
 .bss.twi_masterBufferIndex
                0x0080054c        0x1 src/libraries/Wire/src/utility/twi.o
 .bss.twi_masterBuffer
                0x0080054d       0x20 src/libraries/Wire/src/utility/twi.o
 .bss.twi_onSlaveReceive
                0x0080056d        0x2 src/libraries/Wire/src/utility/twi.o
 .bss.twi_onSlaveTransmit
                0x0080056f        0x2 src/libraries/Wire/src/utility/twi.o
 .bss.twi_do_reset_on_timeout
                0x00800571        0x1 src/libraries/Wire/src/utility/twi.o
 .bss.twi_timed_out_flag
                0x00800572        0x1 src/libraries/Wire/src/utility/twi.o
 .bss.twi_timeout_us
                0x00800573        0x4 src/libraries/Wire/src/utility/twi.o
 .bss.twi_inRepStart
                0x00800577        0x1 src/libraries/Wire/src/utility/twi.o
 .bss.twi_sendStop
                0x00800578        0x1 src/libraries/Wire/src/utility/twi.o
 .bss.twi_slarw
                0x00800579        0x1 src/libraries/Wire/src/utility/twi.o
 .bss.twi_state
                0x0080057a        0x1 src/libraries/Wire/src/utility/twi.o
 .bss._ZN7TwoWire8rxBufferE
                0x0080057b       0x20 src/libraries/Wire/src/Wire.o
                0x0080057b                _ZN7TwoWire8rxBufferE
 .bss._ZN7TwoWire13rxBufferIndexE
                0x0080059b        0x1 src/libraries/Wire/src/Wire.o
                0x0080059b                _ZN7TwoWire13rxBufferIndexE
 .bss._ZN7TwoWire14rxBufferLengthE
                0x0080059c        0x1 src/libraries/Wire/src/Wire.o
                0x0080059c                _ZN7TwoWire14rxBufferLengthE
 .bss._ZN7TwoWire9txAddressE
                0x0080059d        0x1 src/libraries/Wire/src/Wire.o
                0x0080059d                _ZN7TwoWire9txAddressE
 .bss._ZN7TwoWire8txBufferE
                0x0080059e       0x20 src/libraries/Wire/src/Wire.o
                0x0080059e                _ZN7TwoWire8txBufferE
 .bss._ZN7TwoWire13txBufferIndexE
                0x008005be        0x1 src/libraries/Wire/src/Wire.o
                0x008005be                _ZN7TwoWire13txBufferIndexE
 .bss._ZN7TwoWire14txBufferLengthE
                0x008005bf        0x1 src/libraries/Wire/src/Wire.o
                0x008005bf                _ZN7TwoWire14txBufferLengthE
 .bss._ZN7TwoWire12transmittingE
                0x008005c0        0x1 src/libraries/Wire/src/Wire.o
                0x008005c0                _ZN7TwoWire12transmittingE
 .bss._ZN7TwoWire14user_onRequestE
                0x008005c1        0x2 src/libraries/Wire/src/Wire.o
                0x008005c1                _ZN7TwoWire14user_onRequestE
 .bss._ZN7TwoWire14user_onReceiveE
                0x008005c3        0x2 src/libraries/Wire/src/Wire.o
                0x008005c3                _ZN7TwoWire14user_onReceiveE
 .bss.Wire      0x008005c5        0xc src/libraries/Wire/src/Wire.o
                0x008005c5                Wire
 .bss.Serial    0x008005d1       0x9d C:\skole\eux\H3\embaded\Embedded_2\Det_Intelligente_Hus\Det_Intelligente_Hus\ArduinoCore\Debug\libArduinoCore.a(HardwareSerial0.o)
                0x008005d1                Serial
 .bss.timer0_fract
                0x0080066e        0x1 C:\skole\eux\H3\embaded\Embedded_2\Det_Intelligente_Hus\Det_Intelligente_Hus\ArduinoCore\Debug\libArduinoCore.a(wiring.o)
 .bss.timer0_millis
                0x0080066f        0x4 C:\skole\eux\H3\embaded\Embedded_2\Det_Intelligente_Hus\Det_Intelligente_Hus\ArduinoCore\Debug\libArduinoCore.a(wiring.o)
                0x0080066f                timer0_millis
 .bss.timer0_overflow_count
                0x00800673        0x4 C:\skole\eux\H3\embaded\Embedded_2\Det_Intelligente_Hus\Det_Intelligente_Hus\ArduinoCore\Debug\libArduinoCore.a(wiring.o)
                0x00800673                timer0_overflow_count
 *(COMMON)
 COMMON         0x00800677        0x4 c:/program files (x86)/atmel/studio/7.0/toolchain/avr8/avr8-gnu-toolchain/bin/../lib/gcc/avr/5.4.0/../../../../avr/lib/avr6\libc.a(malloc.o)
                0x00800677                __brkval
                0x00800679                __flp
                0x0080067b                PROVIDE (__bss_end, .)
                0x0000ccd2                __data_load_start = LOADADDR (.data)
                0x0000ce38                __data_load_end = (__data_load_start + SIZEOF (.data))

.noinit         0x0080067b        0x0
                [!provide]                PROVIDE (__noinit_start, .)
 *(.noinit*)
                [!provide]                PROVIDE (__noinit_end, .)
                0x0080067b                _end = .
                0x0080067b                PROVIDE (__heap_start, .)

.eeprom         0x00810000        0x0
 *(.eeprom*)